#
# There is insufficient memory for the Java Runtime Environment to continue.
# Native memory allocation (malloc) failed to allocate 1048576 bytes. Error detail: AllocateHeap
# Possible reasons:
#   The system is out of physical RAM or swap space
#   This process is running with CompressedOops enabled, and the Java Heap may be blocking the growth of the native heap
# Possible solutions:
#   Reduce memory load on the system
#   Increase physical memory or swap space
#   Check if swap backing store is full
#   Decrease Java heap size (-Xmx/-Xms)
#   Decrease number of Java threads
#   Decrease Java thread stack sizes (-Xss)
#   Set larger code cache with -XX:ReservedCodeCacheSize=
#   JVM is running with Unscaled Compressed Oops mode in which the Java heap is
#     placed in the first 4GB address space. The Java Heap base address is the
#     maximum limit for the native heap growth. Please use -XX:HeapBaseMinAddress
#     to set the Java Heap base and to place the Java Heap above 4GB virtual address.
# This output file may be truncated or incomplete.
#
#  Out of Memory Error (allocation.cpp:44), pid=13876, tid=19780
#
# JRE version: OpenJDK Runtime Environment Temurin-21.0.10+7 (21.0.10+7) (build 21.0.10+7-LTS)
# Java VM: OpenJDK 64-Bit Server VM Temurin-21.0.10+7 (21.0.10+7-LTS, mixed mode, sharing, tiered, compressed oops, compressed class ptrs, parallel gc, windows-amd64)
# No core dump will be written. Minidumps are not enabled by default on client versions of Windows
#

---------------  S U M M A R Y ------------

Command Line: --add-modules=ALL-SYSTEM --add-opens=java.base/java.util=ALL-UNNAMED --add-opens=java.base/java.lang=ALL-UNNAMED --add-opens=java.base/sun.nio.fs=ALL-UNNAMED -Declipse.application=org.eclipse.jdt.ls.core.id1 -Dosgi.bundles.defaultStartLevel=4 -Declipse.product=org.eclipse.jdt.ls.core.product -Djava.import.generatesMetadataFilesAtProjectRoot=false -DDetectVMInstallationsJob.disabled=true -Dfile.encoding=utf8 -XX:+UseParallelGC -XX:GCTimeRatio=4 -XX:AdaptiveSizePolicyWeight=90 -Dsun.zip.disableMemoryMapping=true -Xmx2G -Xms100m -Xlog:disable -javaagent:c:\Users\aniln\.vscode\extensions\redhat.java-1.54.0-win32-x64\lombok\lombok-1.18.39-4050.jar -XX:+HeapDumpOnOutOfMemoryError -XX:HeapDumpPath=c:\Users\aniln\AppData\Roaming\Code\User\workspaceStorage\7954bd387919e1a047c35d73d9d45c86\redhat.java -Daether.dependencyCollector.impl=bf c:\Users\aniln\.vscode\extensions\redhat.java-1.54.0-win32-x64\server\plugins\org.eclipse.equinox.launcher_1.7.100.v20251111-0406.jar -configuration c:\Users\aniln\AppData\Roaming\Code\User\globalStorage\redhat.java\1.54.0\config_win -data c:\Users\aniln\AppData\Roaming\Code\User\workspaceStorage\7954bd387919e1a047c35d73d9d45c86\redhat.java\jdt_ws --pipe=\\.\pipe\lsp-90d7593f379c7bc9f61f6bca14f9821f-sock

Host: 11th Gen Intel(R) Core(TM) i5-1135G7 @ 2.40GHz, 8 cores, 7G,  Windows 11 , 64 bit Build 26100 (10.0.26100.8521)
Time: Wed Jun 24 14:14:10 2026 India Standard Time elapsed time: 9348.548262 seconds (0d 2h 35m 48s)

---------------  T H R E A D  ---------------

Current thread (0x000001cd97dcc7c0):  JavaThread "Attach Listener" daemon [_thread_in_vm, id=19780, stack(0x000000501bb00000,0x000000501bc00000) (1024K)]

Stack: [0x000000501bb00000,0x000000501bc00000]
Native frames: (J=compiled Java code, j=interpreted, Vv=VM code, C=native code)
V  [jvm.dll+0x6d7a39]
V  [jvm.dll+0x8b4b26]
V  [jvm.dll+0x8b70de]
V  [jvm.dll+0x8b77c3]
V  [jvm.dll+0x284346]
V  [jvm.dll+0xc1277]
V  [jvm.dll+0x6d82e9]
V  [jvm.dll+0x1334a6]
V  [jvm.dll+0x3f857e]
V  [jvm.dll+0x85f59d]
V  [jvm.dll+0x6d626d]
C  [ucrtbase.dll+0x2cd30]
C  [KERNEL32.DLL+0x2e957]
C  [ntdll.dll+0x87c1c]


---------------  P R O C E S S  ---------------

Threads class SMR info:
_java_thread_list=0x000001cdebce9730, length=41, elements={
0x000001cdffdd18d0, 0x000001cd97dbed20, 0x000001cd97dc1860, 0x000001cd97dc99d0,
0x000001cd97dcc7c0, 0x000001cd97dcd220, 0x000001cd97dd2cb0, 0x000001cd97dfbc30,
0x000001cdda880110, 0x000001cddaa70870, 0x000001cdda98b6d0, 0x000001cddf7b5fe0,
0x000001cddf7ed350, 0x000001cddac0d430, 0x000001cddf7ecca0, 0x000001cddf4ebc80,
0x000001cddf3fec40, 0x000001cddfa492b0, 0x000001cddf4b5110, 0x000001cddf4b36d0,
0x000001cddf4b2320, 0x000001cddf4b1c90, 0x000001cde266f490, 0x000001cde2670ed0,
0x000001cde26701b0, 0x000001cde2670840, 0x000001cde266fb20, 0x000001cde2671560,
0x000001cde266e0e0, 0x000001cde266e770, 0x000001cde2672280, 0x000001cde2673cc0,
0x000001cde2671bf0, 0x000001cde2675700, 0x000001cddf911580, 0x000001cddf913650,
0x000001cddf910860, 0x000001cddf9122a0, 0x000001cde28d6ec0, 0x000001cddf9101d0,
0x000001cddf90da70
}

Java Threads: ( => current thread )
  0x000001cdffdd18d0 JavaThread "main"                              [_thread_blocked, id=4456, stack(0x000000501b400000,0x000000501b500000) (1024K)]
  0x000001cd97dbed20 JavaThread "Reference Handler"          daemon [_thread_blocked, id=4524, stack(0x000000501b800000,0x000000501b900000) (1024K)]
  0x000001cd97dc1860 JavaThread "Finalizer"                  daemon [_thread_blocked, id=22172, stack(0x000000501b900000,0x000000501ba00000) (1024K)]
  0x000001cd97dc99d0 JavaThread "Signal Dispatcher"          daemon [_thread_blocked, id=7904, stack(0x000000501ba00000,0x000000501bb00000) (1024K)]
=>0x000001cd97dcc7c0 JavaThread "Attach Listener"            daemon [_thread_in_vm, id=19780, stack(0x000000501bb00000,0x000000501bc00000) (1024K)]
  0x000001cd97dcd220 JavaThread "Service Thread"             daemon [_thread_blocked, id=24908, stack(0x000000501bc00000,0x000000501bd00000) (1024K)]
  0x000001cd97dd2cb0 JavaThread "Monitor Deflation Thread"   daemon [_thread_blocked, id=22740, stack(0x000000501bd00000,0x000000501be00000) (1024K)]
  0x000001cd97dfbc30 JavaThread "C2 CompilerThread0"         daemon [_thread_blocked, id=20640, stack(0x000000501be00000,0x000000501bf00000) (1024K)]
  0x000001cdda880110 JavaThread "C1 CompilerThread0"         daemon [_thread_blocked, id=20752, stack(0x000000501bf00000,0x000000501c000000) (1024K)]
  0x000001cddaa70870 JavaThread "Common-Cleaner"             daemon [_thread_blocked, id=1356, stack(0x000000501c000000,0x000000501c100000) (1024K)]
  0x000001cdda98b6d0 JavaThread "Notification Thread"        daemon [_thread_blocked, id=22584, stack(0x000000501c100000,0x000000501c200000) (1024K)]
  0x000001cddf7b5fe0 JavaThread "Active Thread: Equinox Container: 32f7d326-114c-4c7d-b332-db95a89221f8"        [_thread_blocked, id=3632, stack(0x000000501c200000,0x000000501c300000) (1024K)]
  0x000001cddf7ed350 JavaThread "Refresh Thread: Equinox Container: 32f7d326-114c-4c7d-b332-db95a89221f8" daemon [_thread_blocked, id=1476, stack(0x000000501cb00000,0x000000501cc00000) (1024K)]
  0x000001cddac0d430 JavaThread "Framework Event Dispatcher: Equinox Container: 32f7d326-114c-4c7d-b332-db95a89221f8" daemon [_thread_blocked, id=27456, stack(0x000000501cc00000,0x000000501cd00000) (1024K)]
  0x000001cddf7ecca0 JavaThread "Start Level: Equinox Container: 32f7d326-114c-4c7d-b332-db95a89221f8" daemon [_thread_blocked, id=12884, stack(0x000000501ca00000,0x000000501cb00000) (1024K)]
  0x000001cddf4ebc80 JavaThread "Bundle File Closer"         daemon [_thread_blocked, id=24164, stack(0x000000501ce00000,0x000000501cf00000) (1024K)]
  0x000001cddf3fec40 JavaThread "SCR Component Actor"        daemon [_thread_blocked, id=2344, stack(0x000000501b100000,0x000000501b200000) (1024K)]
  0x000001cddfa492b0 JavaThread "Worker-JM"                         [_thread_blocked, id=18016, stack(0x000000501cf00000,0x000000501d000000) (1024K)]
  0x000001cddf4b5110 JavaThread "JNA Cleaner"                daemon [_thread_blocked, id=2964, stack(0x000000501cd00000,0x000000501ce00000) (1024K)]
  0x000001cddf4b36d0 JavaThread "Worker-2"                          [_thread_blocked, id=25500, stack(0x000000501d300000,0x000000501d400000) (1024K)]
  0x000001cddf4b2320 JavaThread "Java indexing"              daemon [_thread_blocked, id=10844, stack(0x000000501d400000,0x000000501d500000) (1024K)]
  0x000001cddf4b1c90 JavaThread "Worker-4"                          [_thread_blocked, id=21500, stack(0x000000501d800000,0x000000501d900000) (1024K)]
  0x000001cde266f490 JavaThread "Thread-1"                   daemon [_thread_in_native, id=7920, stack(0x000000501d900000,0x000000501da00000) (1024K)]
  0x000001cde2670ed0 JavaThread "Thread-2"                   daemon [_thread_in_native, id=22564, stack(0x000000501da00000,0x000000501db00000) (1024K)]
  0x000001cde26701b0 JavaThread "Thread-3"                   daemon [_thread_in_native, id=23556, stack(0x000000501db00000,0x000000501dc00000) (1024K)]
  0x000001cde2670840 JavaThread "Thread-4"                   daemon [_thread_in_native, id=7468, stack(0x000000501dc00000,0x000000501dd00000) (1024K)]
  0x000001cde266fb20 JavaThread "Thread-5"                   daemon [_thread_in_native, id=21496, stack(0x000000501dd00000,0x000000501de00000) (1024K)]
  0x000001cde2671560 JavaThread "Thread-6"                   daemon [_thread_in_native, id=26460, stack(0x000000501de00000,0x000000501df00000) (1024K)]
  0x000001cde266e0e0 JavaThread "Thread-7"                   daemon [_thread_in_native, id=2340, stack(0x000000501df00000,0x000000501e000000) (1024K)]
  0x000001cde266e770 JavaThread "Thread-8"                   daemon [_thread_in_native, id=19260, stack(0x000000501e000000,0x000000501e100000) (1024K)]
  0x000001cde2672280 JavaThread "Thread-9"                   daemon [_thread_in_native, id=5884, stack(0x000000501e100000,0x000000501e200000) (1024K)]
  0x000001cde2673cc0 JavaThread "pool-2-thread-1"                   [_thread_blocked, id=15500, stack(0x000000501e200000,0x000000501e300000) (1024K)]
  0x000001cde2671bf0 JavaThread "WorkspaceEventsHandler"            [_thread_blocked, id=18660, stack(0x000000501e300000,0x000000501e400000) (1024K)]
  0x000001cde2675700 JavaThread "pool-1-thread-1"                   [_thread_blocked, id=27420, stack(0x000000501e400000,0x000000501e500000) (1024K)]
  0x000001cddf911580 JavaThread "Cleaner-0"                  daemon [_thread_blocked, id=20172, stack(0x000000501ec00000,0x000000501ed00000) (1024K)]
  0x000001cddf913650 JavaThread "Java Debug Server"          daemon [_thread_in_native, id=25200, stack(0x000000501b300000,0x000000501b400000) (1024K)]
  0x000001cddf910860 JavaThread "RxSchedulerPurge-1"         daemon [_thread_blocked, id=19816, stack(0x000000501ed00000,0x000000501ee00000) (1024K)]
  0x000001cddf9122a0 JavaThread "RxCachedWorkerPoolEvictor-1" daemon [_thread_blocked, id=10968, stack(0x000000501ee00000,0x000000501ef00000) (1024K)]
  0x000001cde28d6ec0 JavaThread "process reaper (pid 23764)" daemon [_thread_in_native, id=24672, stack(0x000000501adb0000,0x000000501add0000) (128K)]
  0x000001cddf9101d0 JavaThread "pool-4-thread-2"                   [_thread_in_native, id=9820, stack(0x000000501b200000,0x000000501b300000) (1024K)]
  0x000001cddf90da70 JavaThread "RxNewThreadScheduler-5"     daemon [_thread_blocked, id=18904, stack(0x000000501d200000,0x000000501d300000) (1024K)]
Total: 41

Other Threads:
  0x000001cdffe8eb30 VMThread "VM Thread"                           [id=17132, stack(0x000000501b700000,0x000000501b800000) (1024K)]
  0x000001cdffe3b6d0 WatcherThread "VM Periodic Task Thread"        [id=22060, stack(0x000000501b600000,0x000000501b700000) (1024K)]
  0x000001cdffdefbf0 WorkerThread "GC Thread#0"                     [id=15084, stack(0x000000501b500000,0x000000501b600000) (1024K)]
  0x000001cddab7df50 WorkerThread "GC Thread#1"                     [id=18336, stack(0x000000501c300000,0x000000501c400000) (1024K)]
  0x000001cddab7dba0 WorkerThread "GC Thread#2"                     [id=27304, stack(0x000000501c400000,0x000000501c500000) (1024K)]
  0x000001cddab7e300 WorkerThread "GC Thread#3"                     [id=12904, stack(0x000000501c500000,0x000000501c600000) (1024K)]
  0x000001cddab7d440 WorkerThread "GC Thread#4"                     [id=21064, stack(0x000000501c600000,0x000000501c700000) (1024K)]
  0x000001cddab7e6b0 WorkerThread "GC Thread#5"                     [id=22572, stack(0x000000501c700000,0x000000501c800000) (1024K)]
  0x000001cddab7ea60 WorkerThread "GC Thread#6"                     [id=9024, stack(0x000000501c800000,0x000000501c900000) (1024K)]
  0x000001cddf79f890 WorkerThread "GC Thread#7"                     [id=24348, stack(0x000000501c900000,0x000000501ca00000) (1024K)]
Total: 10

Threads with active compile tasks:
Total: 0

VM state: not at safepoint (normal execution)

VM Mutex/Monitor currently owned by a thread: None

Heap address: 0x0000000080000000, size: 2048 MB, Compressed Oops mode: 32-bit

CDS archive(s) mapped at: [0x000001cd98000000-0x000001cd98ba0000-0x000001cd98ba0000), size 12189696, SharedBaseAddress: 0x000001cd98000000, ArchiveRelocationMode: 1.
Compressed class space mapped at: 0x000001cd99000000-0x000001cdd9000000, reserved size: 1073741824
Narrow klass base: 0x000001cd98000000, Narrow klass shift: 0, Narrow klass range: 0x100000000

GC Precious Log:
 CardTable entry size: 512
 CPUs: 8 total, 8 available
 Memory: 7926M
 Large Page Support: Disabled
 NUMA Support: Disabled
 Compressed Oops: Enabled (32-bit)
 Alignments: Space 512K, Generation 512K, Heap 2M
 Heap Min Capacity: 100M
 Heap Initial Capacity: 100M
 Heap Max Capacity: 2G
 Pre-touch: Disabled
 Parallel Workers: 8

Heap:
 PSYoungGen      total 2048K, used 1051K [0x00000000d5580000, 0x00000000d5900000, 0x0000000100000000)
  eden space 1536K, 53% used [0x00000000d5580000,0x00000000d564ef00,0x00000000d5700000)
  from space 512K, 43% used [0x00000000d5700000,0x00000000d5738000,0x00000000d5780000)
  to   space 512K, 0% used [0x00000000d5880000,0x00000000d5880000,0x00000000d5900000)
 ParOldGen       total 276480K, used 276356K [0x0000000080000000, 0x0000000090e00000, 0x00000000d5580000)
  object space 276480K, 99% used [0x0000000080000000,0x0000000090de1358,0x0000000090e00000)
 Metaspace       used 80547K, committed 82496K, reserved 1179648K
  class space    used 8552K, committed 9408K, reserved 1048576K

Card table byte_map: [0x000001cdff770000,0x000001cdffb80000] _byte_map_base: 0x000001cdff370000

Marking Bits: (ParMarkBitMap*) 0x00007ffda6bb3450
 Begin Bits: [0x000001cd93800000, 0x000001cd95800000)
 End Bits:   [0x000001cd95800000, 0x000001cd97800000)

Polling page: 0x000001cdff080000

Metaspace:

Usage:
  Non-class:     70.31 MB used.
      Class:      8.35 MB used.
       Both:     78.66 MB used.

Virtual space:
  Non-class space:      128.00 MB reserved,      71.38 MB ( 56%) committed,  2 nodes.
      Class space:        1.00 GB reserved,       9.19 MB ( <1%) committed,  1 nodes.
             Both:        1.12 GB reserved,      80.56 MB (  7%) committed. 

Chunk freelists:
   Non-Class:  7.86 MB
       Class:  6.87 MB
        Both:  14.73 MB

MaxMetaspaceSize: unlimited
CompressedClassSpaceSize: 1.00 GB
Initial GC threshold: 21.00 MB
Current GC threshold: 97.31 MB
CDS: on
 - commit_granule_bytes: 65536.
 - commit_granule_words: 8192.
 - virtual_space_node_default_size: 8388608.
 - enlarge_chunks_in_place: 1.
 - use_allocation_guard: 0.


Internal statistics:

num_allocs_failed_limit: 11.
num_arena_births: 1528.
num_arena_deaths: 14.
num_vsnodes_births: 3.
num_vsnodes_deaths: 0.
num_space_committed: 1289.
num_space_uncommitted: 0.
num_chunks_returned_to_freelist: 25.
num_chunks_taken_from_freelist: 5543.
num_chunk_merges: 17.
num_chunk_splits: 3368.
num_chunks_enlarged: 1825.
num_inconsistent_stats: 0.

CodeHeap 'non-profiled nmethods': size=120000Kb used=12810Kb max_used=12810Kb free=107189Kb
 bounds [0x000001cd8c020000, 0x000001cd8ccb0000, 0x000001cd93550000]
CodeHeap 'profiled nmethods': size=120000Kb used=33959Kb max_used=33959Kb free=86040Kb
 bounds [0x000001cd84550000, 0x000001cd86680000, 0x000001cd8ba80000]
CodeHeap 'non-nmethods': size=5760Kb used=1493Kb max_used=1573Kb free=4266Kb
 bounds [0x000001cd8ba80000, 0x000001cd8bcf0000, 0x000001cd8c020000]
CodeCache: size=245760Kb, used=48262Kb, max_used=48342Kb, free=197495Kb
 total_blobs=15182, nmethods=14374, adapters=713, full_count=0
Compilation: enabled, stopped_count=0, restarted_count=0

Compilation events (20 events):
Event: 6144.272 Thread 0x000001cdda880110 15175       3       java.util.logging.LogManager::demandLogger (53 bytes)
Event: 6144.276 Thread 0x000001cdda880110 nmethod 15175 0x000001cd86676110 code [0x000001cd86676340, 0x000001cd86676998]
Event: 6144.276 Thread 0x000001cdda880110 15176       3       java.util.logging.LogManager::getLogger (9 bytes)
Event: 6144.276 Thread 0x000001cdda880110 nmethod 15176 0x000001cd86676c10 code [0x000001cd86676dc0, 0x000001cd86676fd0]
Event: 6797.266 Thread 0x000001cdda880110 15177   !   3       jdk.internal.ref.PhantomCleanable::isListEmpty (34 bytes)
Event: 6797.270 Thread 0x000001cdda880110 nmethod 15177 0x000001cd86677110 code [0x000001cd866772c0, 0x000001cd86677518]
Event: 6797.271 Thread 0x000001cdda880110 15178       3       jdk.internal.misc.InnocuousThread::eraseThreadLocals (23 bytes)
Event: 6797.277 Thread 0x000001cdda880110 nmethod 15178 0x000001cd86677610 code [0x000001cd866777a0, 0x000001cd86677908]
Event: 7327.966 Thread 0x000001cdda880110 15179   !   3       org.eclipse.osgi.container.ModuleDatabase::getTimestamp (25 bytes)
Event: 7328.002 Thread 0x000001cdda880110 nmethod 15179 0x000001cd86677990 code [0x000001cd86677be0, 0x000001cd86678528]
Event: 7418.002 Thread 0x000001cdda880110 15180       3       org.eclipse.osgi.storage.Storage::isReadOnly (10 bytes)
Event: 7418.011 Thread 0x000001cdda880110 nmethod 15180 0x000001cd86678990 code [0x000001cd86678b40, 0x000001cd86678cc0]
Event: 7547.204 Thread 0x000001cd97dfbc30 15181       4       sun.security.provider.DigestBase::engineUpdate (176 bytes)
Event: 7547.238 Thread 0x000001cdda880110 15182       3       org.eclipse.core.internal.jobs.JobListeners::queueEvent (15 bytes)
Event: 7547.257 Thread 0x000001cdda880110 nmethod 15182 0x000001cd86678d90 code [0x000001cd86678f40, 0x000001cd86679128]
Event: 7547.276 Thread 0x000001cd97dfbc30 nmethod 15181 0x000001cd8cca1210 code [0x000001cd8cca1460, 0x000001cd8cca1f00]
Event: 7688.084 Thread 0x000001cdda880110 15183   !   3       org.eclipse.osgi.internal.framework.StorageSaver$StorageSaverTask::run (31 bytes)
Event: 7688.113 Thread 0x000001cdda880110 nmethod 15183 0x000001cd86679210 code [0x000001cd866793e0, 0x000001cd86679680]
Event: 7688.114 Thread 0x000001cdda880110 15184   !   3       org.eclipse.osgi.storage.Storage::save (62 bytes)
Event: 7688.118 Thread 0x000001cdda880110 nmethod 15184 0x000001cd86679810 code [0x000001cd86679a00, 0x000001cd86679d70]

GC Heap History (20 events):
Event: 1774.257 GC heap before
{Heap before GC invocations=229 (full 3):
 PSYoungGen      total 2560K, used 2184K [0x00000000d5580000, 0x00000000d5980000, 0x0000000100000000)
  eden space 2048K, 92% used [0x00000000d5580000,0x00000000d575a2b8,0x00000000d5780000)
  from space 512K, 56% used [0x00000000d5880000,0x00000000d58c8000,0x00000000d5900000)
  to   space 512K, 0% used [0x00000000d5900000,0x00000000d5900000,0x00000000d5980000)
 ParOldGen       total 273920K, used 273757K [0x0000000080000000, 0x0000000090b80000, 0x00000000d5580000)
  object space 273920K, 99% used [0x0000000080000000,0x0000000090b57710,0x0000000090b80000)
 Metaspace       used 80226K, committed 82112K, reserved 1179648K
  class space    used 8523K, committed 9344K, reserved 1048576K
}
Event: 1774.259 GC heap after
{Heap after GC invocations=229 (full 3):
 PSYoungGen      total 2048K, used 505K [0x00000000d5580000, 0x00000000d5b80000, 0x0000000100000000)
  eden space 1536K, 0% used [0x00000000d5580000,0x00000000d5580000,0x00000000d5700000)
  from space 512K, 98% used [0x00000000d5900000,0x00000000d597e578,0x00000000d5980000)
  to   space 2048K, 0% used [0x00000000d5700000,0x00000000d5700000,0x00000000d5900000)
 ParOldGen       total 274944K, used 274833K [0x0000000080000000, 0x0000000090c80000, 0x00000000d5580000)
  object space 274944K, 99% used [0x0000000080000000,0x0000000090c64538,0x0000000090c80000)
 Metaspace       used 80226K, committed 82112K, reserved 1179648K
  class space    used 8523K, committed 9344K, reserved 1048576K
}
Event: 1774.268 GC heap before
{Heap before GC invocations=230 (full 3):
 PSYoungGen      total 2048K, used 2041K [0x00000000d5580000, 0x00000000d5b80000, 0x0000000100000000)
  eden space 1536K, 99% used [0x00000000d5580000,0x00000000d56fff48,0x00000000d5700000)
  from space 512K, 98% used [0x00000000d5900000,0x00000000d597e578,0x00000000d5980000)
  to   space 2048K, 0% used [0x00000000d5700000,0x00000000d5700000,0x00000000d5900000)
 ParOldGen       total 274944K, used 274833K [0x0000000080000000, 0x0000000090c80000, 0x00000000d5580000)
  object space 274944K, 99% used [0x0000000080000000,0x0000000090c64538,0x0000000090c80000)
 Metaspace       used 80226K, committed 82112K, reserved 1179648K
  class space    used 8523K, committed 9344K, reserved 1048576K
}
Event: 1774.269 GC heap after
{Heap after GC invocations=230 (full 3):
 PSYoungGen      total 2048K, used 256K [0x00000000d5580000, 0x00000000d5980000, 0x0000000100000000)
  eden space 1536K, 0% used [0x00000000d5580000,0x00000000d5580000,0x00000000d5700000)
  from space 512K, 50% used [0x00000000d5700000,0x00000000d5740000,0x00000000d5780000)
  to   space 1024K, 0% used [0x00000000d5880000,0x00000000d5880000,0x00000000d5980000)
 ParOldGen       total 275456K, used 275028K [0x0000000080000000, 0x0000000090d00000, 0x00000000d5580000)
  object space 275456K, 99% used [0x0000000080000000,0x0000000090c951f0,0x0000000090d00000)
 Metaspace       used 80226K, committed 82112K, reserved 1179648K
  class space    used 8523K, committed 9344K, reserved 1048576K
}
Event: 1774.280 GC heap before
{Heap before GC invocations=231 (full 3):
 PSYoungGen      total 2048K, used 1733K [0x00000000d5580000, 0x00000000d5980000, 0x0000000100000000)
  eden space 1536K, 96% used [0x00000000d5580000,0x00000000d56f1468,0x00000000d5700000)
  from space 512K, 50% used [0x00000000d5700000,0x00000000d5740000,0x00000000d5780000)
  to   space 1024K, 0% used [0x00000000d5880000,0x00000000d5880000,0x00000000d5980000)
 ParOldGen       total 275456K, used 275028K [0x0000000080000000, 0x0000000090d00000, 0x00000000d5580000)
  object space 275456K, 99% used [0x0000000080000000,0x0000000090c951f0,0x0000000090d00000)
 Metaspace       used 80226K, committed 82112K, reserved 1179648K
  class space    used 8523K, committed 9344K, reserved 1048576K
}
Event: 1774.281 GC heap after
{Heap after GC invocations=231 (full 3):
 PSYoungGen      total 2048K, used 224K [0x00000000d5580000, 0x00000000d5900000, 0x0000000100000000)
  eden space 1536K, 0% used [0x00000000d5580000,0x00000000d5580000,0x00000000d5700000)
  from space 512K, 43% used [0x00000000d5880000,0x00000000d58b8000,0x00000000d5900000)
  to   space 512K, 0% used [0x00000000d5700000,0x00000000d5700000,0x00000000d5780000)
 ParOldGen       total 275456K, used 275060K [0x0000000080000000, 0x0000000090d00000, 0x00000000d5580000)
  object space 275456K, 99% used [0x0000000080000000,0x0000000090c9d1f0,0x0000000090d00000)
 Metaspace       used 80226K, committed 82112K, reserved 1179648K
  class space    used 8523K, committed 9344K, reserved 1048576K
}
Event: 1774.293 GC heap before
{Heap before GC invocations=232 (full 3):
 PSYoungGen      total 2048K, used 1760K [0x00000000d5580000, 0x00000000d5900000, 0x0000000100000000)
  eden space 1536K, 100% used [0x00000000d5580000,0x00000000d5700000,0x00000000d5700000)
  from space 512K, 43% used [0x00000000d5880000,0x00000000d58b8000,0x00000000d5900000)
  to   space 512K, 0% used [0x00000000d5700000,0x00000000d5700000,0x00000000d5780000)
 ParOldGen       total 276480K, used 275836K [0x0000000080000000, 0x0000000090e00000, 0x00000000d5580000)
  object space 276480K, 99% used [0x0000000080000000,0x0000000090d5f2f8,0x0000000090e00000)
 Metaspace       used 80226K, committed 82112K, reserved 1179648K
  class space    used 8523K, committed 9344K, reserved 1048576K
}
Event: 1774.295 GC heap after
{Heap after GC invocations=232 (full 3):
 PSYoungGen      total 2048K, used 192K [0x00000000d5580000, 0x00000000d5900000, 0x0000000100000000)
  eden space 1536K, 0% used [0x00000000d5580000,0x00000000d5580000,0x00000000d5700000)
  from space 512K, 37% used [0x00000000d5700000,0x00000000d5730000,0x00000000d5780000)
  to   space 512K, 0% used [0x00000000d5880000,0x00000000d5880000,0x00000000d5900000)
 ParOldGen       total 276480K, used 275876K [0x0000000080000000, 0x0000000090e00000, 0x00000000d5580000)
  object space 276480K, 99% used [0x0000000080000000,0x0000000090d692f8,0x0000000090e00000)
 Metaspace       used 80226K, committed 82112K, reserved 1179648K
  class space    used 8523K, committed 9344K, reserved 1048576K
}
Event: 1774.411 GC heap before
{Heap before GC invocations=233 (full 3):
 PSYoungGen      total 2048K, used 1728K [0x00000000d5580000, 0x00000000d5900000, 0x0000000100000000)
  eden space 1536K, 100% used [0x00000000d5580000,0x00000000d5700000,0x00000000d5700000)
  from space 512K, 37% used [0x00000000d5700000,0x00000000d5730000,0x00000000d5780000)
  to   space 512K, 0% used [0x00000000d5880000,0x00000000d5880000,0x00000000d5900000)
 ParOldGen       total 276480K, used 275876K [0x0000000080000000, 0x0000000090e00000, 0x00000000d5580000)
  object space 276480K, 99% used [0x0000000080000000,0x0000000090d692f8,0x0000000090e00000)
 Metaspace       used 80226K, committed 82112K, reserved 1179648K
  class space    used 8523K, committed 9344K, reserved 1048576K
}
Event: 1774.413 GC heap after
{Heap after GC invocations=233 (full 3):
 PSYoungGen      total 2048K, used 277K [0x00000000d5580000, 0x00000000d5900000, 0x0000000100000000)
  eden space 1536K, 0% used [0x00000000d5580000,0x00000000d5580000,0x00000000d5700000)
  from space 512K, 54% used [0x00000000d5880000,0x00000000d58c5608,0x00000000d5900000)
  to   space 512K, 0% used [0x00000000d5700000,0x00000000d5700000,0x00000000d5780000)
 ParOldGen       total 276480K, used 275900K [0x0000000080000000, 0x0000000090e00000, 0x00000000d5580000)
  object space 276480K, 99% used [0x0000000080000000,0x0000000090d6f2f8,0x0000000090e00000)
 Metaspace       used 80226K, committed 82112K, reserved 1179648K
  class space    used 8523K, committed 9344K, reserved 1048576K
}
Event: 1774.710 GC heap before
{Heap before GC invocations=234 (full 3):
 PSYoungGen      total 2048K, used 1813K [0x00000000d5580000, 0x00000000d5900000, 0x0000000100000000)
  eden space 1536K, 100% used [0x00000000d5580000,0x00000000d5700000,0x00000000d5700000)
  from space 512K, 54% used [0x00000000d5880000,0x00000000d58c5608,0x00000000d5900000)
  to   space 512K, 0% used [0x00000000d5700000,0x00000000d5700000,0x00000000d5780000)
 ParOldGen       total 276480K, used 275900K [0x0000000080000000, 0x0000000090e00000, 0x00000000d5580000)
  object space 276480K, 99% used [0x0000000080000000,0x0000000090d6f2f8,0x0000000090e00000)
 Metaspace       used 80226K, committed 82112K, reserved 1179648K
  class space    used 8523K, committed 9344K, reserved 1048576K
}
Event: 1774.712 GC heap after
{Heap after GC invocations=234 (full 3):
 PSYoungGen      total 2048K, used 256K [0x00000000d5580000, 0x00000000d5900000, 0x0000000100000000)
  eden space 1536K, 0% used [0x00000000d5580000,0x00000000d5580000,0x00000000d5700000)
  from space 512K, 50% used [0x00000000d5700000,0x00000000d5740000,0x00000000d5780000)
  to   space 512K, 0% used [0x00000000d5880000,0x00000000d5880000,0x00000000d5900000)
 ParOldGen       total 276480K, used 275940K [0x0000000080000000, 0x0000000090e00000, 0x00000000d5580000)
  object space 276480K, 99% used [0x0000000080000000,0x0000000090d792f8,0x0000000090e00000)
 Metaspace       used 80226K, committed 82112K, reserved 1179648K
  class space    used 8523K, committed 9344K, reserved 1048576K
}
Event: 1874.013 GC heap before
{Heap before GC invocations=235 (full 3):
 PSYoungGen      total 2048K, used 1791K [0x00000000d5580000, 0x00000000d5900000, 0x0000000100000000)
  eden space 1536K, 99% used [0x00000000d5580000,0x00000000d56ffff0,0x00000000d5700000)
  from space 512K, 50% used [0x00000000d5700000,0x00000000d5740000,0x00000000d5780000)
  to   space 512K, 0% used [0x00000000d5880000,0x00000000d5880000,0x00000000d5900000)
 ParOldGen       total 276480K, used 275940K [0x0000000080000000, 0x0000000090e00000, 0x00000000d5580000)
  object space 276480K, 99% used [0x0000000080000000,0x0000000090d792f8,0x0000000090e00000)
 Metaspace       used 80234K, committed 82112K, reserved 1179648K
  class space    used 8523K, committed 9344K, reserved 1048576K
}
Event: 1874.029 GC heap after
{Heap after GC invocations=235 (full 3):
 PSYoungGen      total 2048K, used 368K [0x00000000d5580000, 0x00000000d5900000, 0x0000000100000000)
  eden space 1536K, 0% used [0x00000000d5580000,0x00000000d5580000,0x00000000d5700000)
  from space 512K, 71% used [0x00000000d5880000,0x00000000d58dc030,0x00000000d5900000)
  to   space 512K, 0% used [0x00000000d5700000,0x00000000d5700000,0x00000000d5780000)
 ParOldGen       total 276480K, used 275996K [0x0000000080000000, 0x0000000090e00000, 0x00000000d5580000)
  object space 276480K, 99% used [0x0000000080000000,0x0000000090d872f8,0x0000000090e00000)
 Metaspace       used 80234K, committed 82112K, reserved 1179648K
  class space    used 8523K, committed 9344K, reserved 1048576K
}
Event: 2041.824 GC heap before
{Heap before GC invocations=236 (full 3):
 PSYoungGen      total 2048K, used 1884K [0x00000000d5580000, 0x00000000d5900000, 0x0000000100000000)
  eden space 1536K, 98% used [0x00000000d5580000,0x00000000d56fb068,0x00000000d5700000)
  from space 512K, 71% used [0x00000000d5880000,0x00000000d58dc030,0x00000000d5900000)
  to   space 512K, 0% used [0x00000000d5700000,0x00000000d5700000,0x00000000d5780000)
 ParOldGen       total 276480K, used 275996K [0x0000000080000000, 0x0000000090e00000, 0x00000000d5580000)
  object space 276480K, 99% used [0x0000000080000000,0x0000000090d872f8,0x0000000090e00000)
 Metaspace       used 80413K, committed 82240K, reserved 1179648K
  class space    used 8542K, committed 9344K, reserved 1048576K
}
Event: 2041.964 GC heap after
{Heap after GC invocations=236 (full 3):
 PSYoungGen      total 2048K, used 321K [0x00000000d5580000, 0x00000000d5900000, 0x0000000100000000)
  eden space 1536K, 0% used [0x00000000d5580000,0x00000000d5580000,0x00000000d5700000)
  from space 512K, 62% used [0x00000000d5700000,0x00000000d5750540,0x00000000d5780000)
  to   space 512K, 0% used [0x00000000d5880000,0x00000000d5880000,0x00000000d5900000)
 ParOldGen       total 276480K, used 276188K [0x0000000080000000, 0x0000000090e00000, 0x00000000d5580000)
  object space 276480K, 99% used [0x0000000080000000,0x0000000090db7358,0x0000000090e00000)
 Metaspace       used 80413K, committed 82240K, reserved 1179648K
  class space    used 8542K, committed 9344K, reserved 1048576K
}
Event: 3735.020 GC heap before
{Heap before GC invocations=237 (full 3):
 PSYoungGen      total 2048K, used 1857K [0x00000000d5580000, 0x00000000d5900000, 0x0000000100000000)
  eden space 1536K, 100% used [0x00000000d5580000,0x00000000d5700000,0x00000000d5700000)
  from space 512K, 62% used [0x00000000d5700000,0x00000000d5750540,0x00000000d5780000)
  to   space 512K, 0% used [0x00000000d5880000,0x00000000d5880000,0x00000000d5900000)
 ParOldGen       total 276480K, used 276188K [0x0000000080000000, 0x0000000090e00000, 0x00000000d5580000)
  object space 276480K, 99% used [0x0000000080000000,0x0000000090db7358,0x0000000090e00000)
 Metaspace       used 80530K, committed 82432K, reserved 1179648K
  class space    used 8552K, committed 9408K, reserved 1048576K
}
Event: 3735.228 GC heap after
{Heap after GC invocations=237 (full 3):
 PSYoungGen      total 2048K, used 224K [0x00000000d5580000, 0x00000000d5900000, 0x0000000100000000)
  eden space 1536K, 0% used [0x00000000d5580000,0x00000000d5580000,0x00000000d5700000)
  from space 512K, 43% used [0x00000000d5880000,0x00000000d58b8000,0x00000000d5900000)
  to   space 512K, 0% used [0x00000000d5700000,0x00000000d5700000,0x00000000d5780000)
 ParOldGen       total 276480K, used 276308K [0x0000000080000000, 0x0000000090e00000, 0x00000000d5580000)
  object space 276480K, 99% used [0x0000000080000000,0x0000000090dd5358,0x0000000090e00000)
 Metaspace       used 80530K, committed 82432K, reserved 1179648K
  class space    used 8552K, committed 9408K, reserved 1048576K
}
Event: 7395.021 GC heap before
{Heap before GC invocations=238 (full 3):
 PSYoungGen      total 2048K, used 1759K [0x00000000d5580000, 0x00000000d5900000, 0x0000000100000000)
  eden space 1536K, 99% used [0x00000000d5580000,0x00000000d56fffe8,0x00000000d5700000)
  from space 512K, 43% used [0x00000000d5880000,0x00000000d58b8000,0x00000000d5900000)
  to   space 512K, 0% used [0x00000000d5700000,0x00000000d5700000,0x00000000d5780000)
 ParOldGen       total 276480K, used 276308K [0x0000000080000000, 0x0000000090e00000, 0x00000000d5580000)
  object space 276480K, 99% used [0x0000000080000000,0x0000000090dd5358,0x0000000090e00000)
 Metaspace       used 80543K, committed 82496K, reserved 1179648K
  class space    used 8552K, committed 9408K, reserved 1048576K
}
Event: 7395.236 GC heap after
{Heap after GC invocations=238 (full 3):
 PSYoungGen      total 2048K, used 224K [0x00000000d5580000, 0x00000000d5900000, 0x0000000100000000)
  eden space 1536K, 0% used [0x00000000d5580000,0x00000000d5580000,0x00000000d5700000)
  from space 512K, 43% used [0x00000000d5700000,0x00000000d5738000,0x00000000d5780000)
  to   space 512K, 0% used [0x00000000d5880000,0x00000000d5880000,0x00000000d5900000)
 ParOldGen       total 276480K, used 276356K [0x0000000080000000, 0x0000000090e00000, 0x00000000d5580000)
  object space 276480K, 99% used [0x0000000080000000,0x0000000090de1358,0x0000000090e00000)
 Metaspace       used 80543K, committed 82496K, reserved 1179648K
  class space    used 8552K, committed 9408K, reserved 1048576K
}

Dll operation events (11 events):
Event: 0.037 Loaded shared library c:\Users\aniln\.vscode\extensions\redhat.java-1.54.0-win32-x64\jre\21.0.10-win32-x86_64\bin\java.dll
Event: 0.236 Loaded shared library c:\Users\aniln\.vscode\extensions\redhat.java-1.54.0-win32-x64\jre\21.0.10-win32-x86_64\bin\zip.dll
Event: 0.506 Loaded shared library C:\Users\aniln\.vscode\extensions\redhat.java-1.54.0-win32-x64\jre\21.0.10-win32-x86_64\bin\instrument.dll
Event: 0.537 Loaded shared library C:\Users\aniln\.vscode\extensions\redhat.java-1.54.0-win32-x64\jre\21.0.10-win32-x86_64\bin\net.dll
Event: 0.556 Loaded shared library C:\Users\aniln\.vscode\extensions\redhat.java-1.54.0-win32-x64\jre\21.0.10-win32-x86_64\bin\nio.dll
Event: 0.561 Loaded shared library C:\Users\aniln\.vscode\extensions\redhat.java-1.54.0-win32-x64\jre\21.0.10-win32-x86_64\bin\zip.dll
Event: 0.604 Loaded shared library C:\Users\aniln\.vscode\extensions\redhat.java-1.54.0-win32-x64\jre\21.0.10-win32-x86_64\bin\jimage.dll
Event: 0.869 Loaded shared library c:\Users\aniln\.vscode\extensions\redhat.java-1.54.0-win32-x64\jre\21.0.10-win32-x86_64\bin\verify.dll
Event: 24.942 Loaded shared library C:\Users\aniln\AppData\Roaming\Code\User\globalStorage\redhat.java\1.54.0\config_win\org.eclipse.equinox.launcher\org.eclipse.equinox.launcher.win32.win32.x86_64_1.3.0.v20260203-2149\eclipse_11919.dll
Event: 46.216 Loaded shared library C:\Users\aniln\AppData\Local\Temp\jna-2998800\jna11558479239269223035.dll
Event: 106.825 Loaded shared library C:\Users\aniln\.vscode\extensions\redhat.java-1.54.0-win32-x64\jre\21.0.10-win32-x86_64\bin\extnet.dll

Deoptimization events (20 events):
Event: 2042.192 Thread 0x000001cddf4b36d0 Uncommon trap: trap_request=0xffffffc6 fr.pc=0x000001cd8c639dac relative=0x00000000000052cc
Event: 2042.192 Thread 0x000001cddf4b36d0 Uncommon trap: reason=bimorphic_or_optimized_type_check action=maybe_recompile pc=0x000001cd8c639dac method=java.util.Properties.load0(Ljava/util/Properties$LineReader;)V @ 241 c2
Event: 2042.192 Thread 0x000001cddf4b36d0 DEOPT PACKING pc=0x000001cd8c639dac sp=0x000000501d3fedf0
Event: 2042.192 Thread 0x000001cddf4b36d0 DEOPT UNPACKING pc=0x000001cd8bad6da2 sp=0x000000501d3fee20 mode 2
Event: 2042.192 Thread 0x000001cddf4b36d0 Uncommon trap: trap_request=0xffffffc6 fr.pc=0x000001cd8c5f7538 relative=0x00000000000053d8
Event: 2042.192 Thread 0x000001cddf4b36d0 Uncommon trap: reason=bimorphic_or_optimized_type_check action=maybe_recompile pc=0x000001cd8c5f7538 method=java.util.Properties.load0(Ljava/util/Properties$LineReader;)V @ 241 c2
Event: 2042.192 Thread 0x000001cddf4b36d0 DEOPT PACKING pc=0x000001cd8c5f7538 sp=0x000000501d3fedf0
Event: 2042.192 Thread 0x000001cddf4b36d0 DEOPT UNPACKING pc=0x000001cd8bad6da2 sp=0x000000501d3fee20 mode 2
Event: 2042.192 Thread 0x000001cddf4b36d0 Uncommon trap: trap_request=0xffffffde fr.pc=0x000001cd8ca0ee58 relative=0x0000000000000578
Event: 2042.192 Thread 0x000001cddf4b36d0 Uncommon trap: reason=class_check action=maybe_recompile pc=0x000001cd8ca0ee58 method=java.io.InputStream.read([BII)I @ 15 c2
Event: 2042.192 Thread 0x000001cddf4b36d0 DEOPT PACKING pc=0x000001cd8ca0ee58 sp=0x000000501d3fed30
Event: 2042.192 Thread 0x000001cddf4b36d0 DEOPT UNPACKING pc=0x000001cd8bad6da2 sp=0x000000501d3fecb8 mode 2
Event: 2042.204 Thread 0x000001cddf4b36d0 Uncommon trap: trap_request=0xffffffde fr.pc=0x000001cd8cc7557c relative=0x000000000000087c
Event: 2042.204 Thread 0x000001cddf4b36d0 Uncommon trap: reason=class_check action=maybe_recompile pc=0x000001cd8cc7557c method=java.util.concurrent.ConcurrentHashMap$CollectionView.toArray()[Ljava/lang/Object; @ 39 c2
Event: 2042.204 Thread 0x000001cddf4b36d0 DEOPT PACKING pc=0x000001cd8cc7557c sp=0x000000501d3fed40
Event: 2042.204 Thread 0x000001cddf4b36d0 DEOPT UNPACKING pc=0x000001cd8bad6da2 sp=0x000000501d3fecf8 mode 2
Event: 4667.016 Thread 0x000001cddf910860 Uncommon trap: trap_request=0xffffffd6 fr.pc=0x000001cd8cc9de38 relative=0x00000000000002f8
Event: 4667.016 Thread 0x000001cddf910860 Uncommon trap: reason=array_check action=maybe_recompile pc=0x000001cd8cc9de38 method=java.util.concurrent.ScheduledThreadPoolExecutor$DelayedWorkQueue.offer(Ljava/lang/Runnable;)Z @ 65 c2
Event: 4667.016 Thread 0x000001cddf910860 DEOPT PACKING pc=0x000001cd8cc9de38 sp=0x000000501edfef70
Event: 4667.016 Thread 0x000001cddf910860 DEOPT UNPACKING pc=0x000001cd8bad6da2 sp=0x000000501edfeee0 mode 2

Classes loaded (20 events):
Event: 1744.647 Loading class java/nio/BufferMismatch
Event: 1744.649 Loading class java/nio/BufferMismatch done
Event: 1744.650 Loading class java/nio/file/attribute/PosixFileAttributes
Event: 1744.651 Loading class java/nio/file/attribute/PosixFileAttributes done
Event: 2041.215 Loading class java/util/stream/Nodes$CollectorTask$OfRef
Event: 2041.224 Loading class java/util/stream/Nodes$CollectorTask
Event: 2041.232 Loading class java/util/stream/Nodes$CollectorTask done
Event: 2041.232 Loading class java/util/stream/Nodes$CollectorTask$OfRef done
Event: 2041.439 Loading class java/util/function/LongFunction
Event: 2041.443 Loading class java/util/function/LongFunction done
Event: 2041.453 Loading class java/util/stream/Nodes$ConcNode
Event: 2041.461 Loading class java/util/stream/Nodes$AbstractConcNode
Event: 2041.471 Loading class java/util/stream/Nodes$AbstractConcNode done
Event: 2041.471 Loading class java/util/stream/Nodes$ConcNode done
Event: 2041.506 Loading class java/io/ObjectOutputStream$BlockDataOutputStream
Event: 2041.515 Loading class java/io/ObjectOutputStream$BlockDataOutputStream done
Event: 2041.515 Loading class java/io/ObjectOutputStream$HandleTable
Event: 2041.519 Loading class java/io/ObjectOutputStream$HandleTable done
Event: 2041.519 Loading class java/io/ObjectOutputStream$ReplaceTable
Event: 2041.520 Loading class java/io/ObjectOutputStream$ReplaceTable done

Classes unloaded (7 events):
Event: 48.105 Thread 0x000001cdffe8eb30 Unloading class 0x000001cd991a9400 'java/lang/invoke/LambdaForm$MH+0x000001cd991a9400'
Event: 48.105 Thread 0x000001cdffe8eb30 Unloading class 0x000001cd991a9000 'java/lang/invoke/LambdaForm$MH+0x000001cd991a9000'
Event: 48.105 Thread 0x000001cdffe8eb30 Unloading class 0x000001cd991a8c00 'java/lang/invoke/LambdaForm$MH+0x000001cd991a8c00'
Event: 48.105 Thread 0x000001cdffe8eb30 Unloading class 0x000001cd991a8800 'java/lang/invoke/LambdaForm$MH+0x000001cd991a8800'
Event: 48.106 Thread 0x000001cdffe8eb30 Unloading class 0x000001cd991a8400 'java/lang/invoke/LambdaForm$BMH+0x000001cd991a8400'
Event: 48.106 Thread 0x000001cdffe8eb30 Unloading class 0x000001cd991a8000 'java/lang/invoke/LambdaForm$DMH+0x000001cd991a8000'
Event: 48.106 Thread 0x000001cdffe8eb30 Unloading class 0x000001cd991a6c00 'java/lang/invoke/LambdaForm$DMH+0x000001cd991a6c00'

Classes redefined (0 events):
No events

Internal exceptions (20 events):
Event: 1744.002 Thread 0x000001cddf4b36d0 Implicit null exception at 0x000001cd8c319083 to 0x000001cd8c319da8
Event: 1745.084 Thread 0x000001cddf4b36d0 Exception <a 'java/lang/NoSuchMethodError'{0x00000000d56285c8}: 'void java.lang.invoke.DirectMethodHandle$Holder.invokeSpecial(java.lang.Object, java.lang.Object, java.lang.Object, java.lang.Object, java.lang.Object, java.lang.Object, java.lang.Object)'> (0x00000000d56285c8) 
thrown [s\src\hotspot\share\interpreter\linkResolver.cpp, line 773]
Event: 1752.516 Thread 0x000001cde28dbd80 Exception <a 'sun/nio/fs/WindowsException'{0x00000000d56bff10}> (0x00000000d56bff10) 
thrown [s\src\hotspot\share\prims\jni.cpp, line 520]
Event: 1752.516 Thread 0x000001cde28dbd80 Exception <a 'sun/nio/fs/WindowsException'{0x00000000d56c0540}> (0x00000000d56c0540) 
thrown [s\src\hotspot\share\prims\jni.cpp, line 520]
Event: 1774.167 Thread 0x000001cde28dbd80 Exception <a 'java/lang/NoSuchMethodError'{0x00000000d5668200}: 'int java.lang.invoke.DirectMethodHandle$Holder.invokeStatic(java.lang.Object)'> (0x00000000d5668200) 
thrown [s\src\hotspot\share\interpreter\linkResolver.cpp, line 773]
Event: 1774.218 Thread 0x000001cde28dbd80 Exception <a 'sun/nio/fs/WindowsException'{0x00000000d55ceb70}> (0x00000000d55ceb70) 
thrown [s\src\hotspot\share\prims\jni.cpp, line 520]
Event: 1774.219 Thread 0x000001cde28dbd80 Exception <a 'sun/nio/fs/WindowsException'{0x00000000d55cf450}> (0x00000000d55cf450) 
thrown [s\src\hotspot\share\prims\jni.cpp, line 520]
Event: 1774.219 Thread 0x000001cde28dbd80 Exception <a 'sun/nio/fs/WindowsException'{0x00000000d55d0198}> (0x00000000d55d0198) 
thrown [s\src\hotspot\share\prims\jni.cpp, line 520]
Event: 1774.219 Thread 0x000001cde28dbd80 Exception <a 'sun/nio/fs/WindowsException'{0x00000000d55d0d80}> (0x00000000d55d0d80) 
thrown [s\src\hotspot\share\prims\jni.cpp, line 520]
Event: 1774.221 Thread 0x000001cde28dbd80 Exception <a 'sun/nio/fs/WindowsException'{0x00000000d55d24f8}> (0x00000000d55d24f8) 
thrown [s\src\hotspot\share\prims\jni.cpp, line 520]
Event: 1774.221 Thread 0x000001cde28dbd80 Exception <a 'sun/nio/fs/WindowsException'{0x00000000d55d2b28}> (0x00000000d55d2b28) 
thrown [s\src\hotspot\share\prims\jni.cpp, line 520]
Event: 1774.227 Thread 0x000001cde28dbd80 Exception <a 'sun/nio/fs/WindowsException'{0x00000000d55f1580}> (0x00000000d55f1580) 
thrown [s\src\hotspot\share\prims\jni.cpp, line 520]
Event: 1774.227 Thread 0x000001cde28dbd80 Exception <a 'sun/nio/fs/WindowsException'{0x00000000d55f1e60}> (0x00000000d55f1e60) 
thrown [s\src\hotspot\share\prims\jni.cpp, line 520]
Event: 1774.758 Thread 0x000001cddf90da70 Exception <a 'sun/nio/fs/WindowsException'{0x00000000d56b2260}> (0x00000000d56b2260) 
thrown [s\src\hotspot\share\prims\jni.cpp, line 520]
Event: 1774.758 Thread 0x000001cddf90da70 Exception <a 'sun/nio/fs/WindowsException'{0x00000000d56b28d0}> (0x00000000d56b28d0) 
thrown [s\src\hotspot\share\prims\jni.cpp, line 520]
Event: 2041.092 Thread 0x000001cddf4b36d0 Exception <a 'sun/nio/fs/WindowsException'{0x00000000d55e26e8}> (0x00000000d55e26e8) 
thrown [s\src\hotspot\share\prims\jni.cpp, line 520]
Event: 2041.095 Thread 0x000001cddf4b36d0 Exception <a 'sun/nio/fs/WindowsException'{0x00000000d55e3210}> (0x00000000d55e3210) 
thrown [s\src\hotspot\share\prims\jni.cpp, line 520]
Event: 2041.139 Thread 0x000001cddf4b36d0 Implicit null exception at 0x000001cd8c7f630d to 0x000001cd8c7f6684
Event: 2041.682 Thread 0x000001cddf4b36d0 Exception <a 'java/lang/NoSuchMethodError'{0x00000000d56b6910}: static [J.<clinit>()V> (0x00000000d56b6910) 
thrown [s\src\hotspot\share\prims\jni.cpp, line 1111]
Event: 2042.119 Thread 0x000001cddf4b36d0 Exception <a 'java/lang/NoSuchMethodError'{0x00000000d5608d30}: 'java.lang.Object java.lang.invoke.DirectMethodHandle$Holder.newInvokeSpecial(java.lang.Object, java.lang.Object, java.lang.Object, java.lang.Object, java.lang.Object, java.lang.Object, java.lang.Object, java.lang.Object)'> (0x00000000d5608d30) 
thrown [s\src\hotspot\share\interpreter\linkResolver.cpp, line 773]

ZGC Phase Switch (0 events):
No events

VM Operations (20 events):
Event: 9080.080 Executing non-safepoint VM operation: HandshakeAllThreads (HandshakeForDeflation)
Event: 9080.080 Executing non-safepoint VM operation: HandshakeAllThreads (HandshakeForDeflation) done
Event: 9080.081 Executing non-safepoint VM operation: RendezvousGCThreads
Event: 9080.081 Executing non-safepoint VM operation: RendezvousGCThreads done
Event: 9140.196 Executing non-safepoint VM operation: HandshakeAllThreads (HandshakeForDeflation)
Event: 9140.196 Executing non-safepoint VM operation: HandshakeAllThreads (HandshakeForDeflation) done
Event: 9140.196 Executing non-safepoint VM operation: RendezvousGCThreads
Event: 9140.196 Executing non-safepoint VM operation: RendezvousGCThreads done
Event: 9200.266 Executing non-safepoint VM operation: HandshakeAllThreads (HandshakeForDeflation)
Event: 9200.266 Executing non-safepoint VM operation: HandshakeAllThreads (HandshakeForDeflation) done
Event: 9200.266 Executing non-safepoint VM operation: RendezvousGCThreads
Event: 9200.266 Executing non-safepoint VM operation: RendezvousGCThreads done
Event: 9262.204 Executing non-safepoint VM operation: HandshakeAllThreads (HandshakeForDeflation)
Event: 9262.636 Executing non-safepoint VM operation: HandshakeAllThreads (HandshakeForDeflation) done
Event: 9262.636 Executing non-safepoint VM operation: RendezvousGCThreads
Event: 9262.636 Executing non-safepoint VM operation: RendezvousGCThreads done
Event: 9320.583 Executing non-safepoint VM operation: HandshakeAllThreads (HandshakeForDeflation)
Event: 9320.583 Executing non-safepoint VM operation: HandshakeAllThreads (HandshakeForDeflation) done
Event: 9320.583 Executing non-safepoint VM operation: RendezvousGCThreads
Event: 9320.583 Executing non-safepoint VM operation: RendezvousGCThreads done

Memory protections (0 events):
No events

Nmethod flushes (20 events):
Event: 62.672 Thread 0x000001cdffe8eb30 flushing  nmethod 0x000001cd84ec7e90
Event: 62.672 Thread 0x000001cdffe8eb30 flushing  nmethod 0x000001cd84ec8490
Event: 62.672 Thread 0x000001cdffe8eb30 flushing  nmethod 0x000001cd84ec8890
Event: 62.672 Thread 0x000001cdffe8eb30 flushing  nmethod 0x000001cd84ec9e10
Event: 62.672 Thread 0x000001cdffe8eb30 flushing  nmethod 0x000001cd84ecc490
Event: 62.672 Thread 0x000001cdffe8eb30 flushing  nmethod 0x000001cd84ecf310
Event: 62.672 Thread 0x000001cdffe8eb30 flushing  nmethod 0x000001cd84ed5e90
Event: 62.672 Thread 0x000001cdffe8eb30 flushing  nmethod 0x000001cd84ed6310
Event: 62.672 Thread 0x000001cdffe8eb30 flushing  nmethod 0x000001cd84ed6890
Event: 62.672 Thread 0x000001cdffe8eb30 flushing  nmethod 0x000001cd84ed6e10
Event: 62.672 Thread 0x000001cdffe8eb30 flushing  nmethod 0x000001cd84ed7190
Event: 62.672 Thread 0x000001cdffe8eb30 flushing  nmethod 0x000001cd84ed7690
Event: 62.672 Thread 0x000001cdffe8eb30 flushing  nmethod 0x000001cd84ed7c90
Event: 62.672 Thread 0x000001cdffe8eb30 flushing  nmethod 0x000001cd84ed8d90
Event: 62.672 Thread 0x000001cdffe8eb30 flushing  nmethod 0x000001cd84edeb90
Event: 62.672 Thread 0x000001cdffe8eb30 flushing  nmethod 0x000001cd84edf390
Event: 62.672 Thread 0x000001cdffe8eb30 flushing  nmethod 0x000001cd84f16310
Event: 62.672 Thread 0x000001cdffe8eb30 flushing  nmethod 0x000001cd84f23110
Event: 62.672 Thread 0x000001cdffe8eb30 flushing  nmethod 0x000001cd84f23e90
Event: 62.672 Thread 0x000001cdffe8eb30 flushing  nmethod 0x000001cd84f24490

Events (20 events):
Event: 1774.761 Thread 0x000001cddf90da70 Thread added: 0x000001cddf911c10
Event: 1774.808 Thread 0x000001cddf9101d0 Thread added: 0x000001cde28d7550
Event: 1774.808 Thread 0x000001cddf911c10 Thread exited: 0x000001cddf911c10
Event: 1775.156 Thread 0x000001cde28d7550 Thread exited: 0x000001cde28d7550
Event: 1801.462 Thread 0x000001cde28dc410 Thread exited: 0x000001cde28dc410
Event: 1834.835 Thread 0x000001cde28dbd80 Thread exited: 0x000001cde28dbd80
Event: 1835.677 Thread 0x000001cde28d9cb0 Thread exited: 0x000001cde28d9cb0
Event: 1894.863 Thread 0x000001cde28d7be0 Thread exited: 0x000001cde28d7be0
Event: 1954.856 Thread 0x000001cde28d8f90 Thread exited: 0x000001cde28d8f90
Event: 2014.861 Thread 0x000001cde28d6830 Thread exited: 0x000001cde28d6830
Event: 2041.190 Thread 0x000001cddf4b36d0 Thread added: 0x000001cde28d7be0
Event: 2041.191 Thread 0x000001cde28d8900 Thread exited: 0x000001cde28d8900
Event: 2041.480 Thread 0x000001cde28d7be0 Thread exited: 0x000001cde28d7be0
Event: 2041.789 Thread 0x000001cddf4b36d0 Thread added: 0x000001cde28d8900
Event: 2041.810 Thread 0x000001cde28d8900 Thread exited: 0x000001cde28d8900
Event: 2042.133 Thread 0x000001cdda880110 Thread added: 0x000001cde22770b0
Event: 2047.330 Thread 0x000001cde22770b0 Thread exited: 0x000001cde22770b0
Event: 2074.862 Thread 0x000001cde28d8270 Thread exited: 0x000001cde28d8270
Event: 2134.875 Thread 0x000001cde28da9d0 Thread exited: 0x000001cde28da9d0
Event: 2194.885 Thread 0x000001cde28db060 Thread exited: 0x000001cde28db060


Dynamic libraries:
0x00007ff6c44f0000 - 0x00007ff6c44fe000 	c:\Users\aniln\.vscode\extensions\redhat.java-1.54.0-win32-x64\jre\21.0.10-win32-x86_64\bin\java.exe
0x00007ffe2a940000 - 0x00007ffe2aba6000 	C:\WINDOWS\SYSTEM32\ntdll.dll
0x00007ffe2a600000 - 0x00007ffe2a6c9000 	C:\WINDOWS\System32\KERNEL32.DLL
0x00007ffe28070000 - 0x00007ffe2846a000 	C:\WINDOWS\System32\KERNELBASE.dll
0x00007ffe28470000 - 0x00007ffe285bc000 	C:\WINDOWS\System32\ucrtbase.dll
0x00007ffdf6b50000 - 0x00007ffdf6b68000 	c:\Users\aniln\.vscode\extensions\redhat.java-1.54.0-win32-x64\jre\21.0.10-win32-x86_64\bin\jli.dll
0x00007ffe2a3a0000 - 0x00007ffe2a567000 	C:\WINDOWS\System32\USER32.dll
0x00007ffe28680000 - 0x00007ffe286a7000 	C:\WINDOWS\System32\win32u.dll
0x00007ffdf5580000 - 0x00007ffdf559e000 	c:\Users\aniln\.vscode\extensions\redhat.java-1.54.0-win32-x64\jre\21.0.10-win32-x86_64\bin\VCRUNTIME140.dll
0x00007ffe29170000 - 0x00007ffe2919b000 	C:\WINDOWS\System32\GDI32.dll
0x00007ffe27bd0000 - 0x00007ffe27cfb000 	C:\WINDOWS\System32\gdi32full.dll
0x00007ffe27e80000 - 0x00007ffe27f23000 	C:\WINDOWS\System32\msvcp_win.dll
0x00007ffe0b4d0000 - 0x00007ffe0b762000 	C:\WINDOWS\WinSxS\amd64_microsoft.windows.common-controls_6595b64144ccf1df_6.0.26100.8521_none_3e08b75ce33403b3\COMCTL32.dll
0x00007ffe28df0000 - 0x00007ffe28e99000 	C:\WINDOWS\System32\msvcrt.dll
0x00007ffe2a340000 - 0x00007ffe2a372000 	C:\WINDOWS\System32\IMM32.DLL
0x00007ffdf7690000 - 0x00007ffdf769c000 	c:\Users\aniln\.vscode\extensions\redhat.java-1.54.0-win32-x64\jre\21.0.10-win32-x86_64\bin\vcruntime140_1.dll
0x00007ffdba2d0000 - 0x00007ffdba35d000 	c:\Users\aniln\.vscode\extensions\redhat.java-1.54.0-win32-x64\jre\21.0.10-win32-x86_64\bin\msvcp140.dll
0x00007ffda5ef0000 - 0x00007ffda6c91000 	c:\Users\aniln\.vscode\extensions\redhat.java-1.54.0-win32-x64\jre\21.0.10-win32-x86_64\bin\server\jvm.dll
0x00007ffe28f10000 - 0x00007ffe28fc6000 	C:\WINDOWS\System32\ADVAPI32.dll
0x00007ffe29b90000 - 0x00007ffe29c3a000 	C:\WINDOWS\System32\sechost.dll
0x00007ffe28cd0000 - 0x00007ffe28de8000 	C:\WINDOWS\System32\RPCRT4.dll
0x00007ffe2a2b0000 - 0x00007ffe2a330000 	C:\WINDOWS\System32\WS2_32.dll
0x00007ffe27a30000 - 0x00007ffe27a8e000 	C:\WINDOWS\SYSTEM32\POWRPROF.dll
0x00007ffe25480000 - 0x00007ffe254b6000 	C:\WINDOWS\SYSTEM32\WINMM.dll
0x00007ffe16de0000 - 0x00007ffe16deb000 	C:\WINDOWS\SYSTEM32\VERSION.dll
0x00007ffe27a10000 - 0x00007ffe27a24000 	C:\WINDOWS\SYSTEM32\UMPDC.dll
0x00007ffe26960000 - 0x00007ffe2697b000 	C:\WINDOWS\SYSTEM32\kernel.appcore.dll
0x00007ffdf1300000 - 0x00007ffdf130a000 	c:\Users\aniln\.vscode\extensions\redhat.java-1.54.0-win32-x64\jre\21.0.10-win32-x86_64\bin\jimage.dll
0x00007ffe251f0000 - 0x00007ffe25432000 	C:\WINDOWS\SYSTEM32\DBGHELP.DLL
0x00007ffe29e70000 - 0x00007ffe2a1f3000 	C:\WINDOWS\System32\combase.dll
0x00007ffe29d00000 - 0x00007ffe29dd9000 	C:\WINDOWS\System32\OLEAUT32.dll
0x00007ffe25440000 - 0x00007ffe2547b000 	C:\WINDOWS\SYSTEM32\dbgcore.DLL
0x00007ffe27fc0000 - 0x00007ffe28068000 	C:\WINDOWS\System32\bcryptPrimitives.dll
0x00007ffded0f0000 - 0x00007ffded0ff000 	c:\Users\aniln\.vscode\extensions\redhat.java-1.54.0-win32-x64\jre\21.0.10-win32-x86_64\bin\instrument.dll
0x00007ffde5f30000 - 0x00007ffde5f50000 	c:\Users\aniln\.vscode\extensions\redhat.java-1.54.0-win32-x64\jre\21.0.10-win32-x86_64\bin\java.dll
0x00007ffe291a0000 - 0x00007ffe29924000 	C:\WINDOWS\System32\SHELL32.dll
0x00007ffe25760000 - 0x00007ffe25fe0000 	C:\WINDOWS\SYSTEM32\windows.storage.dll
0x00007ffe29930000 - 0x00007ffe29a26000 	C:\WINDOWS\System32\SHCORE.dll
0x00007ffe28ea0000 - 0x00007ffe28f07000 	C:\WINDOWS\System32\shlwapi.dll
0x00007ffe27af0000 - 0x00007ffe27b19000 	C:\WINDOWS\SYSTEM32\profapi.dll
0x00007ffdd4ad0000 - 0x00007ffdd4ae8000 	c:\Users\aniln\.vscode\extensions\redhat.java-1.54.0-win32-x64\jre\21.0.10-win32-x86_64\bin\zip.dll
0x00007ffded0e0000 - 0x00007ffded0f0000 	C:\Users\aniln\.vscode\extensions\redhat.java-1.54.0-win32-x64\jre\21.0.10-win32-x86_64\bin\net.dll
0x00007ffe1e6e0000 - 0x00007ffe1e809000 	C:\WINDOWS\SYSTEM32\WINHTTP.dll
0x00007ffe26ed0000 - 0x00007ffe26f3c000 	C:\WINDOWS\system32\mswsock.dll
0x00007ffdd23b0000 - 0x00007ffdd23c6000 	C:\Users\aniln\.vscode\extensions\redhat.java-1.54.0-win32-x64\jre\21.0.10-win32-x86_64\bin\nio.dll
0x00007ffdd4ac0000 - 0x00007ffdd4ad0000 	c:\Users\aniln\.vscode\extensions\redhat.java-1.54.0-win32-x64\jre\21.0.10-win32-x86_64\bin\verify.dll
0x00007ffdbabc0000 - 0x00007ffdbac05000 	C:\Users\aniln\AppData\Roaming\Code\User\globalStorage\redhat.java\1.54.0\config_win\org.eclipse.equinox.launcher\org.eclipse.equinox.launcher.win32.win32.x86_64_1.3.0.v20260203-2149\eclipse_11919.dll
0x00007ffe28fd0000 - 0x00007ffe29168000 	C:\WINDOWS\System32\ole32.dll
0x00007ffe271b0000 - 0x00007ffe271cb000 	C:\WINDOWS\SYSTEM32\CRYPTSP.dll
0x00007ffe268c0000 - 0x00007ffe268f9000 	C:\WINDOWS\system32\rsaenh.dll
0x00007ffe26f80000 - 0x00007ffe26fb3000 	C:\WINDOWS\SYSTEM32\USERENV.dll
0x00007ffe27ac0000 - 0x00007ffe27aea000 	C:\WINDOWS\SYSTEM32\bcrypt.dll
0x00007ffe271d0000 - 0x00007ffe271dc000 	C:\WINDOWS\SYSTEM32\CRYPTBASE.dll
0x00007ffe26320000 - 0x00007ffe26353000 	C:\WINDOWS\SYSTEM32\IPHLPAPI.DLL
0x00007ffe29e60000 - 0x00007ffe29e6a000 	C:\WINDOWS\System32\NSI.dll
0x00007ffdc20f0000 - 0x00007ffdc2139000 	C:\Users\aniln\AppData\Local\Temp\jna-2998800\jna11558479239269223035.dll
0x00007ffe2a6e0000 - 0x00007ffe2a6e8000 	C:\WINDOWS\System32\PSAPI.DLL
0x00007ffe20b60000 - 0x00007ffe20b7d000 	C:\WINDOWS\SYSTEM32\dhcpcsvc6.DLL
0x00007ffe208d0000 - 0x00007ffe208f5000 	C:\WINDOWS\SYSTEM32\dhcpcsvc.DLL
0x00007ffe222f0000 - 0x00007ffe222f9000 	C:\Users\aniln\.vscode\extensions\redhat.java-1.54.0-win32-x64\jre\21.0.10-win32-x86_64\bin\extnet.dll

JVMTI agents:
c:\Users\aniln\.vscode\extensions\redhat.java-1.54.0-win32-x64\lombok\lombok-1.18.39-4050.jar path:c:\Users\aniln\.vscode\extensions\redhat.java-1.54.0-win32-x64\jre\21.0.10-win32-x86_64\bin\instrument.dll, loaded, initialized, instrumentlib options:none

dbghelp: loaded successfully - version: 4.0.5 - missing functions: none
symbol engine: initialized successfully - sym options: 0x614 - pdb path: .;c:\Users\aniln\.vscode\extensions\redhat.java-1.54.0-win32-x64\jre\21.0.10-win32-x86_64\bin;C:\WINDOWS\SYSTEM32;C:\WINDOWS\WinSxS\amd64_microsoft.windows.common-controls_6595b64144ccf1df_6.0.26100.8521_none_3e08b75ce33403b3;c:\Users\aniln\.vscode\extensions\redhat.java-1.54.0-win32-x64\jre\21.0.10-win32-x86_64\bin\server;C:\Users\aniln\AppData\Roaming\Code\User\globalStorage\redhat.java\1.54.0\config_win\org.eclipse.equinox.launcher\org.eclipse.equinox.launcher.win32.win32.x86_64_1.3.0.v20260203-2149;C:\Users\aniln\AppData\Local\Temp\jna-2998800

VM Arguments:
jvm_args: --add-modules=ALL-SYSTEM --add-opens=java.base/java.util=ALL-UNNAMED --add-opens=java.base/java.lang=ALL-UNNAMED --add-opens=java.base/sun.nio.fs=ALL-UNNAMED -Declipse.application=org.eclipse.jdt.ls.core.id1 -Dosgi.bundles.defaultStartLevel=4 -Declipse.product=org.eclipse.jdt.ls.core.product -Djava.import.generatesMetadataFilesAtProjectRoot=false -DDetectVMInstallationsJob.disabled=true -Dfile.encoding=utf8 -XX:+UseParallelGC -XX:GCTimeRatio=4 -XX:AdaptiveSizePolicyWeight=90 -Dsun.zip.disableMemoryMapping=true -Xmx2G -Xms100m -Xlog:disable -javaagent:c:\Users\aniln\.vscode\extensions\redhat.java-1.54.0-win32-x64\lombok\lombok-1.18.39-4050.jar -XX:+HeapDumpOnOutOfMemoryError -XX:HeapDumpPath=c:\Users\aniln\AppData\Roaming\Code\User\workspaceStorage\7954bd387919e1a047c35d73d9d45c86\redhat.java -Daether.dependencyCollector.impl=bf 
java_command: c:\Users\aniln\.vscode\extensions\redhat.java-1.54.0-win32-x64\server\plugins\org.eclipse.equinox.launcher_1.7.100.v20251111-0406.jar -configuration c:\Users\aniln\AppData\Roaming\Code\User\globalStorage\redhat.java\1.54.0\config_win -data c:\Users\aniln\AppData\Roaming\Code\User\workspaceStorage\7954bd387919e1a047c35d73d9d45c86\redhat.java\jdt_ws --pipe=\\.\pipe\lsp-90d7593f379c7bc9f61f6bca14f9821f-sock
java_class_path (initial): c:\Users\aniln\.vscode\extensions\redhat.java-1.54.0-win32-x64\server\plugins\org.eclipse.equinox.launcher_1.7.100.v20251111-0406.jar
Launcher Type: SUN_STANDARD

[Global flags]
    uintx AdaptiveSizePolicyWeight                 = 90                                        {product} {command line}
     intx CICompilerCount                          = 4                                         {product} {ergonomic}
    uintx GCTimeRatio                              = 4                                         {product} {command line}
     bool HeapDumpOnOutOfMemoryError               = true                                   {manageable} {command line}
    ccstr HeapDumpPath                             = c:\Users\aniln\AppData\Roaming\Code\User\workspaceStorage\7954bd387919e1a047c35d73d9d45c86\redhat.java         {manageable} {command line}
   size_t InitialHeapSize                          = 104857600                                 {product} {command line}
   size_t MaxHeapSize                              = 2147483648                                {product} {command line}
   size_t MaxNewSize                               = 715653120                                 {product} {ergonomic}
   size_t MinHeapDeltaBytes                        = 524288                                    {product} {ergonomic}
   size_t MinHeapSize                              = 104857600                                 {product} {command line}
   size_t NewSize                                  = 34603008                                  {product} {ergonomic}
    uintx NonNMethodCodeHeapSize                   = 5839372                                {pd product} {ergonomic}
    uintx NonProfiledCodeHeapSize                  = 122909434                              {pd product} {ergonomic}
   size_t OldSize                                  = 70254592                                  {product} {ergonomic}
    uintx ProfiledCodeHeapSize                     = 122909434                              {pd product} {ergonomic}
    uintx ReservedCodeCacheSize                    = 251658240                              {pd product} {ergonomic}
     bool SegmentedCodeCache                       = true                                      {product} {ergonomic}
   size_t SoftMaxHeapSize                          = 2147483648                             {manageable} {ergonomic}
     bool UseCompressedOops                        = true                           {product lp64_product} {ergonomic}
     bool UseLargePagesIndividualAllocation        = false                                  {pd product} {ergonomic}
     bool UseParallelGC                            = true                                      {product} {command line}

Logging:
Log output configuration:
 #0: stdout all=off uptime,level,tags foldmultilines=false
 #1: stderr all=off uptime,level,tags foldmultilines=false

Release file:
JAVA_VERSION="21.0.10" 
MODULES="java.base java.compiler java.datatransfer java.xml java.prefs java.desktop java.instrument java.logging java.management java.security.sasl java.naming java.rmi java.management.rmi java.net.http java.scripting java.security.jgss java.transaction.xa java.sql java.sql.rowset java.xml.crypto java.se java.smartcardio jdk.accessibility jdk.internal.jvmstat jdk.attach jdk.charsets jdk.internal.opt jdk.zipfs jdk.compiler jdk.crypto.ec jdk.crypto.cryptoki jdk.crypto.mscapi jdk.dynalink jdk.internal.ed jdk.editpad jdk.hotspot.agent jdk.httpserver jdk.internal.le jdk.internal.vm.ci jdk.internal.vm.compiler jdk.internal.vm.compiler.management jdk.jartool jdk.javadoc jdk.jcmd jdk.management jdk.management.agent jdk.jconsole jdk.jdeps jdk.jdwp.agent jdk.jdi jdk.jfr jdk.jshell jdk.jsobject jdk.jstatd jdk.localedata jdk.management.jfr jdk.naming.dns jdk.naming.rmi jdk.net jdk.nio.mapmode jdk.random jdk.sctp jdk.security.auth jdk.security.jgss jdk.unsupported jdk.unsupported.desktop jdk.xml.dom" 

Environment Variables:
JAVA_HOME=C:\Program Files\Java\jdk-17
PATH=C:\Users\aniln\AppData\Local\Programs\Python\Python313;C:\Users\aniln\AppData\Local\Programs\Python\Python313\Scripts;C:\Python24\;C:\Python24\Scripts;C:\Program Files (x86)\Rockwell Software\RSCommon\;C:\Program Files\Common Files\Oracle\Java\javapath;C:\node 16\node-v16.20.2-win-x64\node-v16.20.2-win-x64\node_modules\npm;C:\Windows\system32;C:\Windows;C:\Windows\System32\Wbem;C:\Windows\System32\WindowsPowerShell\v1.0\;C:\Windows\System32\OpenSSH\;C:\Program Files\dotnet\;C:\Program Files\Git\cmd;C:\Program Files\apache-maven-3.9.4\bin;C:\Program Files\Java\jdk1.8.0_202\bin;C:\Users\aniln\Downloads\jdk-17_windows-x64_bin\jdk-17.0.8\bin;C:\Program Files\Azure Data Studio\bin;C:\Program Files (x86)\Microsoft SQL Server\160\Tools\Binn\;C:\Program Files\Microsoft SQL Server\160\Tools\Binn\;C:\Program Files\Microsoft SQL Server\Client SDK\ODBC\170\Tools\Binn\;C:\Program Files\Microsoft SQL Server\160\DTS\Binn\;C:\Program Files (x86)\Common Files\Rockwell\;C:\Program Files (x86)\Rockwell Software\RSCommon;C:\Program Files (x86)\Common Files\Rockwell;C:\Program Files (x86)\Rockwell Software\RSView Enterprise\;C:\Program Files\Java\jdk-17\bin;C:\Users\aniln\AppData\Roaming\nvm;C:\Program Files\nodejs;C:\Program Files\MySQL\MySQL Server 8.0\bin;C:\Users\aniln\Documents\dumps;C:\Gradle\gradle-7.3\bin;C:\Program Files (x86)\Rockwell Automation\Common\Components;C:\Program Files\Siemens\Automation\UserManagement\BIN;C:\WINDOWS\system32;C:\WINDOWS;C:\WINDOWS\System32\Wbem;C:\WINDOWS\System32\WindowsPowerShell\v1.0\;C:\WINDOWS\System32\OpenSSH\;C:\terraform\terraform_1.12.2_windows_386;C:\Program Files\Microsoft SQL Server\Client SDK\ODBC\180\Tools\Binn\;C:\Program Files (x86)\Microsoft SQL Server\170\Tools\Binn\;C:\Program Files\Microsoft SQL Server\170\Tools\Binn\;C:\Program Files\Microsoft SQL Server\170\DTS\Binn\;C:\Users\aniln\AppData\Local\Microsoft\WindowsApps;C:\Program Files\JetBrains\IntelliJ IDEA Community Edition 2024.1.1\bin;C:\Users\aniln\AppData\Local\Programs\Microsoft VS Code\bin;C:\Program Files\JetBrains\IntelliJ IDEA 241.11761.10\bin;C:\Users\aniln\AppData\Roaming\npm;C:\Users\aniln\.dotnet\tools
USERNAME=anil
OS=Windows_NT
PROCESSOR_IDENTIFIER=Intel64 Family 6 Model 140 Stepping 1, GenuineIntel
TMP=C:\Users\aniln\AppData\Local\Temp
TEMP=C:\Users\aniln\AppData\Local\Temp




Periodic native trim disabled

---------------  S Y S T E M  ---------------

OS:
 Windows 11 , 64 bit Build 26100 (10.0.26100.8521)
OS uptime: 5 days 21:55 hours
Hyper-V role detected

CPU: total 8 (initial active 8) (4 cores per cpu, 2 threads per core) family 6 model 140 stepping 1 microcode 0xbe, cx8, cmov, fxsr, ht, mmx, 3dnowpref, sse, sse2, sse3, ssse3, sse4.1, sse4.2, popcnt, lzcnt, tsc, tscinvbit, avx, avx2, aes, erms, clmul, bmi1, bmi2, adx, avx512f, avx512dq, avx512cd, avx512bw, avx512vl, sha, fma, vzeroupper, avx512_vpopcntdq, avx512_vpclmulqdq, avx512_vaes, avx512_vnni, clflush, clflushopt, clwb, avx512_vbmi2, avx512_vbmi, hv, rdtscp, rdpid, fsrm, gfni, avx512_bitalg, f16c, cet_ibt, cet_ss, avx512_ifma
Processor Information for the first 8 processors :
  Max Mhz: 2419, Current Mhz: 2419, Mhz Limit: 2419

Memory: 4k page, system-wide physical 7926M (489M free)
TotalPageFile size 32502M (AvailPageFile size 4M)
current process WorkingSet (physical memory assigned to process): 12M, peak: 403M
current process commit charge ("private bytes"): 592M, peak: 611M

vm_info: OpenJDK 64-Bit Server VM (21.0.10+7-LTS) for windows-amd64 JRE (21.0.10+7-LTS), built on 2026-01-20T00:00:00Z by "admin" with MS VC++ 17.12 (VS2022)

END.
