#
# There is insufficient memory for the Java Runtime Environment to continue.
# Native memory allocation (malloc) failed to allocate 1048576 bytes. Error detail: AllocateHeap
# Possible reasons:
#   The system is out of physical RAM or swap space
#   This process is running with CompressedOops enabled, and the Java Heap may be blocking the growth of the native heap
# Possible solutions:
#   Reduce memory load on the system
#   Increase physical memory or swap space
#   Check if swap backing store is full
#   Decrease Java heap size (-Xmx/-Xms)
#   Decrease number of Java threads
#   Decrease Java thread stack sizes (-Xss)
#   Set larger code cache with -XX:ReservedCodeCacheSize=
#   JVM is running with Unscaled Compressed Oops mode in which the Java heap is
#     placed in the first 4GB address space. The Java Heap base address is the
#     maximum limit for the native heap growth. Please use -XX:HeapBaseMinAddress
#     to set the Java Heap base and to place the Java Heap above 4GB virtual address.
# This output file may be truncated or incomplete.
#
#  Out of Memory Error (allocation.cpp:44), pid=19688, tid=20472
#
# JRE version: OpenJDK Runtime Environment Temurin-21.0.11+10 (21.0.11+10) (build 21.0.11+10-LTS)
# Java VM: OpenJDK 64-Bit Server VM Temurin-21.0.11+10 (21.0.11+10-LTS, mixed mode, sharing, tiered, compressed oops, compressed class ptrs, parallel gc, windows-amd64)
# No core dump will be written. Minidumps are not enabled by default on client versions of Windows
#

---------------  S U M M A R Y ------------

Command Line: --add-modules=ALL-SYSTEM --add-opens=java.base/java.util=ALL-UNNAMED --add-opens=java.base/java.lang=ALL-UNNAMED --add-opens=java.base/sun.nio.fs=ALL-UNNAMED -Declipse.application=org.eclipse.jdt.ls.core.id1 -Dosgi.bundles.defaultStartLevel=4 -Declipse.product=org.eclipse.jdt.ls.core.product -Djava.import.generatesMetadataFilesAtProjectRoot=false -DDetectVMInstallationsJob.disabled=true -Dfile.encoding=utf8 -XX:+UseParallelGC -XX:GCTimeRatio=4 -XX:AdaptiveSizePolicyWeight=90 -Dsun.zip.disableMemoryMapping=true -Xmx2G -Xms100m -Xlog:disable -javaagent:c:\Users\aniln\.vscode\extensions\redhat.java-1.55.0-win32-x64\lombok\lombok-1.18.39-4050.jar -XX:+HeapDumpOnOutOfMemoryError -XX:HeapDumpPath=c:\Users\aniln\AppData\Roaming\Code\User\workspaceStorage\7954bd387919e1a047c35d73d9d45c86\redhat.java -Daether.dependencyCollector.impl=bf c:\Users\aniln\.vscode\extensions\redhat.java-1.55.0-win32-x64\server\plugins\org.eclipse.equinox.launcher_1.7.200.v20260619-2039.jar -configuration c:\Users\aniln\AppData\Roaming\Code\User\globalStorage\redhat.java\1.55.0\config_win -data c:\Users\aniln\AppData\Roaming\Code\User\workspaceStorage\7954bd387919e1a047c35d73d9d45c86\redhat.java\jdt_ws --pipe=\\.\pipe\lsp-edbdc3f32395e4667ed8eeea997f207d-sock

Host: 11th Gen Intel(R) Core(TM) i5-1135G7 @ 2.40GHz, 8 cores, 7G,  Windows 11 , 64 bit Build 26100 (10.0.26100.8521)
Time: Tue Jun 30 17:38:25 2026 India Standard Time elapsed time: 892.672436 seconds (0d 0h 14m 52s)

---------------  T H R E A D  ---------------

Current thread (0x000001fa09a131e0):  JavaThread "Attach Listener" daemon [_thread_in_vm, id=20472, stack(0x000000b83c100000,0x000000b83c200000) (1024K)]

Stack: [0x000000b83c100000,0x000000b83c200000]
Native frames: (J=compiled Java code, j=interpreted, Vv=VM code, C=native code)
V  [jvm.dll+0x6d7e19]
V  [jvm.dll+0x8b5096]
V  [jvm.dll+0x8b764e]
V  [jvm.dll+0x8b7d33]
V  [jvm.dll+0x284596]
V  [jvm.dll+0xc13c7]
V  [jvm.dll+0x6d86c9]
V  [jvm.dll+0x133616]
V  [jvm.dll+0x3f868e]
V  [jvm.dll+0x85fb0d]
V  [jvm.dll+0x6d664d]
C  [ucrtbase.dll+0x2cd30]
C  [KERNEL32.DLL+0x2e957]
C  [ntdll.dll+0x87c1c]


---------------  P R O C E S S  ---------------

Threads class SMR info:
_java_thread_list=0x000001fa6b0cfa10, length=41, elements={
0x000001fa09a90670, 0x000001fa09b4b110, 0x000001fa09b4bc70, 0x000001fa09a0b680,
0x000001fa09a131e0, 0x000001fa09a13870, 0x000001fa09a11e30, 0x000001fa09a21ed0,
0x000001fa09a254f0, 0x000001fa09a117a0, 0x000001fa09a12b50, 0x000001fa09a103f0,
0x000001fa09a10a80, 0x000001fa09a124c0, 0x000001fa09a11110, 0x000001fa683365e0,
0x000001fa68336c70, 0x000001fa68334510, 0x000001fa683358c0, 0x000001fa68333e80,
0x000001fa68335f50, 0x000001fa68338d40, 0x000001fa6833a780, 0x000001fa683386b0,
0x000001fa6833ae10, 0x000001fa683393d0, 0x000001fa6833a0f0, 0x000001fa68337990,
0x000001fa68338020, 0x000001fa68339a60, 0x000001fa68ff6e40, 0x000001fa68ff6120,
0x000001fa68ff5a90, 0x000001fa68ff74d0, 0x000001fa68ff7b60, 0x000001fa68ff81f0,
0x000001fa68ff5400, 0x000001fa68ffbd00, 0x000001fa68ffafe0, 0x000001fa6c80f030,
0x000001fa6c810a70
}

Java Threads: ( => current thread )
  0x000001fa09a90670 JavaThread "main"                              [_thread_blocked, id=23292, stack(0x000000b83ba00000,0x000000b83bb00000) (1024K)]
  0x000001fa09b4b110 JavaThread "Reference Handler"          daemon [_thread_blocked, id=11852, stack(0x000000b83be00000,0x000000b83bf00000) (1024K)]
  0x000001fa09b4bc70 JavaThread "Finalizer"                  daemon [_thread_blocked, id=23536, stack(0x000000b83bf00000,0x000000b83c000000) (1024K)]
  0x000001fa09a0b680 JavaThread "Signal Dispatcher"          daemon [_thread_blocked, id=20432, stack(0x000000b83c000000,0x000000b83c100000) (1024K)]
=>0x000001fa09a131e0 JavaThread "Attach Listener"            daemon [_thread_in_vm, id=20472, stack(0x000000b83c100000,0x000000b83c200000) (1024K)]
  0x000001fa09a13870 JavaThread "Service Thread"             daemon [_thread_blocked, id=13380, stack(0x000000b83c200000,0x000000b83c300000) (1024K)]
  0x000001fa09a11e30 JavaThread "Monitor Deflation Thread"   daemon [_thread_blocked, id=26368, stack(0x000000b83c300000,0x000000b83c400000) (1024K)]
  0x000001fa09a21ed0 JavaThread "C2 CompilerThread0"         daemon [_thread_blocked, id=25728, stack(0x000000b83c400000,0x000000b83c500000) (1024K)]
  0x000001fa09a254f0 JavaThread "C1 CompilerThread0"         daemon [_thread_blocked, id=16520, stack(0x000000b83c500000,0x000000b83c600000) (1024K)]
  0x000001fa09a117a0 JavaThread "Common-Cleaner"             daemon [_thread_blocked, id=14564, stack(0x000000b83c700000,0x000000b83c800000) (1024K)]
  0x000001fa09a12b50 JavaThread "Notification Thread"        daemon [_thread_blocked, id=6120, stack(0x000000b83c800000,0x000000b83c900000) (1024K)]
  0x000001fa09a103f0 JavaThread "Active Thread: Equinox Container: c2962623-5a34-44fc-95b4-4643500dfbb4"        [_thread_blocked, id=23132, stack(0x000000b83d000000,0x000000b83d100000) (1024K)]
  0x000001fa09a10a80 JavaThread "Refresh Thread: Equinox Container: c2962623-5a34-44fc-95b4-4643500dfbb4" daemon [_thread_blocked, id=11648, stack(0x000000b83d200000,0x000000b83d300000) (1024K)]
  0x000001fa09a124c0 JavaThread "Framework Event Dispatcher: Equinox Container: c2962623-5a34-44fc-95b4-4643500dfbb4" daemon [_thread_blocked, id=13412, stack(0x000000b83d300000,0x000000b83d400000) (1024K)]
  0x000001fa09a11110 JavaThread "Start Level: Equinox Container: c2962623-5a34-44fc-95b4-4643500dfbb4" daemon [_thread_blocked, id=21712, stack(0x000000b83d400000,0x000000b83d500000) (1024K)]
  0x000001fa683365e0 JavaThread "Bundle File Closer"         daemon [_thread_blocked, id=24856, stack(0x000000b83d500000,0x000000b83d600000) (1024K)]
  0x000001fa68336c70 JavaThread "SCR Component Actor"        daemon [_thread_blocked, id=21828, stack(0x000000b83c600000,0x000000b83c700000) (1024K)]
  0x000001fa68334510 JavaThread "Worker-JM"                         [_thread_blocked, id=23956, stack(0x000000b83d700000,0x000000b83d800000) (1024K)]
  0x000001fa683358c0 JavaThread "JNA Cleaner"                daemon [_thread_blocked, id=13008, stack(0x000000b83c900000,0x000000b83ca00000) (1024K)]
  0x000001fa68333e80 JavaThread "Worker-1"                          [_thread_blocked, id=25664, stack(0x000000b83d800000,0x000000b83d900000) (1024K)]
  0x000001fa68335f50 JavaThread "Java indexing"              daemon [_thread_blocked, id=13636, stack(0x000000b83db00000,0x000000b83dc00000) (1024K)]
  0x000001fa68338d40 JavaThread "Thread-1"                   daemon [_thread_in_native, id=23300, stack(0x000000b83e000000,0x000000b83e100000) (1024K)]
  0x000001fa6833a780 JavaThread "Thread-2"                   daemon [_thread_in_native, id=18860, stack(0x000000b83e100000,0x000000b83e200000) (1024K)]
  0x000001fa683386b0 JavaThread "Thread-3"                   daemon [_thread_in_native, id=11076, stack(0x000000b83e200000,0x000000b83e300000) (1024K)]
  0x000001fa6833ae10 JavaThread "Thread-4"                   daemon [_thread_in_native, id=17524, stack(0x000000b83e300000,0x000000b83e400000) (1024K)]
  0x000001fa683393d0 JavaThread "Thread-5"                   daemon [_thread_in_native, id=25924, stack(0x000000b83e400000,0x000000b83e500000) (1024K)]
  0x000001fa6833a0f0 JavaThread "Thread-6"                   daemon [_thread_in_native, id=2224, stack(0x000000b83e500000,0x000000b83e600000) (1024K)]
  0x000001fa68337990 JavaThread "Thread-7"                   daemon [_thread_in_native, id=21440, stack(0x000000b83e600000,0x000000b83e700000) (1024K)]
  0x000001fa68338020 JavaThread "Thread-8"                   daemon [_thread_in_native, id=20500, stack(0x000000b83e700000,0x000000b83e800000) (1024K)]
  0x000001fa68339a60 JavaThread "Thread-9"                   daemon [_thread_in_native, id=17880, stack(0x000000b83e800000,0x000000b83e900000) (1024K)]
  0x000001fa68ff6e40 JavaThread "pool-2-thread-1"                   [_thread_blocked, id=19164, stack(0x000000b83e900000,0x000000b83ea00000) (1024K)]
  0x000001fa68ff6120 JavaThread "WorkspaceEventsHandler"            [_thread_blocked, id=26616, stack(0x000000b83ea00000,0x000000b83eb00000) (1024K)]
  0x000001fa68ff5a90 JavaThread "pool-1-thread-1"                   [_thread_blocked, id=26348, stack(0x000000b83eb00000,0x000000b83ec00000) (1024K)]
  0x000001fa68ff74d0 JavaThread "PatternSearchJob-worker-2"  daemon [_thread_blocked, id=26200, stack(0x000000b83ed00000,0x000000b83ee00000) (1024K)]
  0x000001fa68ff7b60 JavaThread "PatternSearchJob-worker-3"  daemon [_thread_blocked, id=12084, stack(0x000000b83ee00000,0x000000b83ef00000) (1024K)]
  0x000001fa68ff81f0 JavaThread "PatternSearchJob-worker-4"  daemon [_thread_blocked, id=26284, stack(0x000000b83ef00000,0x000000b83f000000) (1024K)]
  0x000001fa68ff5400 JavaThread "PatternSearchJob-worker-5"  daemon [_thread_blocked, id=11480, stack(0x000000b83f000000,0x000000b83f100000) (1024K)]
  0x000001fa68ffbd00 JavaThread "PatternSearchJob-worker-7"  daemon [_thread_blocked, id=7468, stack(0x000000b83f200000,0x000000b83f300000) (1024K)]
  0x000001fa68ffafe0 JavaThread "Worker-4"                          [_thread_blocked, id=9568, stack(0x000000b83f700000,0x000000b83f800000) (1024K)]
  0x000001fa6c80f030 JavaThread "Cleaner-0"                  daemon [_thread_blocked, id=17684, stack(0x000000b83fb00000,0x000000b83fc00000) (1024K)]
  0x000001fa6c810a70 JavaThread "HttpClient-1-SelectorManager" daemon [_thread_in_native, id=25908, stack(0x000000b83fc00000,0x000000b83fd00000) (1024K)]
Total: 41

Other Threads:
  0x000001fa09b2ebf0 VMThread "VM Thread"                           [id=17640, stack(0x000000b83bd00000,0x000000b83be00000) (1024K)]
  0x000001fa09afc690 WatcherThread "VM Periodic Task Thread"        [id=22244, stack(0x000000b83bc00000,0x000000b83bd00000) (1024K)]
  0x000001fa09aada80 WorkerThread "GC Thread#0"                     [id=26116, stack(0x000000b83bb00000,0x000000b83bc00000) (1024K)]
  0x000001fa674e5ef0 WorkerThread "GC Thread#1"                     [id=19000, stack(0x000000b83ca00000,0x000000b83cb00000) (1024K)]
  0x000001fa67885ea0 WorkerThread "GC Thread#2"                     [id=14500, stack(0x000000b83cb00000,0x000000b83cc00000) (1024K)]
  0x000001fa67886250 WorkerThread "GC Thread#3"                     [id=11884, stack(0x000000b83cc00000,0x000000b83cd00000) (1024K)]
  0x000001fa67c4ae80 WorkerThread "GC Thread#4"                     [id=17672, stack(0x000000b83cd00000,0x000000b83ce00000) (1024K)]
  0x000001fa67c4b230 WorkerThread "GC Thread#5"                     [id=5704, stack(0x000000b83ce00000,0x000000b83cf00000) (1024K)]
  0x000001fa67e56af0 WorkerThread "GC Thread#6"                     [id=6596, stack(0x000000b83cf00000,0x000000b83d000000) (1024K)]
  0x000001fa67c7d330 WorkerThread "GC Thread#7"                     [id=26504, stack(0x000000b83d100000,0x000000b83d200000) (1024K)]
Total: 10

Threads with active compile tasks:
Total: 0

VM state: not at safepoint (normal execution)

VM Mutex/Monitor currently owned by a thread: None

Heap address: 0x0000000080000000, size: 2048 MB, Compressed Oops mode: 32-bit

CDS archive(s) mapped at: [0x000001fa21000000-0x000001fa21ba0000-0x000001fa21ba0000), size 12189696, SharedBaseAddress: 0x000001fa21000000, ArchiveRelocationMode: 1.
Compressed class space mapped at: 0x000001fa22000000-0x000001fa62000000, reserved size: 1073741824
Narrow klass base: 0x000001fa21000000, Narrow klass shift: 0, Narrow klass range: 0x100000000

GC Precious Log:
 CardTable entry size: 512
 CPUs: 8 total, 8 available
 Memory: 7926M
 Large Page Support: Disabled
 NUMA Support: Disabled
 Compressed Oops: Enabled (32-bit)
 Alignments: Space 512K, Generation 512K, Heap 2M
 Heap Min Capacity: 100M
 Heap Initial Capacity: 100M
 Heap Max Capacity: 2G
 Pre-touch: Disabled
 Parallel Workers: 8

Heap:
 PSYoungGen      total 14336K, used 12734K [0x00000000d5580000, 0x00000000d6780000, 0x0000000100000000)
  eden space 13312K, 89% used [0x00000000d5580000,0x00000000d6126930,0x00000000d6280000)
  from space 1024K, 78% used [0x00000000d6680000,0x00000000d6749210,0x00000000d6780000)
  to   space 1024K, 0% used [0x00000000d6580000,0x00000000d6580000,0x00000000d6680000)
 ParOldGen       total 119296K, used 118965K [0x0000000080000000, 0x0000000087480000, 0x00000000d5580000)
  object space 119296K, 99% used [0x0000000080000000,0x000000008742d4f0,0x0000000087480000)
 Metaspace       used 76254K, committed 77824K, reserved 1179648K
  class space    used 8171K, committed 8896K, reserved 1048576K

Card table byte_map: [0x000001fa09430000,0x000001fa09840000] _byte_map_base: 0x000001fa09030000

Marking Bits: (ParMarkBitMap*) 0x00007ffd555c4460
 Begin Bits: [0x000001fa1bf40000, 0x000001fa1df40000)
 End Bits:   [0x000001fa1df40000, 0x000001fa1ff40000)

Polling page: 0x000001fa07870000

Metaspace:

Usage:
  Non-class:     66.49 MB used.
      Class:      7.98 MB used.
       Both:     74.47 MB used.

Virtual space:
  Non-class space:      128.00 MB reserved,      67.31 MB ( 53%) committed,  2 nodes.
      Class space:        1.00 GB reserved,       8.69 MB ( <1%) committed,  1 nodes.
             Both:        1.12 GB reserved,      76.00 MB (  7%) committed. 

Chunk freelists:
   Non-Class:  12.02 MB
       Class:  7.18 MB
        Both:  19.19 MB

MaxMetaspaceSize: unlimited
CompressedClassSpaceSize: 1.00 GB
Initial GC threshold: 21.00 MB
Current GC threshold: 97.31 MB
CDS: on
 - commit_granule_bytes: 65536.
 - commit_granule_words: 8192.
 - virtual_space_node_default_size: 8388608.
 - enlarge_chunks_in_place: 1.
 - use_allocation_guard: 0.


Internal statistics:

num_allocs_failed_limit: 9.
num_arena_births: 1398.
num_arena_deaths: 32.
num_vsnodes_births: 3.
num_vsnodes_deaths: 0.
num_space_committed: 1216.
num_space_uncommitted: 0.
num_chunks_returned_to_freelist: 49.
num_chunks_taken_from_freelist: 4905.
num_chunk_merges: 24.
num_chunk_splits: 2992.
num_chunks_enlarged: 1631.
num_inconsistent_stats: 0.

CodeHeap 'non-profiled nmethods': size=120000Kb used=8931Kb max_used=8931Kb free=111068Kb
 bounds [0x000001fa14760000, 0x000001fa15020000, 0x000001fa1bc90000]
CodeHeap 'profiled nmethods': size=120000Kb used=28051Kb max_used=28051Kb free=91948Kb
 bounds [0x000001fa0cc90000, 0x000001fa0e800000, 0x000001fa141c0000]
CodeHeap 'non-nmethods': size=5760Kb used=1500Kb max_used=1540Kb free=4259Kb
 bounds [0x000001fa141c0000, 0x000001fa14430000, 0x000001fa14760000]
CodeCache: size=245760Kb, used=38482Kb, max_used=38522Kb, free=207275Kb
 total_blobs=13177, nmethods=12370, adapters=711, full_count=0
Compilation: enabled, stopped_count=0, restarted_count=0

Compilation events (20 events):
Event: 744.224 Thread 0x000001fa09a254f0 13140       3       sun.nio.ch.SelectorImpl::select (35 bytes)
Event: 744.224 Thread 0x000001fa09a254f0 nmethod 13140 0x000001fa0e7f0490 code [0x000001fa0e7f0660, 0x000001fa0e7f0920]
Event: 776.797 Thread 0x000001fa09a254f0 13141       3       java.util.concurrent.ScheduledThreadPoolExecutor$DelayedWorkQueue::setIndex (16 bytes)
Event: 776.798 Thread 0x000001fa09a254f0 nmethod 13141 0x000001fa0e7f0a10 code [0x000001fa0e7f0bc0, 0x000001fa0e7f0ec8]
Event: 781.362 Thread 0x000001fa09a254f0 13142       3       java.util.concurrent.ThreadPoolExecutor$Worker::lock (6 bytes)
Event: 781.362 Thread 0x000001fa09a254f0 nmethod 13142 0x000001fa0e7f0f90 code [0x000001fa0e7f1140, 0x000001fa0e7f1280]
Event: 836.822 Thread 0x000001fa09a254f0 13143   !   3       java.util.concurrent.ThreadPoolExecutor::getTask (177 bytes)
Event: 836.824 Thread 0x000001fa09a254f0 nmethod 13143 0x000001fa0e7f1310 code [0x000001fa0e7f15c0, 0x000001fa0e7f23f0]
Event: 841.378 Thread 0x000001fa09a254f0 13144       3       java.util.concurrent.ThreadPoolExecutor::beforeExecute (1 bytes)
Event: 841.379 Thread 0x000001fa09a254f0 nmethod 13144 0x000001fa0e7f2890 code [0x000001fa0e7f2a20, 0x000001fa0e7f2b28]
Event: 844.998 Thread 0x000001fa09a254f0 13145       3       org.eclipse.core.internal.jobs.JobManager::now (16 bytes)
Event: 844.998 Thread 0x000001fa09a254f0 nmethod 13145 0x000001fa0e7f2b90 code [0x000001fa0e7f2da0, 0x000001fa0e7f3350]
Event: 844.999 Thread 0x000001fa09a254f0 13147       3       java.util.concurrent.atomic.AtomicLong::updateAndGet (59 bytes)
Event: 844.999 Thread 0x000001fa09a254f0 nmethod 13147 0x000001fa0e7f3610 code [0x000001fa0e7f3800, 0x000001fa0e7f3d18]
Event: 844.999 Thread 0x000001fa09a254f0 13146       3       org.eclipse.core.internal.jobs.JobManager$$Lambda/0x000001fa22228260::<init> (10 bytes)
Event: 844.999 Thread 0x000001fa09a254f0 nmethod 13146 0x000001fa0e7f3f90 code [0x000001fa0e7f4140, 0x000001fa0e7f42c8]
Event: 846.824 Thread 0x000001fa09a254f0 13148       1       java.util.concurrent.ThreadPoolExecutor::getQueue (5 bytes)
Event: 846.824 Thread 0x000001fa09a254f0 nmethod 13148 0x000001fa15018b10 code [0x000001fa15018ca0, 0x000001fa15018d68]
Event: 866.839 Thread 0x000001fa09a254f0 13149       3       java.util.concurrent.locks.ReentrantLock::lockInterruptibly (8 bytes)
Event: 866.840 Thread 0x000001fa09a254f0 nmethod 13149 0x000001fa0e7f4390 code [0x000001fa0e7f45a0, 0x000001fa0e7f4b28]

GC Heap History (20 events):
Event: 13.057 GC heap before
{Heap before GC invocations=174 (full 3):
 PSYoungGen      total 14336K, used 14080K [0x00000000d5580000, 0x00000000d6600000, 0x0000000100000000)
  eden space 13312K, 99% used [0x00000000d5580000,0x00000000d627fff8,0x00000000d6280000)
  from space 1024K, 75% used [0x00000000d6500000,0x00000000d65c02d8,0x00000000d6600000)
  to   space 1024K, 0% used [0x00000000d6400000,0x00000000d6400000,0x00000000d6500000)
 ParOldGen       total 109568K, used 109493K [0x0000000080000000, 0x0000000086b00000, 0x00000000d5580000)
  object space 109568K, 99% used [0x0000000080000000,0x0000000086aed758,0x0000000086b00000)
 Metaspace       used 67951K, committed 69440K, reserved 1114112K
  class space    used 7215K, committed 7872K, reserved 1048576K
}
Event: 13.058 GC heap after
{Heap after GC invocations=174 (full 3):
 PSYoungGen      total 14336K, used 794K [0x00000000d5580000, 0x00000000d6580000, 0x0000000100000000)
  eden space 13312K, 0% used [0x00000000d5580000,0x00000000d5580000,0x00000000d6280000)
  from space 1024K, 77% used [0x00000000d6400000,0x00000000d64c6920,0x00000000d6500000)
  to   space 512K, 0% used [0x00000000d6500000,0x00000000d6500000,0x00000000d6580000)
 ParOldGen       total 110080K, used 109813K [0x0000000080000000, 0x0000000086b80000, 0x00000000d5580000)
  object space 110080K, 99% used [0x0000000080000000,0x0000000086b3d758,0x0000000086b80000)
 Metaspace       used 67951K, committed 69440K, reserved 1114112K
  class space    used 7215K, committed 7872K, reserved 1048576K
}
Event: 13.219 GC heap before
{Heap before GC invocations=175 (full 3):
 PSYoungGen      total 14336K, used 14106K [0x00000000d5580000, 0x00000000d6580000, 0x0000000100000000)
  eden space 13312K, 100% used [0x00000000d5580000,0x00000000d6280000,0x00000000d6280000)
  from space 1024K, 77% used [0x00000000d6400000,0x00000000d64c6920,0x00000000d6500000)
  to   space 512K, 0% used [0x00000000d6500000,0x00000000d6500000,0x00000000d6580000)
 ParOldGen       total 110080K, used 109813K [0x0000000080000000, 0x0000000086b80000, 0x00000000d5580000)
  object space 110080K, 99% used [0x0000000080000000,0x0000000086b3d758,0x0000000086b80000)
 Metaspace       used 68291K, committed 69760K, reserved 1114112K
  class space    used 7248K, committed 7872K, reserved 1048576K
}
Event: 13.221 GC heap after
{Heap after GC invocations=175 (full 3):
 PSYoungGen      total 13824K, used 512K [0x00000000d5580000, 0x00000000d6580000, 0x0000000100000000)
  eden space 13312K, 0% used [0x00000000d5580000,0x00000000d5580000,0x00000000d6280000)
  from space 512K, 100% used [0x00000000d6500000,0x00000000d6580000,0x00000000d6580000)
  to   space 1536K, 0% used [0x00000000d6280000,0x00000000d6280000,0x00000000d6400000)
 ParOldGen       total 110592K, used 110554K [0x0000000080000000, 0x0000000086c00000, 0x00000000d5580000)
  object space 110592K, 99% used [0x0000000080000000,0x0000000086bf6998,0x0000000086c00000)
 Metaspace       used 68291K, committed 69760K, reserved 1114112K
  class space    used 7248K, committed 7872K, reserved 1048576K
}
Event: 18.955 GC heap before
{Heap before GC invocations=176 (full 3):
 PSYoungGen      total 13824K, used 13824K [0x00000000d5580000, 0x00000000d6580000, 0x0000000100000000)
  eden space 13312K, 100% used [0x00000000d5580000,0x00000000d6280000,0x00000000d6280000)
  from space 512K, 100% used [0x00000000d6500000,0x00000000d6580000,0x00000000d6580000)
  to   space 1536K, 0% used [0x00000000d6280000,0x00000000d6280000,0x00000000d6400000)
 ParOldGen       total 110592K, used 110554K [0x0000000080000000, 0x0000000086c00000, 0x00000000d5580000)
  object space 110592K, 99% used [0x0000000080000000,0x0000000086bf6998,0x0000000086c00000)
 Metaspace       used 68599K, committed 70080K, reserved 1114112K
  class space    used 7276K, committed 7936K, reserved 1048576K
}
Event: 18.956 GC heap after
{Heap after GC invocations=176 (full 3):
 PSYoungGen      total 14848K, used 596K [0x00000000d5580000, 0x00000000d6580000, 0x0000000100000000)
  eden space 13312K, 0% used [0x00000000d5580000,0x00000000d5580000,0x00000000d6280000)
  from space 1536K, 38% used [0x00000000d6280000,0x00000000d6315200,0x00000000d6400000)
  to   space 1024K, 0% used [0x00000000d6480000,0x00000000d6480000,0x00000000d6580000)
 ParOldGen       total 111104K, used 111031K [0x0000000080000000, 0x0000000086c80000, 0x00000000d5580000)
  object space 111104K, 99% used [0x0000000080000000,0x0000000086c6dcf8,0x0000000086c80000)
 Metaspace       used 68599K, committed 70080K, reserved 1114112K
  class space    used 7276K, committed 7936K, reserved 1048576K
}
Event: 24.660 GC heap before
{Heap before GC invocations=177 (full 3):
 PSYoungGen      total 14848K, used 13896K [0x00000000d5580000, 0x00000000d6580000, 0x0000000100000000)
  eden space 13312K, 99% used [0x00000000d5580000,0x00000000d627d198,0x00000000d6280000)
  from space 1536K, 38% used [0x00000000d6280000,0x00000000d6315200,0x00000000d6400000)
  to   space 1024K, 0% used [0x00000000d6480000,0x00000000d6480000,0x00000000d6580000)
 ParOldGen       total 111104K, used 111031K [0x0000000080000000, 0x0000000086c80000, 0x00000000d5580000)
  object space 111104K, 99% used [0x0000000080000000,0x0000000086c6dcf8,0x0000000086c80000)
 Metaspace       used 68886K, committed 70336K, reserved 1114112K
  class space    used 7296K, committed 7936K, reserved 1048576K
}
Event: 24.661 GC heap after
{Heap after GC invocations=177 (full 3):
 PSYoungGen      total 14336K, used 640K [0x00000000d5580000, 0x00000000d6580000, 0x0000000100000000)
  eden space 13312K, 0% used [0x00000000d5580000,0x00000000d5580000,0x00000000d6280000)
  from space 1024K, 62% used [0x00000000d6480000,0x00000000d6520000,0x00000000d6580000)
  to   space 1024K, 0% used [0x00000000d6380000,0x00000000d6380000,0x00000000d6480000)
 ParOldGen       total 111616K, used 111499K [0x0000000080000000, 0x0000000086d00000, 0x00000000d5580000)
  object space 111616K, 99% used [0x0000000080000000,0x0000000086ce2f08,0x0000000086d00000)
 Metaspace       used 68886K, committed 70336K, reserved 1114112K
  class space    used 7296K, committed 7936K, reserved 1048576K
}
Event: 24.744 GC heap before
{Heap before GC invocations=178 (full 3):
 PSYoungGen      total 14336K, used 13952K [0x00000000d5580000, 0x00000000d6580000, 0x0000000100000000)
  eden space 13312K, 100% used [0x00000000d5580000,0x00000000d6280000,0x00000000d6280000)
  from space 1024K, 62% used [0x00000000d6480000,0x00000000d6520000,0x00000000d6580000)
  to   space 1024K, 0% used [0x00000000d6380000,0x00000000d6380000,0x00000000d6480000)
 ParOldGen       total 111616K, used 111499K [0x0000000080000000, 0x0000000086d00000, 0x00000000d5580000)
  object space 111616K, 99% used [0x0000000080000000,0x0000000086ce2f08,0x0000000086d00000)
 Metaspace       used 70338K, committed 71808K, reserved 1114112K
  class space    used 7459K, committed 8128K, reserved 1048576K
}
Event: 24.747 GC heap after
{Heap after GC invocations=178 (full 3):
 PSYoungGen      total 14336K, used 1024K [0x00000000d5580000, 0x00000000d6d80000, 0x0000000100000000)
  eden space 13312K, 0% used [0x00000000d5580000,0x00000000d5580000,0x00000000d6280000)
  from space 1024K, 100% used [0x00000000d6380000,0x00000000d6480000,0x00000000d6480000)
  to   space 5632K, 0% used [0x00000000d6800000,0x00000000d6800000,0x00000000d6d80000)
 ParOldGen       total 115200K, used 115193K [0x0000000080000000, 0x0000000087080000, 0x00000000d5580000)
  object space 115200K, 99% used [0x0000000080000000,0x000000008707e4c8,0x0000000087080000)
 Metaspace       used 70338K, committed 71808K, reserved 1114112K
  class space    used 7459K, committed 8128K, reserved 1048576K
}
Event: 25.008 GC heap before
{Heap before GC invocations=179 (full 3):
 PSYoungGen      total 14336K, used 14336K [0x00000000d5580000, 0x00000000d6d80000, 0x0000000100000000)
  eden space 13312K, 100% used [0x00000000d5580000,0x00000000d6280000,0x00000000d6280000)
  from space 1024K, 100% used [0x00000000d6380000,0x00000000d6480000,0x00000000d6480000)
  to   space 5632K, 0% used [0x00000000d6800000,0x00000000d6800000,0x00000000d6d80000)
 ParOldGen       total 115200K, used 115193K [0x0000000080000000, 0x0000000087080000, 0x00000000d5580000)
  object space 115200K, 99% used [0x0000000080000000,0x000000008707e4c8,0x0000000087080000)
 Metaspace       used 72890K, committed 74368K, reserved 1179648K
  class space    used 7781K, committed 8448K, reserved 1048576K
}
Event: 25.010 GC heap after
{Heap after GC invocations=179 (full 3):
 PSYoungGen      total 14336K, used 745K [0x00000000d5580000, 0x00000000d6900000, 0x0000000100000000)
  eden space 13312K, 0% used [0x00000000d5580000,0x00000000d5580000,0x00000000d6280000)
  from space 1024K, 72% used [0x00000000d6800000,0x00000000d68ba460,0x00000000d6900000)
  to   space 2560K, 0% used [0x00000000d6400000,0x00000000d6400000,0x00000000d6680000)
 ParOldGen       total 116224K, used 116216K [0x0000000080000000, 0x0000000087180000, 0x00000000d5580000)
  object space 116224K, 99% used [0x0000000080000000,0x000000008717e068,0x0000000087180000)
 Metaspace       used 72890K, committed 74368K, reserved 1179648K
  class space    used 7781K, committed 8448K, reserved 1048576K
}
Event: 25.331 GC heap before
{Heap before GC invocations=180 (full 3):
 PSYoungGen      total 14336K, used 14057K [0x00000000d5580000, 0x00000000d6900000, 0x0000000100000000)
  eden space 13312K, 100% used [0x00000000d5580000,0x00000000d6280000,0x00000000d6280000)
  from space 1024K, 72% used [0x00000000d6800000,0x00000000d68ba460,0x00000000d6900000)
  to   space 2560K, 0% used [0x00000000d6400000,0x00000000d6400000,0x00000000d6680000)
 ParOldGen       total 116224K, used 116216K [0x0000000080000000, 0x0000000087180000, 0x00000000d5580000)
  object space 116224K, 99% used [0x0000000080000000,0x000000008717e068,0x0000000087180000)
 Metaspace       used 74696K, committed 76160K, reserved 1179648K
  class space    used 8030K, committed 8704K, reserved 1048576K
}
Event: 25.333 GC heap after
{Heap after GC invocations=180 (full 3):
 PSYoungGen      total 15872K, used 512K [0x00000000d5580000, 0x00000000d6880000, 0x0000000100000000)
  eden space 13312K, 0% used [0x00000000d5580000,0x00000000d5580000,0x00000000d6280000)
  from space 2560K, 20% used [0x00000000d6400000,0x00000000d6480000,0x00000000d6680000)
  to   space 1024K, 0% used [0x00000000d6780000,0x00000000d6780000,0x00000000d6880000)
 ParOldGen       total 117248K, used 116843K [0x0000000080000000, 0x0000000087280000, 0x00000000d5580000)
  object space 117248K, 99% used [0x0000000080000000,0x000000008721acf8,0x0000000087280000)
 Metaspace       used 74696K, committed 76160K, reserved 1179648K
  class space    used 8030K, committed 8704K, reserved 1048576K
}
Event: 31.147 GC heap before
{Heap before GC invocations=181 (full 3):
 PSYoungGen      total 15872K, used 13824K [0x00000000d5580000, 0x00000000d6880000, 0x0000000100000000)
  eden space 13312K, 100% used [0x00000000d5580000,0x00000000d6280000,0x00000000d6280000)
  from space 2560K, 20% used [0x00000000d6400000,0x00000000d6480000,0x00000000d6680000)
  to   space 1024K, 0% used [0x00000000d6780000,0x00000000d6780000,0x00000000d6880000)
 ParOldGen       total 117248K, used 116843K [0x0000000080000000, 0x0000000087280000, 0x00000000d5580000)
  object space 117248K, 99% used [0x0000000080000000,0x000000008721acf8,0x0000000087280000)
 Metaspace       used 75492K, committed 77056K, reserved 1179648K
  class space    used 8132K, committed 8832K, reserved 1048576K
}
Event: 31.150 GC heap after
{Heap after GC invocations=181 (full 3):
 PSYoungGen      total 14336K, used 1008K [0x00000000d5580000, 0x00000000d6880000, 0x0000000100000000)
  eden space 13312K, 0% used [0x00000000d5580000,0x00000000d5580000,0x00000000d6280000)
  from space 1024K, 98% used [0x00000000d6780000,0x00000000d687c040,0x00000000d6880000)
  to   space 2560K, 0% used [0x00000000d6380000,0x00000000d6380000,0x00000000d6600000)
 ParOldGen       total 117760K, used 117691K [0x0000000080000000, 0x0000000087300000, 0x00000000d5580000)
  object space 117760K, 99% used [0x0000000080000000,0x00000000872eed08,0x0000000087300000)
 Metaspace       used 75492K, committed 77056K, reserved 1179648K
  class space    used 8132K, committed 8832K, reserved 1048576K
}
Event: 35.835 GC heap before
{Heap before GC invocations=182 (full 3):
 PSYoungGen      total 14336K, used 14320K [0x00000000d5580000, 0x00000000d6880000, 0x0000000100000000)
  eden space 13312K, 100% used [0x00000000d5580000,0x00000000d6280000,0x00000000d6280000)
  from space 1024K, 98% used [0x00000000d6780000,0x00000000d687c040,0x00000000d6880000)
  to   space 2560K, 0% used [0x00000000d6380000,0x00000000d6380000,0x00000000d6600000)
 ParOldGen       total 117760K, used 117691K [0x0000000080000000, 0x0000000087300000, 0x00000000d5580000)
  object space 117760K, 99% used [0x0000000080000000,0x00000000872eed08,0x0000000087300000)
 Metaspace       used 75775K, committed 77248K, reserved 1179648K
  class space    used 8144K, committed 8832K, reserved 1048576K
}
Event: 35.837 GC heap after
{Heap after GC invocations=182 (full 3):
 PSYoungGen      total 15872K, used 970K [0x00000000d5580000, 0x00000000d6800000, 0x0000000100000000)
  eden space 13312K, 0% used [0x00000000d5580000,0x00000000d5580000,0x00000000d6280000)
  from space 2560K, 37% used [0x00000000d6380000,0x00000000d6472910,0x00000000d6600000)
  to   space 1536K, 0% used [0x00000000d6680000,0x00000000d6680000,0x00000000d6800000)
 ParOldGen       total 118272K, used 118155K [0x0000000080000000, 0x0000000087380000, 0x00000000d5580000)
  object space 118272K, 99% used [0x0000000080000000,0x0000000087362d18,0x0000000087380000)
 Metaspace       used 75775K, committed 77248K, reserved 1179648K
  class space    used 8144K, committed 8832K, reserved 1048576K
}
Event: 41.827 GC heap before
{Heap before GC invocations=183 (full 3):
 PSYoungGen      total 15872K, used 14282K [0x00000000d5580000, 0x00000000d6800000, 0x0000000100000000)
  eden space 13312K, 100% used [0x00000000d5580000,0x00000000d6280000,0x00000000d6280000)
  from space 2560K, 37% used [0x00000000d6380000,0x00000000d6472910,0x00000000d6600000)
  to   space 1536K, 0% used [0x00000000d6680000,0x00000000d6680000,0x00000000d6800000)
 ParOldGen       total 118272K, used 118155K [0x0000000080000000, 0x0000000087380000, 0x00000000d5580000)
  object space 118272K, 99% used [0x0000000080000000,0x0000000087362d18,0x0000000087380000)
 Metaspace       used 75972K, committed 77440K, reserved 1179648K
  class space    used 8145K, committed 8832K, reserved 1048576K
}
Event: 41.829 GC heap after
{Heap after GC invocations=183 (full 3):
 PSYoungGen      total 14336K, used 804K [0x00000000d5580000, 0x00000000d6780000, 0x0000000100000000)
  eden space 13312K, 0% used [0x00000000d5580000,0x00000000d5580000,0x00000000d6280000)
  from space 1024K, 78% used [0x00000000d6680000,0x00000000d6749210,0x00000000d6780000)
  to   space 1024K, 0% used [0x00000000d6580000,0x00000000d6580000,0x00000000d6680000)
 ParOldGen       total 119296K, used 118965K [0x0000000080000000, 0x0000000087480000, 0x00000000d5580000)
  object space 119296K, 99% used [0x0000000080000000,0x000000008742d4f0,0x0000000087480000)
 Metaspace       used 75972K, committed 77440K, reserved 1179648K
  class space    used 8145K, committed 8832K, reserved 1048576K
}

Dll operation events (12 events):
Event: 0.010 Loaded shared library c:\Users\aniln\.vscode\extensions\redhat.java-1.55.0-win32-x64\jre\21.0.11-win32-x86_64\bin\java.dll
Event: 0.062 Loaded shared library c:\Users\aniln\.vscode\extensions\redhat.java-1.55.0-win32-x64\jre\21.0.11-win32-x86_64\bin\zip.dll
Event: 0.079 Loaded shared library C:\Users\aniln\.vscode\extensions\redhat.java-1.55.0-win32-x64\jre\21.0.11-win32-x86_64\bin\instrument.dll
Event: 0.085 Loaded shared library C:\Users\aniln\.vscode\extensions\redhat.java-1.55.0-win32-x64\jre\21.0.11-win32-x86_64\bin\net.dll
Event: 0.088 Loaded shared library C:\Users\aniln\.vscode\extensions\redhat.java-1.55.0-win32-x64\jre\21.0.11-win32-x86_64\bin\nio.dll
Event: 0.092 Loaded shared library C:\Users\aniln\.vscode\extensions\redhat.java-1.55.0-win32-x64\jre\21.0.11-win32-x86_64\bin\zip.dll
Event: 0.110 Loaded shared library C:\Users\aniln\.vscode\extensions\redhat.java-1.55.0-win32-x64\jre\21.0.11-win32-x86_64\bin\jimage.dll
Event: 0.238 Loaded shared library c:\Users\aniln\.vscode\extensions\redhat.java-1.55.0-win32-x64\jre\21.0.11-win32-x86_64\bin\verify.dll
Event: 1.450 Loaded shared library C:\Users\aniln\AppData\Roaming\Code\User\globalStorage\redhat.java\1.55.0\config_win\org.eclipse.equinox.launcher\org.eclipse.equinox.launcher.win32.win32.x86_64_1.3.100.v20260613-0559\eclipse_11924.dll
Event: 4.863 Loaded shared library C:\Users\aniln\AppData\Local\Temp\jna-2998800\jna9280290368987806870.dll
Event: 24.683 Loaded shared library C:\Users\aniln\.vscode\extensions\redhat.java-1.55.0-win32-x64\jre\21.0.11-win32-x86_64\bin\sunmscapi.dll
Event: 24.800 Loaded shared library C:\Users\aniln\.vscode\extensions\redhat.java-1.55.0-win32-x64\jre\21.0.11-win32-x86_64\bin\extnet.dll

Deoptimization events (20 events):
Event: 44.932 Thread 0x000001fa68ff8f10 Uncommon trap: trap_request=0xffffffd6 fr.pc=0x000001fa1500ad20 relative=0x00000000000003c0
Event: 44.932 Thread 0x000001fa68ff8f10 Uncommon trap: reason=array_check action=maybe_recompile pc=0x000001fa1500ad20 method=java.util.TimSort.binarySort([Ljava/lang/Object;IIILjava/util/Comparator;)V @ 215 c2
Event: 44.932 Thread 0x000001fa68ff8f10 DEOPT PACKING pc=0x000001fa1500ad20 sp=0x000000b83fafd850
Event: 44.932 Thread 0x000001fa68ff8f10 DEOPT UNPACKING pc=0x000001fa14216da2 sp=0x000000b83fafd810 mode 2
Event: 44.933 Thread 0x000001fa68ff8f10 Uncommon trap: trap_request=0xffffffd6 fr.pc=0x000001fa1500ad20 relative=0x00000000000003c0
Event: 44.933 Thread 0x000001fa68ff8f10 Uncommon trap: reason=array_check action=maybe_recompile pc=0x000001fa1500ad20 method=java.util.TimSort.binarySort([Ljava/lang/Object;IIILjava/util/Comparator;)V @ 215 c2
Event: 44.933 Thread 0x000001fa68ff8f10 DEOPT PACKING pc=0x000001fa1500ad20 sp=0x000000b83fafdd80
Event: 44.933 Thread 0x000001fa68ff8f10 DEOPT UNPACKING pc=0x000001fa14216da2 sp=0x000000b83fafdd40 mode 2
Event: 44.937 Thread 0x000001fa68ff8f10 DEOPT PACKING pc=0x000001fa0e214203 sp=0x000000b83fafda70
Event: 44.937 Thread 0x000001fa68ff8f10 DEOPT UNPACKING pc=0x000001fa142178e2 sp=0x000000b83fafcf20 mode 0
Event: 44.982 Thread 0x000001fa68ff8f10 Uncommon trap: trap_request=0xffffffd6 fr.pc=0x000001fa1501228c relative=0x000000000000154c
Event: 44.982 Thread 0x000001fa68ff8f10 Uncommon trap: reason=array_check action=maybe_recompile pc=0x000001fa1501228c method=java.util.TimSort.reverseRange([Ljava/lang/Object;II)V @ 27 c2
Event: 44.982 Thread 0x000001fa68ff8f10 DEOPT PACKING pc=0x000001fa1501228c sp=0x000000b83fafcbe0
Event: 44.982 Thread 0x000001fa68ff8f10 DEOPT UNPACKING pc=0x000001fa14216da2 sp=0x000000b83fafca88 mode 2
Event: 44.983 Thread 0x000001fa68ff8f10 Uncommon trap: trap_request=0xffffffd6 fr.pc=0x000001fa1501228c relative=0x000000000000154c
Event: 44.983 Thread 0x000001fa68ff8f10 Uncommon trap: reason=array_check action=maybe_recompile pc=0x000001fa1501228c method=java.util.TimSort.reverseRange([Ljava/lang/Object;II)V @ 27 c2
Event: 44.983 Thread 0x000001fa68ff8f10 DEOPT PACKING pc=0x000001fa1501228c sp=0x000000b83fafde50
Event: 44.983 Thread 0x000001fa68ff8f10 DEOPT UNPACKING pc=0x000001fa14216da2 sp=0x000000b83fafdcf8 mode 2
Event: 44.988 Thread 0x000001fa68ff8f10 DEOPT PACKING pc=0x000001fa0e708796 sp=0x000000b83fafdfb0
Event: 44.988 Thread 0x000001fa68ff8f10 DEOPT UNPACKING pc=0x000001fa142178e2 sp=0x000000b83fafd3f8 mode 0

Classes loaded (20 events):
Event: 31.159 Loading class sun/util/cldr/CLDRTimeZoneNameProviderImpl
Event: 31.160 Loading class sun/util/locale/provider/TimeZoneNameProviderImpl
Event: 31.160 Loading class sun/util/locale/provider/TimeZoneNameProviderImpl done
Event: 31.160 Loading class sun/util/cldr/CLDRTimeZoneNameProviderImpl done
Event: 31.162 Loading class sun/util/resources/cldr/TimeZoneNames
Event: 31.162 Loading class sun/util/resources/TimeZoneNamesBundle
Event: 31.162 Loading class sun/util/resources/OpenListResourceBundle
Event: 31.162 Loading class sun/util/resources/OpenListResourceBundle done
Event: 31.162 Loading class sun/util/resources/TimeZoneNamesBundle done
Event: 31.162 Loading class sun/util/resources/cldr/TimeZoneNames done
Event: 31.162 Loading class sun/util/resources/cldr/TimeZoneNames_en
Event: 31.163 Loading class sun/util/resources/cldr/TimeZoneNames_en done
Event: 31.164 Loading class sun/util/resources/cldr/TimeZoneNames_en_US
Event: 31.164 Loading class sun/util/resources/cldr/TimeZoneNames_en_US done
Event: 31.165 Loading class sun/util/cldr/CLDRBaseLocaleDataMetaInfo$TZCanonicalIDMapHolder
Event: 31.166 Loading class sun/util/cldr/CLDRBaseLocaleDataMetaInfo$TZCanonicalIDMapHolder done
Event: 31.166 Loading class sun/util/resources/TimeZoneNames
Event: 31.168 Loading class sun/util/resources/TimeZoneNames done
Event: 31.168 Loading class sun/util/resources/TimeZoneNames_en
Event: 31.168 Loading class sun/util/resources/TimeZoneNames_en done

Classes unloaded (16 events):
Event: 5.297 Thread 0x000001fa09b2ebf0 Unloading class 0x000001fa221a9400 'java/lang/invoke/LambdaForm$MH+0x000001fa221a9400'
Event: 5.297 Thread 0x000001fa09b2ebf0 Unloading class 0x000001fa221a9000 'java/lang/invoke/LambdaForm$MH+0x000001fa221a9000'
Event: 5.297 Thread 0x000001fa09b2ebf0 Unloading class 0x000001fa221a8c00 'java/lang/invoke/LambdaForm$MH+0x000001fa221a8c00'
Event: 5.297 Thread 0x000001fa09b2ebf0 Unloading class 0x000001fa221a8800 'java/lang/invoke/LambdaForm$MH+0x000001fa221a8800'
Event: 5.297 Thread 0x000001fa09b2ebf0 Unloading class 0x000001fa221a8400 'java/lang/invoke/LambdaForm$BMH+0x000001fa221a8400'
Event: 5.297 Thread 0x000001fa09b2ebf0 Unloading class 0x000001fa221a8000 'java/lang/invoke/LambdaForm$DMH+0x000001fa221a8000'
Event: 5.297 Thread 0x000001fa09b2ebf0 Unloading class 0x000001fa221a6c00 'java/lang/invoke/LambdaForm$DMH+0x000001fa221a6c00'
Event: 10.033 Thread 0x000001fa09b2ebf0 Unloading class 0x000001fa22662800 'java/lang/invoke/LambdaForm$MH+0x000001fa22662800'
Event: 10.033 Thread 0x000001fa09b2ebf0 Unloading class 0x000001fa22662400 'java/lang/invoke/LambdaForm$MH+0x000001fa22662400'
Event: 10.033 Thread 0x000001fa09b2ebf0 Unloading class 0x000001fa22662000 'java/lang/invoke/LambdaForm$MH+0x000001fa22662000'
Event: 10.033 Thread 0x000001fa09b2ebf0 Unloading class 0x000001fa22661800 'java/lang/invoke/LambdaForm$MH+0x000001fa22661800'
Event: 10.033 Thread 0x000001fa09b2ebf0 Unloading class 0x000001fa22661400 'java/lang/invoke/LambdaForm$MH+0x000001fa22661400'
Event: 10.033 Thread 0x000001fa09b2ebf0 Unloading class 0x000001fa22661000 'java/lang/invoke/LambdaForm$MH+0x000001fa22661000'
Event: 10.033 Thread 0x000001fa09b2ebf0 Unloading class 0x000001fa22660800 'java/lang/invoke/LambdaForm$MH+0x000001fa22660800'
Event: 10.033 Thread 0x000001fa09b2ebf0 Unloading class 0x000001fa22660000 'java/lang/invoke/LambdaForm$MH+0x000001fa22660000'
Event: 10.033 Thread 0x000001fa09b2ebf0 Unloading class 0x000001fa22660400 'java/lang/invoke/LambdaForm$MH+0x000001fa22660400'

Classes redefined (0 events):
No events

Internal exceptions (20 events):
Event: 44.981 Thread 0x000001fa68ff8f10 Implicit null exception at 0x000001fa0e4acd1b to 0x000001fa0e4ad2d5
Event: 44.981 Thread 0x000001fa68ff8f10 Exception <a 'java/lang/NullPointerException'{0x00000000d5f5ea78}> (0x00000000d5f5ea78) 
thrown [s\src\hotspot\share\runtime\sharedRuntime.cpp, line 625]
Event: 44.981 Thread 0x000001fa68ff8f10 Implicit null exception at 0x000001fa0e4acd1b to 0x000001fa0e4ad2d5
Event: 44.981 Thread 0x000001fa68ff8f10 Exception <a 'java/lang/NullPointerException'{0x00000000d5f5f1b8}> (0x00000000d5f5f1b8) 
thrown [s\src\hotspot\share\runtime\sharedRuntime.cpp, line 625]
Event: 44.981 Thread 0x000001fa68ff8f10 Implicit null exception at 0x000001fa0e4acd1b to 0x000001fa0e4ad2d5
Event: 44.981 Thread 0x000001fa68ff8f10 Exception <a 'java/lang/NullPointerException'{0x00000000d5f5f8e0}> (0x00000000d5f5f8e0) 
thrown [s\src\hotspot\share\runtime\sharedRuntime.cpp, line 625]
Event: 44.981 Thread 0x000001fa68ff8f10 Implicit null exception at 0x000001fa0e4acd1b to 0x000001fa0e4ad2d5
Event: 44.981 Thread 0x000001fa68ff8f10 Exception <a 'java/lang/NullPointerException'{0x00000000d5f60018}> (0x00000000d5f60018) 
thrown [s\src\hotspot\share\runtime\sharedRuntime.cpp, line 625]
Event: 44.981 Thread 0x000001fa68ff8f10 Implicit null exception at 0x000001fa0e4acd1b to 0x000001fa0e4ad2d5
Event: 44.981 Thread 0x000001fa68ff8f10 Exception <a 'java/lang/NullPointerException'{0x00000000d5f60740}> (0x00000000d5f60740) 
thrown [s\src\hotspot\share\runtime\sharedRuntime.cpp, line 625]
Event: 44.981 Thread 0x000001fa68ff8f10 Implicit null exception at 0x000001fa0e4acd1b to 0x000001fa0e4ad2d5
Event: 44.981 Thread 0x000001fa68ff8f10 Exception <a 'java/lang/NullPointerException'{0x00000000d5f60e70}> (0x00000000d5f60e70) 
thrown [s\src\hotspot\share\runtime\sharedRuntime.cpp, line 625]
Event: 44.981 Thread 0x000001fa68ff8f10 Implicit null exception at 0x000001fa0e4acd1b to 0x000001fa0e4ad2d5
Event: 44.981 Thread 0x000001fa68ff8f10 Exception <a 'java/lang/NullPointerException'{0x00000000d5f615a8}> (0x00000000d5f615a8) 
thrown [s\src\hotspot\share\runtime\sharedRuntime.cpp, line 625]
Event: 44.983 Thread 0x000001fa68ff8f10 Implicit null exception at 0x000001fa0e4acd1b to 0x000001fa0e4ad2d5
Event: 44.983 Thread 0x000001fa68ff8f10 Exception <a 'java/lang/NullPointerException'{0x00000000d5f91a78}> (0x00000000d5f91a78) 
thrown [s\src\hotspot\share\runtime\sharedRuntime.cpp, line 625]
Event: 44.983 Thread 0x000001fa68ff8f10 Implicit null exception at 0x000001fa0e4acd1b to 0x000001fa0e4ad2d5
Event: 44.983 Thread 0x000001fa68ff8f10 Exception <a 'java/lang/NullPointerException'{0x00000000d5f92608}> (0x00000000d5f92608) 
thrown [s\src\hotspot\share\runtime\sharedRuntime.cpp, line 625]
Event: 44.983 Thread 0x000001fa68ff8f10 Implicit null exception at 0x000001fa0e4acd1b to 0x000001fa0e4ad2d5
Event: 44.983 Thread 0x000001fa68ff8f10 Exception <a 'java/lang/NullPointerException'{0x00000000d5f93198}> (0x00000000d5f93198) 
thrown [s\src\hotspot\share\runtime\sharedRuntime.cpp, line 625]

ZGC Phase Switch (0 events):
No events

VM Operations (20 events):
Event: 331.623 Executing safepoint VM operation: Cleanup
Event: 331.624 Executing safepoint VM operation: Cleanup done
Event: 420.793 Executing non-safepoint VM operation: HandshakeAllThreads (HandshakeForDeflation)
Event: 420.793 Executing non-safepoint VM operation: HandshakeAllThreads (HandshakeForDeflation) done
Event: 420.793 Executing non-safepoint VM operation: RendezvousGCThreads
Event: 420.793 Executing non-safepoint VM operation: RendezvousGCThreads done
Event: 480.920 Executing non-safepoint VM operation: HandshakeAllThreads (HandshakeForDeflation)
Event: 480.920 Executing non-safepoint VM operation: HandshakeAllThreads (HandshakeForDeflation) done
Event: 480.920 Executing non-safepoint VM operation: RendezvousGCThreads
Event: 480.920 Executing non-safepoint VM operation: RendezvousGCThreads done
Event: 601.169 Executing non-safepoint VM operation: HandshakeAllThreads (HandshakeForDeflation)
Event: 601.169 Executing non-safepoint VM operation: HandshakeAllThreads (HandshakeForDeflation) done
Event: 601.169 Executing non-safepoint VM operation: RendezvousGCThreads
Event: 601.169 Executing non-safepoint VM operation: RendezvousGCThreads done
Event: 721.565 Executing non-safepoint VM operation: HandshakeAllThreads (HandshakeForDeflation)
Event: 721.565 Executing non-safepoint VM operation: HandshakeAllThreads (HandshakeForDeflation) done
Event: 721.565 Executing non-safepoint VM operation: RendezvousGCThreads
Event: 721.565 Executing non-safepoint VM operation: RendezvousGCThreads done
Event: 841.524 Executing safepoint VM operation: Cleanup
Event: 841.524 Executing safepoint VM operation: Cleanup done

Memory protections (0 events):
No events

Nmethod flushes (20 events):
Event: 10.053 Thread 0x000001fa09b2ebf0 flushing  nmethod 0x000001fa0d565490
Event: 10.053 Thread 0x000001fa09b2ebf0 flushing  nmethod 0x000001fa0d56eb10
Event: 10.053 Thread 0x000001fa09b2ebf0 flushing  nmethod 0x000001fa0d570d90
Event: 10.053 Thread 0x000001fa09b2ebf0 flushing  nmethod 0x000001fa0d58d110
Event: 10.053 Thread 0x000001fa09b2ebf0 flushing osr nmethod 0x000001fa0d596710
Event: 10.053 Thread 0x000001fa09b2ebf0 flushing  nmethod 0x000001fa0d5a9410
Event: 10.053 Thread 0x000001fa09b2ebf0 flushing  nmethod 0x000001fa0d5d9810
Event: 10.053 Thread 0x000001fa09b2ebf0 flushing  nmethod 0x000001fa0d5db310
Event: 10.053 Thread 0x000001fa09b2ebf0 flushing  nmethod 0x000001fa0d5dcc10
Event: 10.053 Thread 0x000001fa09b2ebf0 flushing  nmethod 0x000001fa0d5de690
Event: 10.053 Thread 0x000001fa09b2ebf0 flushing  nmethod 0x000001fa0d5e4c90
Event: 10.053 Thread 0x000001fa09b2ebf0 flushing  nmethod 0x000001fa0d5e6510
Event: 10.053 Thread 0x000001fa09b2ebf0 flushing  nmethod 0x000001fa0d5e6c90
Event: 10.053 Thread 0x000001fa09b2ebf0 flushing  nmethod 0x000001fa0d5e7010
Event: 10.053 Thread 0x000001fa09b2ebf0 flushing  nmethod 0x000001fa0d5e7390
Event: 10.053 Thread 0x000001fa09b2ebf0 flushing  nmethod 0x000001fa0d5e7910
Event: 10.053 Thread 0x000001fa09b2ebf0 flushing  nmethod 0x000001fa0d5eaf10
Event: 10.053 Thread 0x000001fa09b2ebf0 flushing  nmethod 0x000001fa0d5edf10
Event: 10.053 Thread 0x000001fa09b2ebf0 flushing  nmethod 0x000001fa0d5ee710
Event: 10.053 Thread 0x000001fa09b2ebf0 flushing  nmethod 0x000001fa0d5eed10

Events (20 events):
Event: 35.837 Thread 0x000001fa09a254f0 Thread added: 0x000001fa764f0df0
Event: 36.465 Thread 0x000001fa764f0df0 Thread exited: 0x000001fa764f0df0
Event: 36.475 Thread 0x000001fa09a254f0 Thread added: 0x000001fa764f0720
Event: 41.550 Thread 0x000001fa764f0720 Thread exited: 0x000001fa764f0720
Event: 44.934 Thread 0x000001fa09a254f0 Thread added: 0x000001fa764f1b90
Event: 50.003 Thread 0x000001fa764f1b90 Thread exited: 0x000001fa764f1b90
Event: 73.064 Thread 0x000001fa68337300 Thread exited: 0x000001fa68337300
Event: 73.128 Thread 0x000001fa683337f0 Thread exited: 0x000001fa683337f0
Event: 73.459 Thread 0x000001fa68335230 Thread exited: 0x000001fa68335230
Event: 85.006 Thread 0x000001fa6c814580 Thread exited: 0x000001fa6c814580
Event: 85.606 Thread 0x000001fa6c80d5f0 Thread exited: 0x000001fa6c80d5f0
Event: 104.997 Thread 0x000001fa68ff8f10 Thread exited: 0x000001fa68ff8f10
Event: 164.999 Thread 0x000001fa68ffc390 Thread exited: 0x000001fa68ffc390
Event: 225.005 Thread 0x000001fa68ff8880 Thread exited: 0x000001fa68ff8880
Event: 285.008 Thread 0x000001fa68ffa950 Thread exited: 0x000001fa68ffa950
Event: 313.000 Thread 0x000001fa68ffb670 Thread exited: 0x000001fa68ffb670
Event: 345.016 Thread 0x000001fa68ff95a0 Thread exited: 0x000001fa68ff95a0
Event: 405.027 Thread 0x000001fa68ffa2c0 Thread exited: 0x000001fa68ffa2c0
Event: 465.030 Thread 0x000001fa68ff9c30 Thread exited: 0x000001fa68ff9c30
Event: 613.004 Thread 0x000001fa68ff67b0 Thread exited: 0x000001fa68ff67b0


Dynamic libraries:
0x00007ff6418e0000 - 0x00007ff6418ee000 	c:\Users\aniln\.vscode\extensions\redhat.java-1.55.0-win32-x64\jre\21.0.11-win32-x86_64\bin\java.exe
0x00007ffdfda80000 - 0x00007ffdfdce6000 	C:\WINDOWS\SYSTEM32\ntdll.dll
0x00007ffdfc940000 - 0x00007ffdfca09000 	C:\WINDOWS\System32\KERNEL32.DLL
0x00007ffdfb150000 - 0x00007ffdfb54a000 	C:\WINDOWS\System32\KERNELBASE.dll
0x00007ffdfb550000 - 0x00007ffdfb69c000 	C:\WINDOWS\System32\ucrtbase.dll
0x00007ffdf71f0000 - 0x00007ffdf7208000 	c:\Users\aniln\.vscode\extensions\redhat.java-1.55.0-win32-x64\jre\21.0.11-win32-x86_64\bin\jli.dll
0x00007ffdfc770000 - 0x00007ffdfc937000 	C:\WINDOWS\System32\USER32.dll
0x00007ffdf1e30000 - 0x00007ffdf1e4e000 	c:\Users\aniln\.vscode\extensions\redhat.java-1.55.0-win32-x64\jre\21.0.11-win32-x86_64\bin\VCRUNTIME140.dll
0x00007ffde5d40000 - 0x00007ffde5fd2000 	C:\WINDOWS\WinSxS\amd64_microsoft.windows.common-controls_6595b64144ccf1df_6.0.26100.8521_none_3e08b75ce33403b3\COMCTL32.dll
0x00007ffdfadc0000 - 0x00007ffdfade7000 	C:\WINDOWS\System32\win32u.dll
0x00007ffdfbc80000 - 0x00007ffdfbd29000 	C:\WINDOWS\System32\msvcrt.dll
0x00007ffdfcac0000 - 0x00007ffdfcaeb000 	C:\WINDOWS\System32\GDI32.dll
0x00007ffdfadf0000 - 0x00007ffdfaf1b000 	C:\WINDOWS\System32\gdi32full.dll
0x00007ffdfb0a0000 - 0x00007ffdfb143000 	C:\WINDOWS\System32\msvcp_win.dll
0x00007ffdfccb0000 - 0x00007ffdfcce2000 	C:\WINDOWS\System32\IMM32.DLL
0x00007ffdea6f0000 - 0x00007ffdea6fc000 	c:\Users\aniln\.vscode\extensions\redhat.java-1.55.0-win32-x64\jre\21.0.11-win32-x86_64\bin\vcruntime140_1.dll
0x00007ffdae460000 - 0x00007ffdae4ed000 	c:\Users\aniln\.vscode\extensions\redhat.java-1.55.0-win32-x64\jre\21.0.11-win32-x86_64\bin\msvcp140.dll
0x00007ffd54900000 - 0x00007ffd556a2000 	c:\Users\aniln\.vscode\extensions\redhat.java-1.55.0-win32-x64\jre\21.0.11-win32-x86_64\bin\server\jvm.dll
0x00007ffdfcb60000 - 0x00007ffdfcc16000 	C:\WINDOWS\System32\ADVAPI32.dll
0x00007ffdfca10000 - 0x00007ffdfcaba000 	C:\WINDOWS\System32\sechost.dll
0x00007ffdfd920000 - 0x00007ffdfda38000 	C:\WINDOWS\System32\RPCRT4.dll
0x00007ffdfcc20000 - 0x00007ffdfcca0000 	C:\WINDOWS\System32\WS2_32.dll
0x00007ffdfab90000 - 0x00007ffdfabee000 	C:\WINDOWS\SYSTEM32\POWRPROF.dll
0x00007ffdf8650000 - 0x00007ffdf8686000 	C:\WINDOWS\SYSTEM32\WINMM.dll
0x00007ffdf3680000 - 0x00007ffdf368b000 	C:\WINDOWS\SYSTEM32\VERSION.dll
0x00007ffdfab70000 - 0x00007ffdfab84000 	C:\WINDOWS\SYSTEM32\UMPDC.dll
0x00007ffdf9a80000 - 0x00007ffdf9a9b000 	C:\WINDOWS\SYSTEM32\kernel.appcore.dll
0x00007ffdea630000 - 0x00007ffdea63a000 	c:\Users\aniln\.vscode\extensions\redhat.java-1.55.0-win32-x64\jre\21.0.11-win32-x86_64\bin\jimage.dll
0x00007ffdf81e0000 - 0x00007ffdf8422000 	C:\WINDOWS\SYSTEM32\DBGHELP.DLL
0x00007ffdfc2b0000 - 0x00007ffdfc633000 	C:\WINDOWS\System32\combase.dll
0x00007ffdfbe10000 - 0x00007ffdfbee9000 	C:\WINDOWS\System32\OLEAUT32.dll
0x00007ffdf8610000 - 0x00007ffdf864b000 	C:\WINDOWS\SYSTEM32\dbgcore.DLL
0x00007ffdfad10000 - 0x00007ffdfadb8000 	C:\WINDOWS\System32\bcryptPrimitives.dll
0x00007ffdea620000 - 0x00007ffdea62f000 	c:\Users\aniln\.vscode\extensions\redhat.java-1.55.0-win32-x64\jre\21.0.11-win32-x86_64\bin\instrument.dll
0x00007ffdea600000 - 0x00007ffdea620000 	c:\Users\aniln\.vscode\extensions\redhat.java-1.55.0-win32-x64\jre\21.0.11-win32-x86_64\bin\java.dll
0x00007ffdfcfa0000 - 0x00007ffdfd724000 	C:\WINDOWS\System32\SHELL32.dll
0x00007ffdf8890000 - 0x00007ffdf9110000 	C:\WINDOWS\SYSTEM32\windows.storage.dll
0x00007ffdfccf0000 - 0x00007ffdfcde6000 	C:\WINDOWS\System32\SHCORE.dll
0x00007ffdfcaf0000 - 0x00007ffdfcb57000 	C:\WINDOWS\System32\shlwapi.dll
0x00007ffdfac30000 - 0x00007ffdfac59000 	C:\WINDOWS\SYSTEM32\profapi.dll
0x00007ffde4770000 - 0x00007ffde4788000 	c:\Users\aniln\.vscode\extensions\redhat.java-1.55.0-win32-x64\jre\21.0.11-win32-x86_64\bin\zip.dll
0x00007ffdea450000 - 0x00007ffdea460000 	C:\Users\aniln\.vscode\extensions\redhat.java-1.55.0-win32-x64\jre\21.0.11-win32-x86_64\bin\net.dll
0x00007ffdf38f0000 - 0x00007ffdf3a19000 	C:\WINDOWS\SYSTEM32\WINHTTP.dll
0x00007ffdfa010000 - 0x00007ffdfa07c000 	C:\WINDOWS\system32\mswsock.dll
0x00007ffdde820000 - 0x00007ffdde836000 	C:\Users\aniln\.vscode\extensions\redhat.java-1.55.0-win32-x64\jre\21.0.11-win32-x86_64\bin\nio.dll
0x00007ffde88f0000 - 0x00007ffde8900000 	c:\Users\aniln\.vscode\extensions\redhat.java-1.55.0-win32-x64\jre\21.0.11-win32-x86_64\bin\verify.dll
0x00007ffdb2240000 - 0x00007ffdb2285000 	C:\Users\aniln\AppData\Roaming\Code\User\globalStorage\redhat.java\1.55.0\config_win\org.eclipse.equinox.launcher\org.eclipse.equinox.launcher.win32.win32.x86_64_1.3.100.v20260613-0559\eclipse_11924.dll
0x00007ffdfcdf0000 - 0x00007ffdfcf88000 	C:\WINDOWS\System32\ole32.dll
0x00007ffdfa2f0000 - 0x00007ffdfa30b000 	C:\WINDOWS\SYSTEM32\CRYPTSP.dll
0x00007ffdf99e0000 - 0x00007ffdf9a19000 	C:\WINDOWS\system32\rsaenh.dll
0x00007ffdfa0c0000 - 0x00007ffdfa0f3000 	C:\WINDOWS\SYSTEM32\USERENV.dll
0x00007ffdfac00000 - 0x00007ffdfac2a000 	C:\WINDOWS\SYSTEM32\bcrypt.dll
0x00007ffdfa310000 - 0x00007ffdfa31c000 	C:\WINDOWS\SYSTEM32\CRYPTBASE.dll
0x00007ffdf9450000 - 0x00007ffdf9483000 	C:\WINDOWS\SYSTEM32\IPHLPAPI.DLL
0x00007ffdfcf90000 - 0x00007ffdfcf9a000 	C:\WINDOWS\System32\NSI.dll
0x00007ffdacf00000 - 0x00007ffdacf49000 	C:\Users\aniln\AppData\Local\Temp\jna-2998800\jna9280290368987806870.dll
0x00007ffdfd910000 - 0x00007ffdfd918000 	C:\WINDOWS\System32\PSAPI.DLL
0x00007ffdf4b40000 - 0x00007ffdf4b5d000 	C:\WINDOWS\SYSTEM32\dhcpcsvc6.DLL
0x00007ffdf4b00000 - 0x00007ffdf4b25000 	C:\WINDOWS\SYSTEM32\dhcpcsvc.DLL
0x00007ffde7bb0000 - 0x00007ffde7bbe000 	C:\Users\aniln\.vscode\extensions\redhat.java-1.55.0-win32-x64\jre\21.0.11-win32-x86_64\bin\sunmscapi.dll
0x00007ffdfaf20000 - 0x00007ffdfb098000 	C:\WINDOWS\System32\CRYPT32.dll
0x00007ffdfa510000 - 0x00007ffdfa540000 	C:\WINDOWS\SYSTEM32\ncrypt.dll
0x00007ffdfa4c0000 - 0x00007ffdfa4ff000 	C:\WINDOWS\SYSTEM32\NTASN1.dll
0x00007ffd88530000 - 0x00007ffd88538000 	C:\WINDOWS\system32\wshunix.dll
0x00007ffddec70000 - 0x00007ffddec79000 	C:\Users\aniln\.vscode\extensions\redhat.java-1.55.0-win32-x64\jre\21.0.11-win32-x86_64\bin\extnet.dll
0x00007ffdf94e0000 - 0x00007ffdf962a000 	C:\WINDOWS\SYSTEM32\DNSAPI.dll
0x00007ffdf9e30000 - 0x00007ffdf9e3d000 	C:\WINDOWS\SYSTEM32\DSPARSE.dll
0x00007ffdf3150000 - 0x00007ffdf315b000 	C:\Windows\System32\rasadhlp.dll
0x00007ffdf6450000 - 0x00007ffdf64d6000 	C:\WINDOWS\System32\fwpuclnt.dll

JVMTI agents:
c:\Users\aniln\.vscode\extensions\redhat.java-1.55.0-win32-x64\lombok\lombok-1.18.39-4050.jar path:c:\Users\aniln\.vscode\extensions\redhat.java-1.55.0-win32-x64\jre\21.0.11-win32-x86_64\bin\instrument.dll, loaded, initialized, instrumentlib options:none

dbghelp: loaded successfully - version: 4.0.5 - missing functions: none
symbol engine: initialized successfully - sym options: 0x614 - pdb path: .;c:\Users\aniln\.vscode\extensions\redhat.java-1.55.0-win32-x64\jre\21.0.11-win32-x86_64\bin;C:\WINDOWS\SYSTEM32;C:\WINDOWS\WinSxS\amd64_microsoft.windows.common-controls_6595b64144ccf1df_6.0.26100.8521_none_3e08b75ce33403b3;c:\Users\aniln\.vscode\extensions\redhat.java-1.55.0-win32-x64\jre\21.0.11-win32-x86_64\bin\server;C:\Users\aniln\AppData\Roaming\Code\User\globalStorage\redhat.java\1.55.0\config_win\org.eclipse.equinox.launcher\org.eclipse.equinox.launcher.win32.win32.x86_64_1.3.100.v20260613-0559;C:\Users\aniln\AppData\Local\Temp\jna-2998800

VM Arguments:
jvm_args: --add-modules=ALL-SYSTEM --add-opens=java.base/java.util=ALL-UNNAMED --add-opens=java.base/java.lang=ALL-UNNAMED --add-opens=java.base/sun.nio.fs=ALL-UNNAMED -Declipse.application=org.eclipse.jdt.ls.core.id1 -Dosgi.bundles.defaultStartLevel=4 -Declipse.product=org.eclipse.jdt.ls.core.product -Djava.import.generatesMetadataFilesAtProjectRoot=false -DDetectVMInstallationsJob.disabled=true -Dfile.encoding=utf8 -XX:+UseParallelGC -XX:GCTimeRatio=4 -XX:AdaptiveSizePolicyWeight=90 -Dsun.zip.disableMemoryMapping=true -Xmx2G -Xms100m -Xlog:disable -javaagent:c:\Users\aniln\.vscode\extensions\redhat.java-1.55.0-win32-x64\lombok\lombok-1.18.39-4050.jar -XX:+HeapDumpOnOutOfMemoryError -XX:HeapDumpPath=c:\Users\aniln\AppData\Roaming\Code\User\workspaceStorage\7954bd387919e1a047c35d73d9d45c86\redhat.java -Daether.dependencyCollector.impl=bf 
java_command: c:\Users\aniln\.vscode\extensions\redhat.java-1.55.0-win32-x64\server\plugins\org.eclipse.equinox.launcher_1.7.200.v20260619-2039.jar -configuration c:\Users\aniln\AppData\Roaming\Code\User\globalStorage\redhat.java\1.55.0\config_win -data c:\Users\aniln\AppData\Roaming\Code\User\workspaceStorage\7954bd387919e1a047c35d73d9d45c86\redhat.java\jdt_ws --pipe=\\.\pipe\lsp-edbdc3f32395e4667ed8eeea997f207d-sock
java_class_path (initial): c:\Users\aniln\.vscode\extensions\redhat.java-1.55.0-win32-x64\server\plugins\org.eclipse.equinox.launcher_1.7.200.v20260619-2039.jar
Launcher Type: SUN_STANDARD

[Global flags]
    uintx AdaptiveSizePolicyWeight                 = 90                                        {product} {command line}
     intx CICompilerCount                          = 4                                         {product} {ergonomic}
    uintx GCTimeRatio                              = 4                                         {product} {command line}
     bool HeapDumpOnOutOfMemoryError               = true                                   {manageable} {command line}
    ccstr HeapDumpPath                             = c:\Users\aniln\AppData\Roaming\Code\User\workspaceStorage\7954bd387919e1a047c35d73d9d45c86\redhat.java         {manageable} {command line}
   size_t InitialHeapSize                          = 104857600                                 {product} {command line}
   size_t MaxHeapSize                              = 2147483648                                {product} {command line}
   size_t MaxNewSize                               = 715653120                                 {product} {ergonomic}
   size_t MinHeapDeltaBytes                        = 524288                                    {product} {ergonomic}
   size_t MinHeapSize                              = 104857600                                 {product} {command line}
   size_t NewSize                                  = 34603008                                  {product} {ergonomic}
    uintx NonNMethodCodeHeapSize                   = 5839372                                {pd product} {ergonomic}
    uintx NonProfiledCodeHeapSize                  = 122909434                              {pd product} {ergonomic}
   size_t OldSize                                  = 70254592                                  {product} {ergonomic}
    uintx ProfiledCodeHeapSize                     = 122909434                              {pd product} {ergonomic}
    uintx ReservedCodeCacheSize                    = 251658240                              {pd product} {ergonomic}
     bool SegmentedCodeCache                       = true                                      {product} {ergonomic}
   size_t SoftMaxHeapSize                          = 2147483648                             {manageable} {ergonomic}
     bool UseCompressedOops                        = true                           {product lp64_product} {ergonomic}
     bool UseLargePagesIndividualAllocation        = false                                  {pd product} {ergonomic}
     bool UseParallelGC                            = true                                      {product} {command line}

Logging:
Log output configuration:
 #0: stdout all=off uptime,level,tags foldmultilines=false
 #1: stderr all=off uptime,level,tags foldmultilines=false

Release file:
JAVA_VERSION="21.0.11" 
MODULES="java.base java.compiler java.datatransfer java.xml java.prefs java.desktop java.instrument java.logging java.management java.security.sasl java.naming java.rmi java.management.rmi java.net.http java.scripting java.security.jgss java.transaction.xa java.sql java.sql.rowset java.xml.crypto java.se java.smartcardio jdk.accessibility jdk.internal.jvmstat jdk.attach jdk.charsets jdk.internal.opt jdk.zipfs jdk.compiler jdk.crypto.ec jdk.crypto.cryptoki jdk.crypto.mscapi jdk.dynalink jdk.internal.ed jdk.editpad jdk.hotspot.agent jdk.httpserver jdk.internal.le jdk.internal.vm.ci jdk.internal.vm.compiler jdk.internal.vm.compiler.management jdk.jartool jdk.javadoc jdk.jcmd jdk.management jdk.management.agent jdk.jconsole jdk.jdeps jdk.jdwp.agent jdk.jdi jdk.jfr jdk.jshell jdk.jsobject jdk.jstatd jdk.localedata jdk.management.jfr jdk.naming.dns jdk.naming.rmi jdk.net jdk.nio.mapmode jdk.random jdk.sctp jdk.security.auth jdk.security.jgss jdk.unsupported jdk.unsupported.desktop jdk.xml.dom" 

Environment Variables:
JAVA_HOME=C:\Program Files\Java\jdk-17
PATH=C:\Users\aniln\AppData\Local\Programs\Python\Python313;C:\Users\aniln\AppData\Local\Programs\Python\Python313\Scripts;C:\Python24\;C:\Python24\Scripts;C:\Program Files (x86)\Rockwell Software\RSCommon\;C:\Program Files\Common Files\Oracle\Java\javapath;C:\node 16\node-v16.20.2-win-x64\node-v16.20.2-win-x64\node_modules\npm;C:\Windows\system32;C:\Windows;C:\Windows\System32\Wbem;C:\Windows\System32\WindowsPowerShell\v1.0\;C:\Windows\System32\OpenSSH\;C:\Program Files\dotnet\;C:\Program Files\Git\cmd;C:\Program Files\apache-maven-3.9.4\bin;C:\Program Files\Java\jdk1.8.0_202\bin;C:\Users\aniln\Downloads\jdk-17_windows-x64_bin\jdk-17.0.8\bin;C:\Program Files\Azure Data Studio\bin;C:\Program Files (x86)\Microsoft SQL Server\160\Tools\Binn\;C:\Program Files\Microsoft SQL Server\160\Tools\Binn\;C:\Program Files\Microsoft SQL Server\Client SDK\ODBC\170\Tools\Binn\;C:\Program Files\Microsoft SQL Server\160\DTS\Binn\;C:\Program Files (x86)\Common Files\Rockwell\;C:\Program Files (x86)\Rockwell Software\RSCommon;C:\Program Files (x86)\Common Files\Rockwell;C:\Program Files (x86)\Rockwell Software\RSView Enterprise\;C:\Program Files\Java\jdk-17\bin;C:\Users\aniln\AppData\Roaming\nvm;C:\Program Files\nodejs;C:\Program Files\MySQL\MySQL Server 8.0\bin;C:\Users\aniln\Documents\dumps;C:\Gradle\gradle-7.3\bin;C:\Program Files (x86)\Rockwell Automation\Common\Components;C:\Program Files\Siemens\Automation\UserManagement\BIN;C:\WINDOWS\system32;C:\WINDOWS;C:\WINDOWS\System32\Wbem;C:\WINDOWS\System32\WindowsPowerShell\v1.0\;C:\WINDOWS\System32\OpenSSH\;C:\terraform\terraform_1.12.2_windows_386;C:\Program Files\Microsoft SQL Server\Client SDK\ODBC\180\Tools\Binn\;C:\Program Files (x86)\Microsoft SQL Server\170\Tools\Binn\;C:\Program Files\Microsoft SQL Server\170\Tools\Binn\;C:\Program Files\Microsoft SQL Server\170\DTS\Binn\;C:\Users\aniln\AppData\Local\Microsoft\WindowsApps;C:\Program Files\JetBrains\IntelliJ IDEA Community Edition 2024.1.1\bin;C:\Users\aniln\AppData\Local\Programs\Microsoft VS Code\bin;C:\Program Files\JetBrains\IntelliJ IDEA 241.11761.10\bin;C:\Users\aniln\AppData\Roaming\npm;C:\Users\aniln\.dotnet\tools
USERNAME=anil
OS=Windows_NT
PROCESSOR_IDENTIFIER=Intel64 Family 6 Model 140 Stepping 1, GenuineIntel
TMP=C:\Users\aniln\AppData\Local\Temp
TEMP=C:\Users\aniln\AppData\Local\Temp




Periodic native trim disabled

---------------  S Y S T E M  ---------------

OS:
 Windows 11 , 64 bit Build 26100 (10.0.26100.8521)
OS uptime: 4 days 4:45 hours
Hyper-V role detected

CPU: total 8 (initial active 8) (4 cores per cpu, 2 threads per core) family 6 model 140 stepping 1 microcode 0xbe, cx8, cmov, fxsr, ht, mmx, 3dnowpref, sse, sse2, sse3, ssse3, sse4.1, sse4.2, popcnt, lzcnt, tsc, tscinvbit, avx, avx2, aes, erms, clmul, bmi1, bmi2, adx, avx512f, avx512dq, avx512cd, avx512bw, avx512vl, sha, fma, vzeroupper, avx512_vpopcntdq, avx512_vpclmulqdq, avx512_vaes, avx512_vnni, clflush, clflushopt, clwb, avx512_vbmi2, avx512_vbmi, hv, rdtscp, rdpid, fsrm, gfni, avx512_bitalg, f16c, cet_ibt, cet_ss, avx512_ifma
Processor Information for the first 8 processors :
  Max Mhz: 2419, Current Mhz: 2419, Mhz Limit: 2419

Memory: 4k page, system-wide physical 7926M (519M free)
TotalPageFile size 32502M (AvailPageFile size 1M)
current process WorkingSet (physical memory assigned to process): 29M, peak: 391M
current process commit charge ("private bytes"): 413M, peak: 461M

vm_info: OpenJDK 64-Bit Server VM (21.0.11+10-LTS) for windows-amd64 JRE (21.0.11+10-LTS), built on 2026-04-21T00:00:00Z by "admin" with MS VC++ 17.12 (VS2022)

END.
