#
# There is insufficient memory for the Java Runtime Environment to continue.
# Native memory allocation (malloc) failed to allocate 268768 bytes. Error detail: Chunk::new
# Possible reasons:
#   The system is out of physical RAM or swap space
#   This process is running with CompressedOops enabled, and the Java Heap may be blocking the growth of the native heap
# Possible solutions:
#   Reduce memory load on the system
#   Increase physical memory or swap space
#   Check if swap backing store is full
#   Decrease Java heap size (-Xmx/-Xms)
#   Decrease number of Java threads
#   Decrease Java thread stack sizes (-Xss)
#   Set larger code cache with -XX:ReservedCodeCacheSize=
#   JVM is running with Unscaled Compressed Oops mode in which the Java heap is
#     placed in the first 4GB address space. The Java Heap base address is the
#     maximum limit for the native heap growth. Please use -XX:HeapBaseMinAddress
#     to set the Java Heap base and to place the Java Heap above 4GB virtual address.
# This output file may be truncated or incomplete.
#
#  Out of Memory Error (arena.cpp:168), pid=24620, tid=23532
#
# JRE version: OpenJDK Runtime Environment Temurin-21.0.11+10 (21.0.11+10) (build 21.0.11+10-LTS)
# Java VM: OpenJDK 64-Bit Server VM Temurin-21.0.11+10 (21.0.11+10-LTS, mixed mode, sharing, tiered, compressed oops, compressed class ptrs, parallel gc, windows-amd64)
# No core dump will be written. Minidumps are not enabled by default on client versions of Windows
#

---------------  S U M M A R Y ------------

Command Line: --add-modules=ALL-SYSTEM --add-opens=java.base/java.util=ALL-UNNAMED --add-opens=java.base/java.lang=ALL-UNNAMED --add-opens=java.base/sun.nio.fs=ALL-UNNAMED -Declipse.application=org.eclipse.jdt.ls.core.id1 -Dosgi.bundles.defaultStartLevel=4 -Declipse.product=org.eclipse.jdt.ls.core.product -Djava.import.generatesMetadataFilesAtProjectRoot=false -DDetectVMInstallationsJob.disabled=true -Dfile.encoding=utf8 -XX:+UseParallelGC -XX:GCTimeRatio=4 -XX:AdaptiveSizePolicyWeight=90 -Dsun.zip.disableMemoryMapping=true -Xmx2G -Xms100m -Xlog:disable -javaagent:c:\Users\aniln\.vscode\extensions\redhat.java-1.55.0-win32-x64\lombok\lombok-1.18.39-4050.jar -XX:+HeapDumpOnOutOfMemoryError -XX:HeapDumpPath=c:\Users\aniln\AppData\Roaming\Code\User\workspaceStorage\7954bd387919e1a047c35d73d9d45c86\redhat.java -Daether.dependencyCollector.impl=bf c:\Users\aniln\.vscode\extensions\redhat.java-1.55.0-win32-x64\server\plugins\org.eclipse.equinox.launcher_1.7.200.v20260619-2039.jar -configuration c:\Users\aniln\AppData\Roaming\Code\User\globalStorage\redhat.java\1.55.0\config_win -data c:\Users\aniln\AppData\Roaming\Code\User\workspaceStorage\7954bd387919e1a047c35d73d9d45c86\redhat.java\jdt_ws --pipe=\\.\pipe\lsp-691902774d2f891d1a2750f841c2528e-sock

Host: 11th Gen Intel(R) Core(TM) i5-1135G7 @ 2.40GHz, 8 cores, 7G,  Windows 11 , 64 bit Build 26100 (10.0.26100.8521)
Time: Tue Jun 30 17:55:31 2026 India Standard Time elapsed time: 8.333538 seconds (0d 0h 0m 8s)

---------------  T H R E A D  ---------------

Current thread (0x0000021a8c0e1250):  JavaThread "C2 CompilerThread0" daemon [_thread_in_native, id=23532, stack(0x000000c69ac00000,0x000000c69ad00000) (1024K)]


Current CompileTask:
C2:8333 1780       4       java.io.WinNTFileSystem::normalize (143 bytes)

Stack: [0x000000c69ac00000,0x000000c69ad00000]
Native frames: (J=compiled Java code, j=interpreted, Vv=VM code, C=native code)
V  [jvm.dll+0x6d7e19]
V  [jvm.dll+0x8b5096]
V  [jvm.dll+0x8b764e]
V  [jvm.dll+0x8b7d33]
V  [jvm.dll+0x284596]
V  [jvm.dll+0xc685d]
V  [jvm.dll+0xc6da1]
V  [jvm.dll+0x3bed6b]
V  [jvm.dll+0x1e4149]
V  [jvm.dll+0x24c853]
V  [jvm.dll+0x24bce0]
V  [jvm.dll+0x1cb4ae]
V  [jvm.dll+0x25baad]
V  [jvm.dll+0x25a03a]
V  [jvm.dll+0x3f868e]
V  [jvm.dll+0x85fb0d]
V  [jvm.dll+0x6d664d]
C  [ucrtbase.dll+0x2cd30]
C  [KERNEL32.DLL+0x2e957]
C  [ntdll.dll+0x87c1c]


---------------  P R O C E S S  ---------------

Threads class SMR info:
_java_thread_list=0x0000021ae54a2a90, length=14, elements={
0x0000021a8c15d420, 0x0000021a8c218cd0, 0x0000021a8c21c650, 0x0000021a8c0d4ec0,
0x0000021a8c0d7930, 0x0000021a8c0d8390, 0x0000021a8c0de400, 0x0000021a8c0e1250,
0x0000021a8c105380, 0x0000021ae566af50, 0x0000021ae576d3d0, 0x0000021aea2415c0,
0x0000021aea466490, 0x0000021aea2a4100
}

Java Threads: ( => current thread )
  0x0000021a8c15d420 JavaThread "main"                              [_thread_in_Java, id=17852, stack(0x000000c69a200000,0x000000c69a300000) (1024K)]
  0x0000021a8c218cd0 JavaThread "Reference Handler"          daemon [_thread_blocked, id=19064, stack(0x000000c69a600000,0x000000c69a700000) (1024K)]
  0x0000021a8c21c650 JavaThread "Finalizer"                  daemon [_thread_blocked, id=12124, stack(0x000000c69a700000,0x000000c69a800000) (1024K)]
  0x0000021a8c0d4ec0 JavaThread "Signal Dispatcher"          daemon [_thread_blocked, id=12404, stack(0x000000c69a800000,0x000000c69a900000) (1024K)]
  0x0000021a8c0d7930 JavaThread "Attach Listener"            daemon [_thread_blocked, id=23568, stack(0x000000c69a900000,0x000000c69aa00000) (1024K)]
  0x0000021a8c0d8390 JavaThread "Service Thread"             daemon [_thread_blocked, id=13880, stack(0x000000c69aa00000,0x000000c69ab00000) (1024K)]
  0x0000021a8c0de400 JavaThread "Monitor Deflation Thread"   daemon [_thread_blocked, id=18828, stack(0x000000c69ab00000,0x000000c69ac00000) (1024K)]
=>0x0000021a8c0e1250 JavaThread "C2 CompilerThread0"         daemon [_thread_in_native, id=23532, stack(0x000000c69ac00000,0x000000c69ad00000) (1024K)]
  0x0000021a8c105380 JavaThread "C1 CompilerThread0"         daemon [_thread_in_native, id=12528, stack(0x000000c69ad00000,0x000000c69ae00000) (1024K)]
  0x0000021ae566af50 JavaThread "Common-Cleaner"             daemon [_thread_blocked, id=20016, stack(0x000000c69af00000,0x000000c69b000000) (1024K)]
  0x0000021ae576d3d0 JavaThread "Notification Thread"        daemon [_thread_blocked, id=18812, stack(0x000000c69b000000,0x000000c69b100000) (1024K)]
  0x0000021aea2415c0 JavaThread "C2 CompilerThread1"         daemon [_thread_blocked, id=21264, stack(0x000000c69ae00000,0x000000c69af00000) (1024K)]
  0x0000021aea466490 JavaThread "C2 CompilerThread2"         daemon [_thread_in_native, id=18760, stack(0x000000c69b700000,0x000000c69b800000) (1024K)]
  0x0000021aea2a4100 JavaThread "Active Thread: Equinox Container: 96938fd4-6876-419a-bf54-34a4a526307c"        [_thread_blocked, id=12060, stack(0x000000c69b800000,0x000000c69b900000) (1024K)]
Total: 14

Other Threads:
  0x0000021a8c1fe770 VMThread "VM Thread"                           [id=15780, stack(0x000000c69a500000,0x000000c69a600000) (1024K)]
  0x0000021a8c1cb250 WatcherThread "VM Periodic Task Thread"        [id=17348, stack(0x000000c69a400000,0x000000c69a500000) (1024K)]
  0x0000021a8c17c750 WorkerThread "GC Thread#0"                     [id=10880, stack(0x000000c69a300000,0x000000c69a400000) (1024K)]
  0x0000021aea010810 WorkerThread "GC Thread#1"                     [id=11944, stack(0x000000c69b100000,0x000000c69b200000) (1024K)]
  0x0000021aea7f22d0 WorkerThread "GC Thread#2"                     [id=15084, stack(0x000000c69b200000,0x000000c69b300000) (1024K)]
  0x0000021aea7f2680 WorkerThread "GC Thread#3"                     [id=26288, stack(0x000000c69b300000,0x000000c69b400000) (1024K)]
  0x0000021aea7f2a30 WorkerThread "GC Thread#4"                     [id=18668, stack(0x000000c69b400000,0x000000c69b500000) (1024K)]
  0x0000021aea33c4e0 WorkerThread "GC Thread#5"                     [id=13964, stack(0x000000c69b500000,0x000000c69b600000) (1024K)]
  0x0000021aea33cff0 WorkerThread "GC Thread#6"                     [id=4064, stack(0x000000c69b600000,0x000000c69b700000) (1024K)]
Total: 9

Threads with active compile tasks:
C2 CompilerThread0  9005 1780       4       java.io.WinNTFileSystem::normalize (143 bytes)
C1 CompilerThread0  9005 1810       3       sun.net.util.IPAddressUtil::scan (62 bytes)
C2 CompilerThread2  9005 1795       4       java.io.WinNTFileSystem::normalize (224 bytes)
Total: 3

VM state: not at safepoint (normal execution)

VM Mutex/Monitor currently owned by a thread: None

Heap address: 0x0000000080000000, size: 2048 MB, Compressed Oops mode: 32-bit

CDS archive(s) mapped at: [0x0000021aa3000000-0x0000021aa3ba0000-0x0000021aa3ba0000), size 12189696, SharedBaseAddress: 0x0000021aa3000000, ArchiveRelocationMode: 1.
Compressed class space mapped at: 0x0000021aa4000000-0x0000021ae4000000, reserved size: 1073741824
Narrow klass base: 0x0000021aa3000000, Narrow klass shift: 0, Narrow klass range: 0x100000000

GC Precious Log:
 CardTable entry size: 512
 CPUs: 8 total, 8 available
 Memory: 7926M
 Large Page Support: Disabled
 NUMA Support: Disabled
 Compressed Oops: Enabled (32-bit)
 Alignments: Space 512K, Generation 512K, Heap 2M
 Heap Min Capacity: 100M
 Heap Initial Capacity: 100M
 Heap Max Capacity: 2G
 Pre-touch: Disabled
 Parallel Workers: 8

Heap:
 PSYoungGen      total 29696K, used 28887K [0x00000000d5580000, 0x00000000d7680000, 0x0000000100000000)
  eden space 25600K, 100% used [0x00000000d5580000,0x00000000d6e80000,0x00000000d6e80000)
  from space 4096K, 80% used [0x00000000d6e80000,0x00000000d71b5e88,0x00000000d7280000)
  to   space 4096K, 0% used [0x00000000d7280000,0x00000000d7280000,0x00000000d7680000)
 ParOldGen       total 68608K, used 16K [0x0000000080000000, 0x0000000084300000, 0x00000000d5580000)
  object space 68608K, 0% used [0x0000000080000000,0x0000000080004000,0x0000000084300000)
 Metaspace       used 8004K, committed 8256K, reserved 1114112K
  class space    used 833K, committed 960K, reserved 1048576K

Card table byte_map: [0x0000021a8bb00000,0x0000021a8bf10000] _byte_map_base: 0x0000021a8b700000

Marking Bits: (ParMarkBitMap*) 0x00007ffd5d594460
 Begin Bits: [0x0000021a9e610000, 0x0000021aa0610000)
 End Bits:   [0x0000021aa0610000, 0x0000021aa2610000)

Polling page: 0x0000021a89fb0000

Metaspace:

Usage:
  Non-class:      7.00 MB used.
      Class:    833.43 KB used.
       Both:      7.82 MB used.

Virtual space:
  Non-class space:       64.00 MB reserved,       7.12 MB ( 11%) committed,  1 nodes.
      Class space:        1.00 GB reserved,     960.00 KB ( <1%) committed,  1 nodes.
             Both:        1.06 GB reserved,       8.06 MB ( <1%) committed. 

Chunk freelists:
   Non-Class:  8.81 MB
       Class:  14.91 MB
        Both:  23.72 MB

MaxMetaspaceSize: unlimited
CompressedClassSpaceSize: 1.00 GB
Initial GC threshold: 21.00 MB
Current GC threshold: 21.00 MB
CDS: on
 - commit_granule_bytes: 65536.
 - commit_granule_words: 8192.
 - virtual_space_node_default_size: 8388608.
 - enlarge_chunks_in_place: 1.
 - use_allocation_guard: 0.


Internal statistics:

num_allocs_failed_limit: 0.
num_arena_births: 228.
num_arena_deaths: 0.
num_vsnodes_births: 2.
num_vsnodes_deaths: 0.
num_space_committed: 129.
num_space_uncommitted: 0.
num_chunks_returned_to_freelist: 0.
num_chunks_taken_from_freelist: 419.
num_chunk_merges: 0.
num_chunk_splits: 272.
num_chunks_enlarged: 179.
num_inconsistent_stats: 0.

CodeHeap 'non-profiled nmethods': size=120000Kb used=795Kb max_used=795Kb free=119204Kb
 bounds [0x0000021a96e30000, 0x0000021a970a0000, 0x0000021a9e360000]
CodeHeap 'profiled nmethods': size=120000Kb used=3365Kb max_used=3365Kb free=116634Kb
 bounds [0x0000021a8f360000, 0x0000021a8f6b0000, 0x0000021a96890000]
CodeHeap 'non-nmethods': size=5760Kb used=1227Kb max_used=1252Kb free=4532Kb
 bounds [0x0000021a96890000, 0x0000021a96b00000, 0x0000021a96e30000]
CodeCache: size=245760Kb, used=5387Kb, max_used=5412Kb, free=240370Kb
 total_blobs=2292, nmethods=1809, adapters=390, full_count=0
Compilation: enabled, stopped_count=0, restarted_count=0

Compilation events (20 events):
Event: 6.303 Thread 0x0000021a8c105380 nmethod 1794 0x0000021a8f68ec90 code [0x0000021a8f68ef40, 0x0000021a8f68f9c0]
Event: 6.305 Thread 0x0000021aea466490 1795       4       java.io.WinNTFileSystem::normalize (224 bytes)
Event: 6.308 Thread 0x0000021a8c105380 1796       3       java.util.Collections::emptySet (4 bytes)
Event: 6.308 Thread 0x0000021a8c105380 nmethod 1796 0x0000021a8f68fe10 code [0x0000021a8f68ffa0, 0x0000021a8f690098]
Event: 6.309 Thread 0x0000021a8c105380 1797       3       java.net.URLStreamHandler::<init> (5 bytes)
Event: 6.309 Thread 0x0000021a8c105380 nmethod 1797 0x0000021a8f690110 code [0x0000021a8f6902c0, 0x0000021a8f690428]
Event: 6.309 Thread 0x0000021a8c105380 1798       3       org.eclipse.osgi.internal.framework.EquinoxConfiguration::getProperty (9 bytes)
Event: 6.309 Thread 0x0000021a8c105380 nmethod 1798 0x0000021a8f690510 code [0x0000021a8f690760, 0x0000021a8f690ef8]
Event: 6.309 Thread 0x0000021a8c105380 1799       3       org.eclipse.osgi.internal.framework.EquinoxConfiguration$ConfigValues::getProperty (31 bytes)
Event: 6.310 Thread 0x0000021a8c105380 nmethod 1799 0x0000021a8f691190 code [0x0000021a8f691420, 0x0000021a8f691e98]
Event: 6.310 Thread 0x0000021a8c105380 1800       3       org.eclipse.osgi.internal.framework.BundleContextImpl::getProperty (25 bytes)
Event: 6.310 Thread 0x0000021a8c105380 nmethod 1800 0x0000021a8f692210 code [0x0000021a8f692420, 0x0000021a8f6929b8]
Event: 6.310 Thread 0x0000021a8c105380 1801       3       org.eclipse.equinox.plurl.PlurlStreamHandlerBase::<init> (5 bytes)
Event: 6.310 Thread 0x0000021a8c105380 nmethod 1801 0x0000021a8f692c10 code [0x0000021a8f692dc0, 0x0000021a8f692f88]
Event: 6.310 Thread 0x0000021a8c105380 1802       3       org.eclipse.core.runtime.adaptor.EclipseStarter::createURL (52 bytes)
Event: 6.311 Thread 0x0000021a8c105380 nmethod 1802 0x0000021a8f693090 code [0x0000021a8f693340, 0x0000021a8f693f18]
Event: 6.311 Thread 0x0000021aea2415c0 1803       4       java.lang.CharacterDataLatin1::equalsIgnoreCase (63 bytes)
Event: 6.312 Thread 0x0000021aea2415c0 nmethod 1803 0x0000021a96ef5610 code [0x0000021a96ef57a0, 0x0000021a96ef5848]
Event: 6.312 Thread 0x0000021a8c105380 1804       3       java.net.URL::<init> (11 bytes)
Event: 6.313 Thread 0x0000021a8c105380 nmethod 1804 0x0000021a8f694490 code [0x0000021a8f694640, 0x0000021a8f694788]

GC Heap History (2 events):
Event: 1.238 GC heap before
{Heap before GC invocations=1 (full 0):
 PSYoungGen      total 29696K, used 25600K [0x00000000d5580000, 0x00000000d7680000, 0x0000000100000000)
  eden space 25600K, 100% used [0x00000000d5580000,0x00000000d6e80000,0x00000000d6e80000)
  from space 4096K, 0% used [0x00000000d7280000,0x00000000d7280000,0x00000000d7680000)
  to   space 4096K, 0% used [0x00000000d6e80000,0x00000000d6e80000,0x00000000d7280000)
 ParOldGen       total 68608K, used 0K [0x0000000080000000, 0x0000000084300000, 0x00000000d5580000)
  object space 68608K, 0% used [0x0000000080000000,0x0000000080000000,0x0000000084300000)
 Metaspace       used 4378K, committed 4608K, reserved 1114112K
  class space    used 475K, committed 576K, reserved 1048576K
}
Event: 1.244 GC heap after
{Heap after GC invocations=1 (full 0):
 PSYoungGen      total 29696K, used 3287K [0x00000000d5580000, 0x00000000d7680000, 0x0000000100000000)
  eden space 25600K, 0% used [0x00000000d5580000,0x00000000d5580000,0x00000000d6e80000)
  from space 4096K, 80% used [0x00000000d6e80000,0x00000000d71b5e88,0x00000000d7280000)
  to   space 4096K, 0% used [0x00000000d7280000,0x00000000d7280000,0x00000000d7680000)
 ParOldGen       total 68608K, used 16K [0x0000000080000000, 0x0000000084300000, 0x00000000d5580000)
  object space 68608K, 0% used [0x0000000080000000,0x0000000080004000,0x0000000084300000)
 Metaspace       used 4378K, committed 4608K, reserved 1114112K
  class space    used 475K, committed 576K, reserved 1048576K
}

Dll operation events (8 events):
Event: 0.023 Loaded shared library c:\Users\aniln\.vscode\extensions\redhat.java-1.55.0-win32-x64\jre\21.0.11-win32-x86_64\bin\java.dll
Event: 0.148 Loaded shared library c:\Users\aniln\.vscode\extensions\redhat.java-1.55.0-win32-x64\jre\21.0.11-win32-x86_64\bin\zip.dll
Event: 0.176 Loaded shared library C:\Users\aniln\.vscode\extensions\redhat.java-1.55.0-win32-x64\jre\21.0.11-win32-x86_64\bin\instrument.dll
Event: 0.182 Loaded shared library C:\Users\aniln\.vscode\extensions\redhat.java-1.55.0-win32-x64\jre\21.0.11-win32-x86_64\bin\net.dll
Event: 0.185 Loaded shared library C:\Users\aniln\.vscode\extensions\redhat.java-1.55.0-win32-x64\jre\21.0.11-win32-x86_64\bin\nio.dll
Event: 0.190 Loaded shared library C:\Users\aniln\.vscode\extensions\redhat.java-1.55.0-win32-x64\jre\21.0.11-win32-x86_64\bin\zip.dll
Event: 0.219 Loaded shared library C:\Users\aniln\.vscode\extensions\redhat.java-1.55.0-win32-x64\jre\21.0.11-win32-x86_64\bin\jimage.dll
Event: 0.358 Loaded shared library c:\Users\aniln\.vscode\extensions\redhat.java-1.55.0-win32-x64\jre\21.0.11-win32-x86_64\bin\verify.dll

Deoptimization events (20 events):
Event: 6.196 Thread 0x0000021a8c15d420 DEOPT PACKING pc=0x0000021a8f42eb3c sp=0x000000c69a2f8930
Event: 6.196 Thread 0x0000021a8c15d420 DEOPT UNPACKING pc=0x0000021a968e78e2 sp=0x000000c69a2f7e50 mode 0
Event: 6.208 Thread 0x0000021a8c15d420 DEOPT PACKING pc=0x0000021a8f470e8b sp=0x000000c69a2fc5f0
Event: 6.208 Thread 0x0000021a8c15d420 DEOPT UNPACKING pc=0x0000021a968e78e2 sp=0x000000c69a2fba68 mode 0
Event: 6.209 Thread 0x0000021a8c15d420 DEOPT PACKING pc=0x0000021a8f4e0608 sp=0x000000c69a2fc1f0
Event: 6.209 Thread 0x0000021a8c15d420 DEOPT UNPACKING pc=0x0000021a968e78e2 sp=0x000000c69a2fb670 mode 0
Event: 6.209 Thread 0x0000021a8c15d420 DEOPT PACKING pc=0x0000021a8f45bb06 sp=0x000000c69a2fc0b0
Event: 6.209 Thread 0x0000021a8c15d420 DEOPT UNPACKING pc=0x0000021a968e78e2 sp=0x000000c69a2fb530 mode 0
Event: 6.212 Thread 0x0000021a8c15d420 DEOPT PACKING pc=0x0000021a8f4e0608 sp=0x000000c69a2fc500
Event: 6.212 Thread 0x0000021a8c15d420 DEOPT UNPACKING pc=0x0000021a968e78e2 sp=0x000000c69a2fb980 mode 0
Event: 6.215 Thread 0x0000021a8c15d420 DEOPT PACKING pc=0x0000021a8f45bb06 sp=0x000000c69a2fc300
Event: 6.215 Thread 0x0000021a8c15d420 DEOPT UNPACKING pc=0x0000021a968e78e2 sp=0x000000c69a2fb780 mode 0
Event: 6.215 Thread 0x0000021a8c15d420 DEOPT PACKING pc=0x0000021a8f4e0608 sp=0x000000c69a2fc450
Event: 6.215 Thread 0x0000021a8c15d420 DEOPT UNPACKING pc=0x0000021a968e78e2 sp=0x000000c69a2fb8d0 mode 0
Event: 6.217 Thread 0x0000021a8c15d420 DEOPT PACKING pc=0x0000021a8f4e0608 sp=0x000000c69a2fc750
Event: 6.217 Thread 0x0000021a8c15d420 DEOPT UNPACKING pc=0x0000021a968e78e2 sp=0x000000c69a2fbbd0 mode 0
Event: 6.305 Thread 0x0000021a8c15d420 DEOPT PACKING pc=0x0000021a8f41ccb9 sp=0x000000c69a2fe6c0
Event: 6.306 Thread 0x0000021a8c15d420 DEOPT UNPACKING pc=0x0000021a968e78e2 sp=0x000000c69a2fdbc0 mode 0
Event: 6.313 Thread 0x0000021a8c15d420 DEOPT PACKING pc=0x0000021a8f41ccb9 sp=0x000000c69a2fe6d0
Event: 8.328 Thread 0x0000021a8c15d420 DEOPT UNPACKING pc=0x0000021a968e78e2 sp=0x000000c69a2fdbd0 mode 0

Classes loaded (20 events):
Event: 6.203 Loading class java/security/KeyStoreException
Event: 6.203 Loading class java/security/KeyStoreException done
Event: 6.248 Loading class java/util/LinkedList$Node
Event: 6.248 Loading class java/util/LinkedList$Node done
Event: 6.248 Loading class java/util/LinkedList$ListItr
Event: 6.248 Loading class java/util/LinkedList$ListItr done
Event: 6.249 Loading class java/lang/Thread$Builder$OfPlatform
Event: 6.250 Loading class java/lang/Thread$Builder
Event: 6.250 Loading class java/lang/Thread$Builder done
Event: 6.250 Loading class java/lang/Thread$Builder$OfPlatform done
Event: 6.250 Loading class java/lang/Thread$Builder$OfVirtual
Event: 6.250 Loading class java/lang/Thread$Builder$OfVirtual done
Event: 6.265 Loading class sun/nio/fs/WindowsChannelFactory
Event: 6.265 Loading class sun/nio/fs/WindowsChannelFactory done
Event: 6.265 Loading class sun/nio/fs/WindowsChannelFactory$1
Event: 6.265 Loading class sun/nio/fs/WindowsChannelFactory$1 done
Event: 6.265 Loading class sun/nio/fs/WindowsChannelFactory$Flags
Event: 6.265 Loading class sun/nio/fs/WindowsChannelFactory$Flags done
Event: 6.266 Loading class sun/nio/ch/FileChannelImpl$Closer
Event: 6.266 Loading class sun/nio/ch/FileChannelImpl$Closer done

Classes unloaded (0 events):
No events

Classes redefined (0 events):
No events

Internal exceptions (20 events):
Event: 0.884 Thread 0x0000021a8c15d420 Exception <a 'java/lang/NoSuchMethodError'{0x00000000d6574338}: 'int java.lang.invoke.DirectMethodHandle$Holder.invokeStatic(java.lang.Object, java.lang.Object, java.lang.Object, java.lang.Object, java.lang.Object)'> (0x00000000d6574338) 
thrown [s\src\hotspot\share\interpreter\linkResolver.cpp, line 773]
Event: 0.914 Thread 0x0000021a8c15d420 Exception <a 'java/lang/NoSuchMethodError'{0x00000000d6609cd0}: 'java.lang.Object java.lang.invoke.DirectMethodHandle$Holder.invokeInterface(java.lang.Object, java.lang.Object, int)'> (0x00000000d6609cd0) 
thrown [s\src\hotspot\share\interpreter\linkResolver.cpp, line 773]
Event: 1.165 Thread 0x0000021a8c15d420 Exception <a 'java/lang/NoSuchMethodError'{0x00000000d6a71f10}: 'java.lang.ClassLoader java.lang.ClassLoader.getPlatformClassLoader(java.lang.Class)'> (0x00000000d6a71f10) 
thrown [s\src\hotspot\share\interpreter\linkResolver.cpp, line 773]
Event: 1.247 Thread 0x0000021a8c15d420 Exception <a 'java/lang/ClassNotFoundException'{0x00000000d558ddd8}: sun/net/www/protocol/c/Handler> (0x00000000d558ddd8) 
thrown [s\src\hotspot\share\classfile\systemDictionary.cpp, line 313]
Event: 1.248 Thread 0x0000021a8c15d420 Exception <a 'java/lang/ClassNotFoundException'{0x00000000d558f1f0}: sun/net/www/protocol/c/Handler> (0x00000000d558f1f0) 
thrown [s\src\hotspot\share\classfile\systemDictionary.cpp, line 313]
Event: 1.248 Thread 0x0000021a8c15d420 Exception <a 'java/lang/ClassNotFoundException'{0x00000000d55904a0}: sun/net/www/protocol/c/Handler> (0x00000000d55904a0) 
thrown [s\src\hotspot\share\classfile\systemDictionary.cpp, line 313]
Event: 1.257 Thread 0x0000021a8c15d420 Exception <a 'java/io/FileNotFoundException'{0x00000000d55b9898}> (0x00000000d55b9898) 
thrown [s\src\hotspot\share\prims\jni.cpp, line 520]
Event: 1.295 Thread 0x0000021a8c15d420 Implicit null exception at 0x0000021a96e8ad49 to 0x0000021a96e8b6e0
Event: 1.295 Thread 0x0000021a8c15d420 Implicit null exception at 0x0000021a96e92c9a to 0x0000021a96e92ea0
Event: 1.296 Thread 0x0000021a8c15d420 Exception <a 'java/lang/NoSuchMethodError'{0x00000000d56eb898}: 'void java.lang.invoke.DirectMethodHandle$Holder.invokeStatic(java.lang.Object, java.lang.Object, java.lang.Object, java.lang.Object)'> (0x00000000d56eb898) 
thrown [s\src\hotspot\share\interpreter\linkResolver.cpp, line 773]
Event: 1.297 Thread 0x0000021a8c15d420 Implicit null exception at 0x0000021a96e8cfbc to 0x0000021a96e8d248
Event: 2.740 Thread 0x0000021a8c15d420 Exception <a 'java/lang/NoSuchMethodError'{0x00000000d59d2490}: 'void java.lang.invoke.DirectMethodHandle$Holder.invokeSpecial(java.lang.Object, java.lang.Object, java.lang.Object)'> (0x00000000d59d2490) 
thrown [s\src\hotspot\share\interpreter\linkResolver.cpp, line 773]
Event: 6.040 Thread 0x0000021a8c15d420 Exception <a 'java/lang/NoSuchMethodError'{0x00000000d6425448}: 'int java.lang.invoke.DirectMethodHandle$Holder.invokeVirtual(java.lang.Object, java.lang.Object)'> (0x00000000d6425448) 
thrown [s\src\hotspot\share\interpreter\linkResolver.cpp, line 773]
Event: 6.081 Thread 0x0000021a8c15d420 Exception <a 'java/lang/NoSuchMethodError'{0x00000000d659ccf8}: 'int java.lang.invoke.DirectMethodHandle$Holder.invokeStaticInit(java.lang.Object, java.lang.Object, java.lang.Object, java.lang.Object)'> (0x00000000d659ccf8) 
thrown [s\src\hotspot\share\interpreter\linkResolver.cpp, line 773]
Event: 6.083 Thread 0x0000021a8c15d420 Exception <a 'java/lang/IncompatibleClassChangeError'{0x00000000d65a53e0}: Found class java.lang.Object, but interface was expected> (0x00000000d65a53e0) 
thrown [s\src\hotspot\share\interpreter\linkResolver.cpp, line 840]
Event: 6.083 Thread 0x0000021a8c15d420 Exception <a 'java/lang/NoSuchMethodError'{0x00000000d65ab990}: 'void java.lang.invoke.DirectMethodHandle$Holder.invokeStaticInit(java.lang.Object, java.lang.Object)'> (0x00000000d65ab990) 
thrown [s\src\hotspot\share\interpreter\linkResolver.cpp, line 773]
Event: 6.084 Thread 0x0000021a8c15d420 Exception <a 'java/lang/NoSuchMethodError'{0x00000000d65b4b88}: 'int java.lang.invoke.DirectMethodHandle$Holder.invokeStaticInit(java.lang.Object, java.lang.Object)'> (0x00000000d65b4b88) 
thrown [s\src\hotspot\share\interpreter\linkResolver.cpp, line 773]
Event: 6.135 Thread 0x0000021a8c15d420 Exception <a 'java/lang/NoSuchMethodError'{0x00000000d6800b68}: 'java.lang.Object java.lang.invoke.DirectMethodHandle$Holder.newInvokeSpecial(java.lang.Object, int, java.lang.Object)'> (0x00000000d6800b68) 
thrown [s\src\hotspot\share\interpreter\linkResolver.cpp, line 773]
Event: 6.179 Thread 0x0000021a8c15d420 Exception <a 'java/lang/ClassNotFoundException'{0x00000000d6a21660}: sun/net/www/protocol/plurl/Handler> (0x00000000d6a21660) 
thrown [s\src\hotspot\share\classfile\systemDictionary.cpp, line 313]
Event: 6.179 Thread 0x0000021a8c15d420 Exception <a 'java/lang/ClassNotFoundException'{0x00000000d6a224e0}: sun/net/www/protocol/plurl/Handler> (0x00000000d6a224e0) 
thrown [s\src\hotspot\share\classfile\systemDictionary.cpp, line 313]

ZGC Phase Switch (0 events):
No events

VM Operations (20 events):
Event: 1.216 Executing safepoint VM operation: ICBufferFull done
Event: 1.221 Executing non-safepoint VM operation: HandshakeAllThreads (Deoptimize)
Event: 1.221 Executing non-safepoint VM operation: HandshakeAllThreads (Deoptimize) done
Event: 1.238 Executing safepoint VM operation: ParallelGCFailedAllocation (Allocation Failure)
Event: 1.244 Executing safepoint VM operation: ParallelGCFailedAllocation (Allocation Failure) done
Event: 2.256 Executing safepoint VM operation: Cleanup
Event: 2.256 Executing safepoint VM operation: Cleanup done
Event: 3.259 Executing safepoint VM operation: Cleanup
Event: 3.815 Executing safepoint VM operation: Cleanup done
Event: 5.836 Executing safepoint VM operation: Cleanup
Event: 5.882 Executing safepoint VM operation: Cleanup done
Event: 6.115 Executing non-safepoint VM operation: HandshakeAllThreads (Deoptimize)
Event: 6.115 Executing non-safepoint VM operation: HandshakeAllThreads (Deoptimize) done
Event: 6.125 Executing non-safepoint VM operation: HandshakeAllThreads (Deoptimize)
Event: 6.125 Executing non-safepoint VM operation: HandshakeAllThreads (Deoptimize) done
Event: 6.162 Executing non-safepoint VM operation: HandshakeAllThreads (Deoptimize)
Event: 6.162 Executing non-safepoint VM operation: HandshakeAllThreads (Deoptimize) done
Event: 6.174 Executing non-safepoint VM operation: HandshakeAllThreads (Deoptimize)
Event: 6.174 Executing non-safepoint VM operation: HandshakeAllThreads (Deoptimize) done
Event: 7.182 Executing safepoint VM operation: Cleanup

Memory protections (0 events):
No events

Nmethod flushes (0 events):
No events

Events (16 events):
Event: 0.051 Thread 0x0000021a8c15d420 Thread added: 0x0000021a8c15d420
Event: 0.074 Thread 0x0000021a8c15d420 Thread added: 0x0000021a8c218cd0
Event: 0.075 Thread 0x0000021a8c15d420 Thread added: 0x0000021a8c21c650
Event: 0.075 Thread 0x0000021a8c15d420 Thread added: 0x0000021a8c0d4ec0
Event: 0.075 Thread 0x0000021a8c15d420 Thread added: 0x0000021a8c0d7930
Event: 0.076 Thread 0x0000021a8c15d420 Thread added: 0x0000021a8c0d8390
Event: 0.076 Thread 0x0000021a8c15d420 Thread added: 0x0000021a8c0de400
Event: 0.076 Thread 0x0000021a8c15d420 Thread added: 0x0000021a8c0e1250
Event: 0.077 Thread 0x0000021a8c15d420 Thread added: 0x0000021a8c105380
Event: 0.161 Thread 0x0000021a8c105380 Thread added: 0x0000021ae55ed8f0
Event: 0.178 Thread 0x0000021a8c15d420 Thread added: 0x0000021ae566af50
Event: 0.547 Thread 0x0000021a8c15d420 Thread added: 0x0000021ae576d3d0
Event: 2.393 Thread 0x0000021ae55ed8f0 Thread exited: 0x0000021ae55ed8f0
Event: 2.738 Thread 0x0000021a8c105380 Thread added: 0x0000021aea2415c0
Event: 4.856 Thread 0x0000021a8c105380 Thread added: 0x0000021aea466490
Event: 6.096 Thread 0x0000021a8c15d420 Thread added: 0x0000021aea2a4100


Dynamic libraries:
0x00007ff6418e0000 - 0x00007ff6418ee000 	c:\Users\aniln\.vscode\extensions\redhat.java-1.55.0-win32-x64\jre\21.0.11-win32-x86_64\bin\java.exe
0x00007ffdfda80000 - 0x00007ffdfdce6000 	C:\WINDOWS\SYSTEM32\ntdll.dll
0x00007ffdfc940000 - 0x00007ffdfca09000 	C:\WINDOWS\System32\KERNEL32.DLL
0x00007ffdfb150000 - 0x00007ffdfb54a000 	C:\WINDOWS\System32\KERNELBASE.dll
0x00007ffdfb550000 - 0x00007ffdfb69c000 	C:\WINDOWS\System32\ucrtbase.dll
0x00007ffde7ba0000 - 0x00007ffde7bb8000 	c:\Users\aniln\.vscode\extensions\redhat.java-1.55.0-win32-x64\jre\21.0.11-win32-x86_64\bin\jli.dll
0x00007ffde7bc0000 - 0x00007ffde7bde000 	c:\Users\aniln\.vscode\extensions\redhat.java-1.55.0-win32-x64\jre\21.0.11-win32-x86_64\bin\VCRUNTIME140.dll
0x00007ffdfc770000 - 0x00007ffdfc937000 	C:\WINDOWS\System32\USER32.dll
0x00007ffde5d40000 - 0x00007ffde5fd2000 	C:\WINDOWS\WinSxS\amd64_microsoft.windows.common-controls_6595b64144ccf1df_6.0.26100.8521_none_3e08b75ce33403b3\COMCTL32.dll
0x00007ffdfbc80000 - 0x00007ffdfbd29000 	C:\WINDOWS\System32\msvcrt.dll
0x00007ffdfadc0000 - 0x00007ffdfade7000 	C:\WINDOWS\System32\win32u.dll
0x00007ffdfcac0000 - 0x00007ffdfcaeb000 	C:\WINDOWS\System32\GDI32.dll
0x00007ffdfadf0000 - 0x00007ffdfaf1b000 	C:\WINDOWS\System32\gdi32full.dll
0x00007ffdfb0a0000 - 0x00007ffdfb143000 	C:\WINDOWS\System32\msvcp_win.dll
0x00007ffdfccb0000 - 0x00007ffdfcce2000 	C:\WINDOWS\System32\IMM32.DLL
0x00007ffdf1e40000 - 0x00007ffdf1e4c000 	c:\Users\aniln\.vscode\extensions\redhat.java-1.55.0-win32-x64\jre\21.0.11-win32-x86_64\bin\vcruntime140_1.dll
0x00007ffdae460000 - 0x00007ffdae4ed000 	c:\Users\aniln\.vscode\extensions\redhat.java-1.55.0-win32-x64\jre\21.0.11-win32-x86_64\bin\msvcp140.dll
0x00007ffd5c8d0000 - 0x00007ffd5d672000 	c:\Users\aniln\.vscode\extensions\redhat.java-1.55.0-win32-x64\jre\21.0.11-win32-x86_64\bin\server\jvm.dll
0x00007ffdfcb60000 - 0x00007ffdfcc16000 	C:\WINDOWS\System32\ADVAPI32.dll
0x00007ffdfca10000 - 0x00007ffdfcaba000 	C:\WINDOWS\System32\sechost.dll
0x00007ffdfd920000 - 0x00007ffdfda38000 	C:\WINDOWS\System32\RPCRT4.dll
0x00007ffdfcc20000 - 0x00007ffdfcca0000 	C:\WINDOWS\System32\WS2_32.dll
0x00007ffdfab90000 - 0x00007ffdfabee000 	C:\WINDOWS\SYSTEM32\POWRPROF.dll
0x00007ffdf8650000 - 0x00007ffdf8686000 	C:\WINDOWS\SYSTEM32\WINMM.dll
0x00007ffdf3680000 - 0x00007ffdf368b000 	C:\WINDOWS\SYSTEM32\VERSION.dll
0x00007ffdfab70000 - 0x00007ffdfab84000 	C:\WINDOWS\SYSTEM32\UMPDC.dll
0x00007ffdf9a80000 - 0x00007ffdf9a9b000 	C:\WINDOWS\SYSTEM32\kernel.appcore.dll
0x00007ffdea6f0000 - 0x00007ffdea6fa000 	c:\Users\aniln\.vscode\extensions\redhat.java-1.55.0-win32-x64\jre\21.0.11-win32-x86_64\bin\jimage.dll
0x00007ffdf81e0000 - 0x00007ffdf8422000 	C:\WINDOWS\SYSTEM32\DBGHELP.DLL
0x00007ffdfc2b0000 - 0x00007ffdfc633000 	C:\WINDOWS\System32\combase.dll
0x00007ffdfbe10000 - 0x00007ffdfbee9000 	C:\WINDOWS\System32\OLEAUT32.dll
0x00007ffdf8610000 - 0x00007ffdf864b000 	C:\WINDOWS\SYSTEM32\dbgcore.DLL
0x00007ffdfad10000 - 0x00007ffdfadb8000 	C:\WINDOWS\System32\bcryptPrimitives.dll
0x00007ffdea600000 - 0x00007ffdea60f000 	c:\Users\aniln\.vscode\extensions\redhat.java-1.55.0-win32-x64\jre\21.0.11-win32-x86_64\bin\instrument.dll
0x00007ffde4770000 - 0x00007ffde4790000 	c:\Users\aniln\.vscode\extensions\redhat.java-1.55.0-win32-x64\jre\21.0.11-win32-x86_64\bin\java.dll
0x00007ffdfcfa0000 - 0x00007ffdfd724000 	C:\WINDOWS\System32\SHELL32.dll
0x00007ffdf8890000 - 0x00007ffdf9110000 	C:\WINDOWS\SYSTEM32\windows.storage.dll
0x00007ffdfccf0000 - 0x00007ffdfcde6000 	C:\WINDOWS\System32\SHCORE.dll
0x00007ffdfcaf0000 - 0x00007ffdfcb57000 	C:\WINDOWS\System32\shlwapi.dll
0x00007ffdfac30000 - 0x00007ffdfac59000 	C:\WINDOWS\SYSTEM32\profapi.dll
0x00007ffdde820000 - 0x00007ffdde838000 	c:\Users\aniln\.vscode\extensions\redhat.java-1.55.0-win32-x64\jre\21.0.11-win32-x86_64\bin\zip.dll
0x00007ffdea450000 - 0x00007ffdea460000 	C:\Users\aniln\.vscode\extensions\redhat.java-1.55.0-win32-x64\jre\21.0.11-win32-x86_64\bin\net.dll
0x00007ffdf38f0000 - 0x00007ffdf3a19000 	C:\WINDOWS\SYSTEM32\WINHTTP.dll
0x00007ffdfa010000 - 0x00007ffdfa07c000 	C:\WINDOWS\system32\mswsock.dll
0x00007ffdd0b70000 - 0x00007ffdd0b86000 	C:\Users\aniln\.vscode\extensions\redhat.java-1.55.0-win32-x64\jre\21.0.11-win32-x86_64\bin\nio.dll
0x00007ffdf3180000 - 0x00007ffdf3190000 	c:\Users\aniln\.vscode\extensions\redhat.java-1.55.0-win32-x64\jre\21.0.11-win32-x86_64\bin\verify.dll

JVMTI agents:
c:\Users\aniln\.vscode\extensions\redhat.java-1.55.0-win32-x64\lombok\lombok-1.18.39-4050.jar path:c:\Users\aniln\.vscode\extensions\redhat.java-1.55.0-win32-x64\jre\21.0.11-win32-x86_64\bin\instrument.dll, loaded, initialized, instrumentlib options:none

dbghelp: loaded successfully - version: 4.0.5 - missing functions: none
symbol engine: initialized successfully - sym options: 0x614 - pdb path: .;c:\Users\aniln\.vscode\extensions\redhat.java-1.55.0-win32-x64\jre\21.0.11-win32-x86_64\bin;C:\WINDOWS\SYSTEM32;C:\WINDOWS\WinSxS\amd64_microsoft.windows.common-controls_6595b64144ccf1df_6.0.26100.8521_none_3e08b75ce33403b3;c:\Users\aniln\.vscode\extensions\redhat.java-1.55.0-win32-x64\jre\21.0.11-win32-x86_64\bin\server

VM Arguments:
jvm_args: --add-modules=ALL-SYSTEM --add-opens=java.base/java.util=ALL-UNNAMED --add-opens=java.base/java.lang=ALL-UNNAMED --add-opens=java.base/sun.nio.fs=ALL-UNNAMED -Declipse.application=org.eclipse.jdt.ls.core.id1 -Dosgi.bundles.defaultStartLevel=4 -Declipse.product=org.eclipse.jdt.ls.core.product -Djava.import.generatesMetadataFilesAtProjectRoot=false -DDetectVMInstallationsJob.disabled=true -Dfile.encoding=utf8 -XX:+UseParallelGC -XX:GCTimeRatio=4 -XX:AdaptiveSizePolicyWeight=90 -Dsun.zip.disableMemoryMapping=true -Xmx2G -Xms100m -Xlog:disable -javaagent:c:\Users\aniln\.vscode\extensions\redhat.java-1.55.0-win32-x64\lombok\lombok-1.18.39-4050.jar -XX:+HeapDumpOnOutOfMemoryError -XX:HeapDumpPath=c:\Users\aniln\AppData\Roaming\Code\User\workspaceStorage\7954bd387919e1a047c35d73d9d45c86\redhat.java -Daether.dependencyCollector.impl=bf 
java_command: c:\Users\aniln\.vscode\extensions\redhat.java-1.55.0-win32-x64\server\plugins\org.eclipse.equinox.launcher_1.7.200.v20260619-2039.jar -configuration c:\Users\aniln\AppData\Roaming\Code\User\globalStorage\redhat.java\1.55.0\config_win -data c:\Users\aniln\AppData\Roaming\Code\User\workspaceStorage\7954bd387919e1a047c35d73d9d45c86\redhat.java\jdt_ws --pipe=\\.\pipe\lsp-691902774d2f891d1a2750f841c2528e-sock
java_class_path (initial): c:\Users\aniln\.vscode\extensions\redhat.java-1.55.0-win32-x64\server\plugins\org.eclipse.equinox.launcher_1.7.200.v20260619-2039.jar
Launcher Type: SUN_STANDARD

[Global flags]
    uintx AdaptiveSizePolicyWeight                 = 90                                        {product} {command line}
     intx CICompilerCount                          = 4                                         {product} {ergonomic}
    uintx GCTimeRatio                              = 4                                         {product} {command line}
     bool HeapDumpOnOutOfMemoryError               = true                                   {manageable} {command line}
    ccstr HeapDumpPath                             = c:\Users\aniln\AppData\Roaming\Code\User\workspaceStorage\7954bd387919e1a047c35d73d9d45c86\redhat.java         {manageable} {command line}
   size_t InitialHeapSize                          = 104857600                                 {product} {command line}
   size_t MaxHeapSize                              = 2147483648                                {product} {command line}
   size_t MaxNewSize                               = 715653120                                 {product} {ergonomic}
   size_t MinHeapDeltaBytes                        = 524288                                    {product} {ergonomic}
   size_t MinHeapSize                              = 104857600                                 {product} {command line}
   size_t NewSize                                  = 34603008                                  {product} {ergonomic}
    uintx NonNMethodCodeHeapSize                   = 5839372                                {pd product} {ergonomic}
    uintx NonProfiledCodeHeapSize                  = 122909434                              {pd product} {ergonomic}
   size_t OldSize                                  = 70254592                                  {product} {ergonomic}
    uintx ProfiledCodeHeapSize                     = 122909434                              {pd product} {ergonomic}
    uintx ReservedCodeCacheSize                    = 251658240                              {pd product} {ergonomic}
     bool SegmentedCodeCache                       = true                                      {product} {ergonomic}
   size_t SoftMaxHeapSize                          = 2147483648                             {manageable} {ergonomic}
     bool UseCompressedOops                        = true                           {product lp64_product} {ergonomic}
     bool UseLargePagesIndividualAllocation        = false                                  {pd product} {ergonomic}
     bool UseParallelGC                            = true                                      {product} {command line}

Logging:
Log output configuration:
 #0: stdout all=off uptime,level,tags foldmultilines=false
 #1: stderr all=off uptime,level,tags foldmultilines=false

Release file:
JAVA_VERSION="21.0.11" 
MODULES="java.base java.compiler java.datatransfer java.xml java.prefs java.desktop java.instrument java.logging java.management java.security.sasl java.naming java.rmi java.management.rmi java.net.http java.scripting java.security.jgss java.transaction.xa java.sql java.sql.rowset java.xml.crypto java.se java.smartcardio jdk.accessibility jdk.internal.jvmstat jdk.attach jdk.charsets jdk.internal.opt jdk.zipfs jdk.compiler jdk.crypto.ec jdk.crypto.cryptoki jdk.crypto.mscapi jdk.dynalink jdk.internal.ed jdk.editpad jdk.hotspot.agent jdk.httpserver jdk.internal.le jdk.internal.vm.ci jdk.internal.vm.compiler jdk.internal.vm.compiler.management jdk.jartool jdk.javadoc jdk.jcmd jdk.management jdk.management.agent jdk.jconsole jdk.jdeps jdk.jdwp.agent jdk.jdi jdk.jfr jdk.jshell jdk.jsobject jdk.jstatd jdk.localedata jdk.management.jfr jdk.naming.dns jdk.naming.rmi jdk.net jdk.nio.mapmode jdk.random jdk.sctp jdk.security.auth jdk.security.jgss jdk.unsupported jdk.unsupported.desktop jdk.xml.dom" 

Environment Variables:
JAVA_HOME=C:\Program Files\Java\jdk-17
PATH=C:\Users\aniln\AppData\Local\Programs\Python\Python313;C:\Users\aniln\AppData\Local\Programs\Python\Python313\Scripts;C:\Python24\;C:\Python24\Scripts;C:\Program Files (x86)\Rockwell Software\RSCommon\;C:\Program Files\Common Files\Oracle\Java\javapath;C:\node 16\node-v16.20.2-win-x64\node-v16.20.2-win-x64\node_modules\npm;C:\Windows\system32;C:\Windows;C:\Windows\System32\Wbem;C:\Windows\System32\WindowsPowerShell\v1.0\;C:\Windows\System32\OpenSSH\;C:\Program Files\dotnet\;C:\Program Files\Git\cmd;C:\Program Files\apache-maven-3.9.4\bin;C:\Program Files\Java\jdk1.8.0_202\bin;C:\Users\aniln\Downloads\jdk-17_windows-x64_bin\jdk-17.0.8\bin;C:\Program Files\Azure Data Studio\bin;C:\Program Files (x86)\Microsoft SQL Server\160\Tools\Binn\;C:\Program Files\Microsoft SQL Server\160\Tools\Binn\;C:\Program Files\Microsoft SQL Server\Client SDK\ODBC\170\Tools\Binn\;C:\Program Files\Microsoft SQL Server\160\DTS\Binn\;C:\Program Files (x86)\Common Files\Rockwell\;C:\Program Files (x86)\Rockwell Software\RSCommon;C:\Program Files (x86)\Common Files\Rockwell;C:\Program Files (x86)\Rockwell Software\RSView Enterprise\;C:\Program Files\Java\jdk-17\bin;C:\Users\aniln\AppData\Roaming\nvm;C:\Program Files\nodejs;C:\Program Files\MySQL\MySQL Server 8.0\bin;C:\Users\aniln\Documents\dumps;C:\Gradle\gradle-7.3\bin;C:\Program Files (x86)\Rockwell Automation\Common\Components;C:\Program Files\Siemens\Automation\UserManagement\BIN;C:\WINDOWS\system32;C:\WINDOWS;C:\WINDOWS\System32\Wbem;C:\WINDOWS\System32\WindowsPowerShell\v1.0\;C:\WINDOWS\System32\OpenSSH\;C:\terraform\terraform_1.12.2_windows_386;C:\Program Files\Microsoft SQL Server\Client SDK\ODBC\180\Tools\Binn\;C:\Program Files (x86)\Microsoft SQL Server\170\Tools\Binn\;C:\Program Files\Microsoft SQL Server\170\Tools\Binn\;C:\Program Files\Microsoft SQL Server\170\DTS\Binn\;C:\Users\aniln\AppData\Local\Microsoft\WindowsApps;C:\Program Files\JetBrains\IntelliJ IDEA Community Edition 2024.1.1\bin;C:\Users\aniln\AppData\Local\Programs\Microsoft VS Code\bin;C:\Program Files\JetBrains\IntelliJ IDEA 241.11761.10\bin;C:\Users\aniln\AppData\Roaming\npm;C:\Users\aniln\.dotnet\tools
USERNAME=anil
OS=Windows_NT
PROCESSOR_IDENTIFIER=Intel64 Family 6 Model 140 Stepping 1, GenuineIntel
TMP=C:\Users\aniln\AppData\Local\Temp
TEMP=C:\Users\aniln\AppData\Local\Temp




Periodic native trim disabled

---------------  S Y S T E M  ---------------

OS:
 Windows 11 , 64 bit Build 26100 (10.0.26100.8521)
OS uptime: 4 days 5:03 hours
Hyper-V role detected

CPU: total 8 (initial active 8) (4 cores per cpu, 2 threads per core) family 6 model 140 stepping 1 microcode 0xbe, cx8, cmov, fxsr, ht, mmx, 3dnowpref, sse, sse2, sse3, ssse3, sse4.1, sse4.2, popcnt, lzcnt, tsc, tscinvbit, avx, avx2, aes, erms, clmul, bmi1, bmi2, adx, avx512f, avx512dq, avx512cd, avx512bw, avx512vl, sha, fma, vzeroupper, avx512_vpopcntdq, avx512_vpclmulqdq, avx512_vaes, avx512_vnni, clflush, clflushopt, clwb, avx512_vbmi2, avx512_vbmi, hv, rdtscp, rdpid, fsrm, gfni, avx512_bitalg, f16c, cet_ibt, cet_ss, avx512_ifma
Processor Information for the first 8 processors :
  Max Mhz: 2419, Current Mhz: 2419, Mhz Limit: 2419

Memory: 4k page, system-wide physical 7926M (786M free)
TotalPageFile size 32502M (AvailPageFile size 537M)
current process WorkingSet (physical memory assigned to process): 97M, peak: 97M
current process commit charge ("private bytes"): 247M, peak: 247M

vm_info: OpenJDK 64-Bit Server VM (21.0.11+10-LTS) for windows-amd64 JRE (21.0.11+10-LTS), built on 2026-04-21T00:00:00Z by "admin" with MS VC++ 17.12 (VS2022)

END.
